src/actions/department/achievement.actions.ts(21,61): error TS2322: Type 'SupabaseClient<Database, "public", { Tables: { departments: { Row: { id: string; name: string; slug: string; short_name: string | null; established_year: number | null; vision: string | null; ... 8 more ...; updated_at: string; }; Insert: Omit<...>; Update: Partial<...>; }; department_settings: { ...; }; content_ite...' is not assignable to type 'SupabaseClient<Database, "public", "public", { Tables: { academic_sessions: { Row: { created_at: string; end_date: string; id: string; is_current: boolean; name: string; start_date: string; updated_at: string; }; Insert: { ...; }; Update: { ...; }; Relationships: []; }; ... 97 more ...; verification_requests: { ...;...'.
  Type 'Database' is missing the following properties from type 'Database': __InternalSupabase, graphql_public
src/actions/department/content.actions.ts(19,53): error TS2322: Type 'SupabaseClient<Database, "public", { Tables: { departments: { Row: { id: string; name: string; slug: string; short_name: string | null; established_year: number | null; vision: string | null; ... 8 more ...; updated_at: string; }; Insert: Omit<...>; Update: Partial<...>; }; department_settings: { ...; }; content_ite...' is not assignable to type 'SupabaseClient<Database, "public", "public", { Tables: { academic_sessions: { Row: { created_at: string; end_date: string; id: string; is_current: boolean; name: string; start_date: string; updated_at: string; }; Insert: { ...; }; Update: { ...; }; Relationships: []; }; ... 97 more ...; verification_requests: { ...;...'.
  Type 'Database' is missing the following properties from type 'Database': __InternalSupabase, graphql_public
src/actions/department/dashboard.actions.ts(20,48): error TS2322: Type 'SupabaseClient<Database, "public", { Tables: { departments: { Row: { id: string; name: string; slug: string; short_name: string | null; established_year: number | null; vision: string | null; ... 8 more ...; updated_at: string; }; Insert: Omit<...>; Update: Partial<...>; }; department_settings: { ...; }; content_ite...' is not assignable to type 'SupabaseClient<Database, "public", "public", { Tables: { academic_sessions: { Row: { created_at: string; end_date: string; id: string; is_current: boolean; name: string; start_date: string; updated_at: string; }; Insert: { ...; }; Update: { ...; }; Relationships: []; }; ... 97 more ...; verification_requests: { ...;...'.
  Type 'Database' is missing the following properties from type 'Database': __InternalSupabase, graphql_public
src/actions/department/dashboard.actions.ts(21,48): error TS2322: Type 'SupabaseClient<Database, "public", { Tables: { departments: { Row: { id: string; name: string; slug: string; short_name: string | null; established_year: number | null; vision: string | null; ... 8 more ...; updated_at: string; }; Insert: Omit<...>; Update: Partial<...>; }; department_settings: { ...; }; content_ite...' is not assignable to type 'SupabaseClient<Database, "public", "public", { Tables: { academic_sessions: { Row: { created_at: string; end_date: string; id: string; is_current: boolean; name: string; start_date: string; updated_at: string; }; Insert: { ...; }; Update: { ...; }; Relationships: []; }; ... 97 more ...; verification_requests: { ...;...'.
  Type 'Database' is missing the following properties from type 'Database': __InternalSupabase, graphql_public
src/actions/department/department.actions.ts(6,24): error TS2305: Module '"../../auth/guards/require-admin"' has no exported member 'requireDepartmentPermission'.
src/actions/department/department.actions.ts(15,59): error TS2322: Type 'SupabaseClient<Database, "public", { Tables: { departments: { Row: { id: string; name: string; slug: string; short_name: string | null; established_year: number | null; vision: string | null; ... 8 more ...; updated_at: string; }; Insert: Omit<...>; Update: Partial<...>; }; department_settings: { ...; }; content_ite...' is not assignable to type 'SupabaseClient<Database, "public", "public", { Tables: { academic_sessions: { Row: { created_at: string; end_date: string; id: string; is_current: boolean; name: string; start_date: string; updated_at: string; }; Insert: { ...; }; Update: { ...; }; Relationships: []; }; ... 97 more ...; verification_requests: { ...;...'.
  Type 'Database' is missing the following properties from type 'Database': __InternalSupabase, graphql_public
src/actions/department/department.actions.ts(26,45): error TS2322: Type 'SupabaseClient<Database, "public", { Tables: { departments: { Row: { id: string; name: string; slug: string; short_name: string | null; established_year: number | null; vision: string | null; ... 8 more ...; updated_at: string; }; Insert: Omit<...>; Update: Partial<...>; }; department_settings: { ...; }; content_ite...' is not assignable to type 'SupabaseClient<Database, "public", "public", { Tables: { academic_sessions: { Row: { created_at: string; end_date: string; id: string; is_current: boolean; name: string; start_date: string; updated_at: string; }; Insert: { ...; }; Update: { ...; }; Relationships: []; }; ... 97 more ...; verification_requests: { ...;...'.
  Type 'Database' is missing the following properties from type 'Database': __InternalSupabase, graphql_public
src/actions/department/faculty.actions.ts(19,53): error TS2322: Type 'SupabaseClient<Database, "public", { Tables: { departments: { Row: { id: string; name: string; slug: string; short_name: string | null; established_year: number | null; vision: string | null; ... 8 more ...; updated_at: string; }; Insert: Omit<...>; Update: Partial<...>; }; department_settings: { ...; }; content_ite...' is not assignable to type 'SupabaseClient<Database, "public", "public", { Tables: { academic_sessions: { Row: { created_at: string; end_date: string; id: string; is_current: boolean; name: string; start_date: string; updated_at: string; }; Insert: { ...; }; Update: { ...; }; Relationships: []; }; ... 97 more ...; verification_requests: { ...;...'.
  Type 'Database' is missing the following properties from type 'Database': __InternalSupabase, graphql_public
src/actions/department/gallery.actions.ts(19,53): error TS2322: Type 'SupabaseClient<Database, "public", { Tables: { departments: { Row: { id: string; name: string; slug: string; short_name: string | null; established_year: number | null; vision: string | null; ... 8 more ...; updated_at: string; }; Insert: Omit<...>; Update: Partial<...>; }; department_settings: { ...; }; content_ite...' is not assignable to type 'SupabaseClient<Database, "public", "public", { Tables: { academic_sessions: { Row: { created_at: string; end_date: string; id: string; is_current: boolean; name: string; start_date: string; updated_at: string; }; Insert: { ...; }; Update: { ...; }; Relationships: []; }; ... 97 more ...; verification_requests: { ...;...'.
  Type 'Database' is missing the following properties from type 'Database': __InternalSupabase, graphql_public
src/actions/department/program.actions.ts(20,53): error TS2322: Type 'SupabaseClient<Database, "public", { Tables: { departments: { Row: { id: string; name: string; slug: string; short_name: string | null; established_year: number | null; vision: string | null; ... 8 more ...; updated_at: string; }; Insert: Omit<...>; Update: Partial<...>; }; department_settings: { ...; }; content_ite...' is not assignable to type 'SupabaseClient<Database, "public", "public", { Tables: { academic_sessions: { Row: { created_at: string; end_date: string; id: string; is_current: boolean; name: string; start_date: string; updated_at: string; }; Insert: { ...; }; Update: { ...; }; Relationships: []; }; ... 97 more ...; verification_requests: { ...;...'.
  Type 'Database' is missing the following properties from type 'Database': __InternalSupabase, graphql_public
src/actions/department/student.actions.ts(12,53): error TS2322: Type 'SupabaseClient<Database, "public", { Tables: { departments: { Row: { id: string; name: string; slug: string; short_name: string | null; established_year: number | null; vision: string | null; ... 8 more ...; updated_at: string; }; Insert: Omit<...>; Update: Partial<...>; }; department_settings: { ...; }; content_ite...' is not assignable to type 'SupabaseClient<Database, "public", "public", { Tables: { academic_sessions: { Row: { created_at: string; end_date: string; id: string; is_current: boolean; name: string; start_date: string; updated_at: string; }; Insert: { ...; }; Update: { ...; }; Relationships: []; }; ... 97 more ...; verification_requests: { ...;...'.
  Type 'Database' is missing the following properties from type 'Database': __InternalSupabase, graphql_public
src/actions/student/account.actions.ts(16,47): error TS2554: Expected 0 arguments, but got 1.
src/actions/student/account.actions.ts(26,9): error TS2353: Object literal may only specify known properties, and 'updatedAt' does not exist in type 'never[]'.
src/actions/student/account.actions.ts(43,47): error TS2554: Expected 0 arguments, but got 1.
src/actions/student/account.actions.ts(53,29): error TS2322: Type 'null' is not assignable to type 'void'.
src/actions/student/account.actions.ts(63,47): error TS2554: Expected 0 arguments, but got 1.
src/actions/student/account.actions.ts(67,47): error TS2345: Argument of type 'SupabaseClient<Database, "public", { Tables: { departments: { Row: { id: string; name: string; slug: string; short_name: string | null; established_year: number | null; vision: string | null; ... 8 more ...; updated_at: string; }; Insert: Omit<...>; Update: Partial<...>; }; department_settings: { ...; }; content_ite...' is not assignable to parameter of type 'SupabaseClient<any, "public", "public", any, any>'.
  Type '{ Tables: { departments: { Row: { id: string; name: string; slug: string; short_name: string | null; established_year: number | null; vision: string | null; mission: string | null; academic_excellence: string | null; ... 6 more ...; updated_at: string; }; Insert: Omit<...>; Update: Partial<...>; }; department_settin...' is not assignable to type '"public"'.
src/actions/student/account.actions.ts(76,29): error TS2322: Type '{ profile: Profile; account: User; exportedAt: string; }' is not assignable to type 'void'.
src/actions/student/achievement.actions.ts(16,47): error TS2345: Argument of type 'SupabaseClient<Database, "public", { Tables: { departments: { Row: { id: string; name: string; slug: string; short_name: string | null; established_year: number | null; vision: string | null; ... 8 more ...; updated_at: string; }; Insert: Omit<...>; Update: Partial<...>; }; department_settings: { ...; }; content_ite...' is not assignable to parameter of type 'SupabaseClient<any, "public", "public", any, any>'.
  Type '{ Tables: { departments: { Row: { id: string; name: string; slug: string; short_name: string | null; established_year: number | null; vision: string | null; mission: string | null; academic_excellence: string | null; ... 6 more ...; updated_at: string; }; Insert: Omit<...>; Update: Partial<...>; }; department_settin...' is not assignable to type '"public"'.
src/actions/student/achievement.actions.ts(18,62): error TS2345: Argument of type 'SupabaseClient<Database, "public", { Tables: { departments: { Row: { id: string; name: string; slug: string; short_name: string | null; established_year: number | null; vision: string | null; ... 8 more ...; updated_at: string; }; Insert: Omit<...>; Update: Partial<...>; }; department_settings: { ...; }; content_ite...' is not assignable to parameter of type 'SupabaseClient<any, "public", "public", any, any>'.
  Type '{ Tables: { departments: { Row: { id: string; name: string; slug: string; short_name: string | null; established_year: number | null; vision: string | null; mission: string | null; academic_excellence: string | null; ... 6 more ...; updated_at: string; }; Insert: Omit<...>; Update: Partial<...>; }; department_settin...' is not assignable to type '"public"'.
src/actions/student/achievement.actions.ts(20,29): error TS2322: Type '{ achievement_date: string | null; category_id: string; certificate_media_id: string | null; created_at: string; created_by: string | null; deleted_at: string | null; description: string | null; ... 10 more ...; updated_at: string; }[]' is not assignable to type 'void'.
src/actions/student/achievement.actions.ts(32,47): error TS2345: Argument of type 'SupabaseClient<Database, "public", { Tables: { departments: { Row: { id: string; name: string; slug: string; short_name: string | null; established_year: number | null; vision: string | null; ... 8 more ...; updated_at: string; }; Insert: Omit<...>; Update: Partial<...>; }; department_settings: { ...; }; content_ite...' is not assignable to parameter of type 'SupabaseClient<any, "public", "public", any, any>'.
  Type '{ Tables: { departments: { Row: { id: string; name: string; slug: string; short_name: string | null; established_year: number | null; vision: string | null; mission: string | null; academic_excellence: string | null; ... 6 more ...; updated_at: string; }; Insert: Omit<...>; Update: Partial<...>; }; department_settin...' is not assignable to type '"public"'.
src/actions/student/achievement.actions.ts(34,62): error TS2345: Argument of type 'SupabaseClient<Database, "public", { Tables: { departments: { Row: { id: string; name: string; slug: string; short_name: string | null; established_year: number | null; vision: string | null; ... 8 more ...; updated_at: string; }; Insert: Omit<...>; Update: Partial<...>; }; department_settings: { ...; }; content_ite...' is not assignable to parameter of type 'SupabaseClient<any, "public", "public", any, any>'.
  Type '{ Tables: { departments: { Row: { id: string; name: string; slug: string; short_name: string | null; established_year: number | null; vision: string | null; mission: string | null; academic_excellence: string | null; ... 6 more ...; updated_at: string; }; Insert: Omit<...>; Update: Partial<...>; }; department_settin...' is not assignable to type '"public"'.
src/actions/student/achievement.actions.ts(38,29): error TS2322: Type '{ achievement_date: string | null; category_id: string; certificate_media_id: string | null; created_at: string; created_by: string | null; deleted_at: string | null; description: string | null; ... 10 more ...; updated_at: string; }' is not assignable to type 'void'.
src/actions/student/achievement.actions.ts(50,47): error TS2345: Argument of type 'SupabaseClient<Database, "public", { Tables: { departments: { Row: { id: string; name: string; slug: string; short_name: string | null; established_year: number | null; vision: string | null; ... 8 more ...; updated_at: string; }; Insert: Omit<...>; Update: Partial<...>; }; department_settings: { ...; }; content_ite...' is not assignable to parameter of type 'SupabaseClient<any, "public", "public", any, any>'.
  Type '{ Tables: { departments: { Row: { id: string; name: string; slug: string; short_name: string | null; established_year: number | null; vision: string | null; mission: string | null; academic_excellence: string | null; ... 6 more ...; updated_at: string; }; Insert: Omit<...>; Update: Partial<...>; }; department_settin...' is not assignable to type '"public"'.
src/actions/student/achievement.actions.ts(52,62): error TS2345: Argument of type 'SupabaseClient<Database, "public", { Tables: { departments: { Row: { id: string; name: string; slug: string; short_name: string | null; established_year: number | null; vision: string | null; ... 8 more ...; updated_at: string; }; Insert: Omit<...>; Update: Partial<...>; }; department_settings: { ...; }; content_ite...' is not assignable to parameter of type 'SupabaseClient<any, "public", "public", any, any>'.
  Type '{ Tables: { departments: { Row: { id: string; name: string; slug: string; short_name: string | null; established_year: number | null; vision: string | null; mission: string | null; academic_excellence: string | null; ... 6 more ...; updated_at: string; }; Insert: Omit<...>; Update: Partial<...>; }; department_settin...' is not assignable to type '"public"'.
src/actions/student/achievement.actions.ts(56,29): error TS2322: Type '{ achievement_date: string | null; category_id: string; certificate_media_id: string | null; created_at: string; created_by: string | null; deleted_at: string | null; description: string | null; ... 10 more ...; updated_at: string; }' is not assignable to type 'void'.
src/actions/student/achievement.actions.ts(66,47): error TS2345: Argument of type 'SupabaseClient<Database, "public", { Tables: { departments: { Row: { id: string; name: string; slug: string; short_name: string | null; established_year: number | null; vision: string | null; ... 8 more ...; updated_at: string; }; Insert: Omit<...>; Update: Partial<...>; }; department_settings: { ...; }; content_ite...' is not assignable to parameter of type 'SupabaseClient<any, "public", "public", any, any>'.
  Type '{ Tables: { departments: { Row: { id: string; name: string; slug: string; short_name: string | null; established_year: number | null; vision: string | null; mission: string | null; academic_excellence: string | null; ... 6 more ...; updated_at: string; }; Insert: Omit<...>; Update: Partial<...>; }; department_settin...' is not assignable to type '"public"'.
src/actions/student/achievement.actions.ts(68,62): error TS2345: Argument of type 'SupabaseClient<Database, "public", { Tables: { departments: { Row: { id: string; name: string; slug: string; short_name: string | null; established_year: number | null; vision: string | null; ... 8 more ...; updated_at: string; }; Insert: Omit<...>; Update: Partial<...>; }; department_settings: { ...; }; content_ite...' is not assignable to parameter of type 'SupabaseClient<any, "public", "public", any, any>'.
  Type '{ Tables: { departments: { Row: { id: string; name: string; slug: string; short_name: string | null; established_year: number | null; vision: string | null; mission: string | null; academic_excellence: string | null; ... 6 more ...; updated_at: string; }; Insert: Omit<...>; Update: Partial<...>; }; department_settin...' is not assignable to type '"public"'.
src/actions/student/achievement.actions.ts(72,29): error TS2322: Type 'null' is not assignable to type 'void'.
src/actions/student/education.actions.ts(16,47): error TS2345: Argument of type 'SupabaseClient<Database, "public", { Tables: { departments: { Row: { id: string; name: string; slug: string; short_name: string | null; established_year: number | null; vision: string | null; ... 8 more ...; updated_at: string; }; Insert: Omit<...>; Update: Partial<...>; }; department_settings: { ...; }; content_ite...' is not assignable to parameter of type 'SupabaseClient<any, "public", "public", any, any>'.
  Type '{ Tables: { departments: { Row: { id: string; name: string; slug: string; short_name: string | null; established_year: number | null; vision: string | null; mission: string | null; academic_excellence: string | null; ... 6 more ...; updated_at: string; }; Insert: Omit<...>; Update: Partial<...>; }; department_settin...' is not assignable to type '"public"'.
src/actions/student/education.actions.ts(18,51): error TS2345: Argument of type 'SupabaseClient<Database, "public", { Tables: { departments: { Row: { id: string; name: string; slug: string; short_name: string | null; established_year: number | null; vision: string | null; ... 8 more ...; updated_at: string; }; Insert: Omit<...>; Update: Partial<...>; }; department_settings: { ...; }; content_ite...' is not assignable to parameter of type 'SupabaseClient<any, "public", "public", any, any>'.
  Type '{ Tables: { departments: { Row: { id: string; name: string; slug: string; short_name: string | null; established_year: number | null; vision: string | null; mission: string | null; academic_excellence: string | null; ... 6 more ...; updated_at: string; }; Insert: Omit<...>; Update: Partial<...>; }; department_settin...' is not assignable to type '"public"'.
src/actions/student/education.actions.ts(20,29): error TS2322: Type '{ academic_status: "completed" | "studying" | "discontinued"; admission_date: string | null; batch_id: string; created_at: string; created_by: string | null; deleted_at: string | null; ... 9 more ...; updated_by: string | null; }[]' is not assignable to type 'void'.
src/actions/student/education.actions.ts(32,47): error TS2345: Argument of type 'SupabaseClient<Database, "public", { Tables: { departments: { Row: { id: string; name: string; slug: string; short_name: string | null; established_year: number | null; vision: string | null; ... 8 more ...; updated_at: string; }; Insert: Omit<...>; Update: Partial<...>; }; department_settings: { ...; }; content_ite...' is not assignable to parameter of type 'SupabaseClient<any, "public", "public", any, any>'.
  Type '{ Tables: { departments: { Row: { id: string; name: string; slug: string; short_name: string | null; established_year: number | null; vision: string | null; mission: string | null; academic_excellence: string | null; ... 6 more ...; updated_at: string; }; Insert: Omit<...>; Update: Partial<...>; }; department_settin...' is not assignable to type '"public"'.
src/actions/student/education.actions.ts(34,51): error TS2345: Argument of type 'SupabaseClient<Database, "public", { Tables: { departments: { Row: { id: string; name: string; slug: string; short_name: string | null; established_year: number | null; vision: string | null; ... 8 more ...; updated_at: string; }; Insert: Omit<...>; Update: Partial<...>; }; department_settings: { ...; }; content_ite...' is not assignable to parameter of type 'SupabaseClient<any, "public", "public", any, any>'.
  Type '{ Tables: { departments: { Row: { id: string; name: string; slug: string; short_name: string | null; established_year: number | null; vision: string | null; mission: string | null; academic_excellence: string | null; ... 6 more ...; updated_at: string; }; Insert: Omit<...>; Update: Partial<...>; }; department_settin...' is not assignable to type '"public"'.
src/actions/student/education.actions.ts(38,29): error TS2322: Type '{ academic_status: "completed" | "studying" | "discontinued"; admission_date: string | null; batch_id: string; created_at: string; created_by: string | null; deleted_at: string | null; ... 9 more ...; updated_by: string | null; }' is not assignable to type 'void'.
src/actions/student/education.actions.ts(50,47): error TS2345: Argument of type 'SupabaseClient<Database, "public", { Tables: { departments: { Row: { id: string; name: string; slug: string; short_name: string | null; established_year: number | null; vision: string | null; ... 8 more ...; updated_at: string; }; Insert: Omit<...>; Update: Partial<...>; }; department_settings: { ...; }; content_ite...' is not assignable to parameter of type 'SupabaseClient<any, "public", "public", any, any>'.
  Type '{ Tables: { departments: { Row: { id: string; name: string; slug: string; short_name: string | null; established_year: number | null; vision: string | null; mission: string | null; academic_excellence: string | null; ... 6 more ...; updated_at: string; }; Insert: Omit<...>; Update: Partial<...>; }; department_settin...' is not assignable to type '"public"'.
src/actions/student/education.actions.ts(52,51): error TS2345: Argument of type 'SupabaseClient<Database, "public", { Tables: { departments: { Row: { id: string; name: string; slug: string; short_name: string | null; established_year: number | null; vision: string | null; ... 8 more ...; updated_at: string; }; Insert: Omit<...>; Update: Partial<...>; }; department_settings: { ...; }; content_ite...' is not assignable to parameter of type 'SupabaseClient<any, "public", "public", any, any>'.
  Type '{ Tables: { departments: { Row: { id: string; name: string; slug: string; short_name: string | null; established_year: number | null; vision: string | null; mission: string | null; academic_excellence: string | null; ... 6 more ...; updated_at: string; }; Insert: Omit<...>; Update: Partial<...>; }; department_settin...' is not assignable to type '"public"'.
src/actions/student/education.actions.ts(56,29): error TS2322: Type '{ academic_status: "completed" | "studying" | "discontinued"; admission_date: string | null; batch_id: string; created_at: string; created_by: string | null; deleted_at: string | null; ... 9 more ...; updated_by: string | null; }' is not assignable to type 'void'.
src/actions/student/education.actions.ts(66,47): error TS2345: Argument of type 'SupabaseClient<Database, "public", { Tables: { departments: { Row: { id: string; name: string; slug: string; short_name: string | null; established_year: number | null; vision: string | null; ... 8 more ...; updated_at: string; }; Insert: Omit<...>; Update: Partial<...>; }; department_settings: { ...; }; content_ite...' is not assignable to parameter of type 'SupabaseClient<any, "public", "public", any, any>'.
  Type '{ Tables: { departments: { Row: { id: string; name: string; slug: string; short_name: string | null; established_year: number | null; vision: string | null; mission: string | null; academic_excellence: string | null; ... 6 more ...; updated_at: string; }; Insert: Omit<...>; Update: Partial<...>; }; department_settin...' is not assignable to type '"public"'.
src/actions/student/education.actions.ts(68,51): error TS2345: Argument of type 'SupabaseClient<Database, "public", { Tables: { departments: { Row: { id: string; name: string; slug: string; short_name: string | null; established_year: number | null; vision: string | null; ... 8 more ...; updated_at: string; }; Insert: Omit<...>; Update: Partial<...>; }; department_settings: { ...; }; content_ite...' is not assignable to parameter of type 'SupabaseClient<any, "public", "public", any, any>'.
  Type '{ Tables: { departments: { Row: { id: string; name: string; slug: string; short_name: string | null; established_year: number | null; vision: string | null; mission: string | null; academic_excellence: string | null; ... 6 more ...; updated_at: string; }; Insert: Omit<...>; Update: Partial<...>; }; department_settin...' is not assignable to type '"public"'.
src/actions/student/education.actions.ts(72,29): error TS2322: Type 'null' is not assignable to type 'void'.
src/actions/student/gallery.actions.ts(15,47): error TS2345: Argument of type 'SupabaseClient<Database, "public", { Tables: { departments: { Row: { id: string; name: string; slug: string; short_name: string | null; established_year: number | null; vision: string | null; ... 8 more ...; updated_at: string; }; Insert: Omit<...>; Update: Partial<...>; }; department_settings: { ...; }; content_ite...' is not assignable to parameter of type 'SupabaseClient<any, "public", "public", any, any>'.
  Type '{ Tables: { departments: { Row: { id: string; name: string; slug: string; short_name: string | null; established_year: number | null; vision: string | null; mission: string | null; academic_excellence: string | null; ... 6 more ...; updated_at: string; }; Insert: Omit<...>; Update: Partial<...>; }; department_settin...' is not assignable to type '"public"'.
src/actions/student/gallery.actions.ts(17,54): error TS2345: Argument of type 'SupabaseClient<Database, "public", { Tables: { departments: { Row: { id: string; name: string; slug: string; short_name: string | null; established_year: number | null; vision: string | null; ... 8 more ...; updated_at: string; }; Insert: Omit<...>; Update: Partial<...>; }; department_settings: { ...; }; content_ite...' is not assignable to parameter of type 'SupabaseClient<any, "public", "public", any, any>'.
  Type '{ Tables: { departments: { Row: { id: string; name: string; slug: string; short_name: string | null; established_year: number | null; vision: string | null; mission: string | null; academic_excellence: string | null; ... 6 more ...; updated_at: string; }; Insert: Omit<...>; Update: Partial<...>; }; department_settin...' is not assignable to type '"public"'.
src/actions/student/gallery.actions.ts(19,29): error TS2322: Type '{ data: { caption: string | null; created_at: string; display_order: number; gallery_album_id: string; id: string; is_cover: boolean; is_featured: boolean; media_file_id: string; uploaded_by: string | null; }[]; count: number; }' is not assignable to type 'void'.
src/actions/student/gallery.actions.ts(34,47): error TS2345: Argument of type 'SupabaseClient<Database, "public", { Tables: { departments: { Row: { id: string; name: string; slug: string; short_name: string | null; established_year: number | null; vision: string | null; ... 8 more ...; updated_at: string; }; Insert: Omit<...>; Update: Partial<...>; }; department_settings: { ...; }; content_ite...' is not assignable to parameter of type 'SupabaseClient<any, "public", "public", any, any>'.
  Type '{ Tables: { departments: { Row: { id: string; name: string; slug: string; short_name: string | null; established_year: number | null; vision: string | null; mission: string | null; academic_excellence: string | null; ... 6 more ...; updated_at: string; }; Insert: Omit<...>; Update: Partial<...>; }; department_settin...' is not assignable to type '"public"'.
src/actions/student/gallery.actions.ts(36,54): error TS2345: Argument of type 'SupabaseClient<Database, "public", { Tables: { departments: { Row: { id: string; name: string; slug: string; short_name: string | null; established_year: number | null; vision: string | null; ... 8 more ...; updated_at: string; }; Insert: Omit<...>; Update: Partial<...>; }; department_settings: { ...; }; content_ite...' is not assignable to parameter of type 'SupabaseClient<any, "public", "public", any, any>'.
  Type '{ Tables: { departments: { Row: { id: string; name: string; slug: string; short_name: string | null; established_year: number | null; vision: string | null; mission: string | null; academic_excellence: string | null; ... 6 more ...; updated_at: string; }; Insert: Omit<...>; Update: Partial<...>; }; department_settin...' is not assignable to type '"public"'.
src/actions/student/gallery.actions.ts(40,29): error TS2322: Type '{ caption: string | null; created_at: string; display_order: number; gallery_album_id: string; id: string; is_cover: boolean; is_featured: boolean; media_file_id: string; uploaded_by: string | null; }' is not assignable to type 'void'.
src/actions/student/gallery.actions.ts(50,47): error TS2345: Argument of type 'SupabaseClient<Database, "public", { Tables: { departments: { Row: { id: string; name: string; slug: string; short_name: string | null; established_year: number | null; vision: string | null; ... 8 more ...; updated_at: string; }; Insert: Omit<...>; Update: Partial<...>; }; department_settings: { ...; }; content_ite...' is not assignable to parameter of type 'SupabaseClient<any, "public", "public", any, any>'.
  Type '{ Tables: { departments: { Row: { id: string; name: string; slug: string; short_name: string | null; established_year: number | null; vision: string | null; mission: string | null; academic_excellence: string | null; ... 6 more ...; updated_at: string; }; Insert: Omit<...>; Update: Partial<...>; }; department_settin...' is not assignable to type '"public"'.
src/actions/student/gallery.actions.ts(52,54): error TS2345: Argument of type 'SupabaseClient<Database, "public", { Tables: { departments: { Row: { id: string; name: string; slug: string; short_name: string | null; established_year: number | null; vision: string | null; ... 8 more ...; updated_at: string; }; Insert: Omit<...>; Update: Partial<...>; }; department_settings: { ...; }; content_ite...' is not assignable to parameter of type 'SupabaseClient<any, "public", "public", any, any>'.
  Type '{ Tables: { departments: { Row: { id: string; name: string; slug: string; short_name: string | null; established_year: number | null; vision: string | null; mission: string | null; academic_excellence: string | null; ... 6 more ...; updated_at: string; }; Insert: Omit<...>; Update: Partial<...>; }; department_settin...' is not assignable to type '"public"'.
src/actions/student/gallery.actions.ts(56,29): error TS2322: Type 'null' is not assignable to type 'void'.
src/actions/student/gallery.actions.ts(66,47): error TS2345: Argument of type 'SupabaseClient<Database, "public", { Tables: { departments: { Row: { id: string; name: string; slug: string; short_name: string | null; established_year: number | null; vision: string | null; ... 8 more ...; updated_at: string; }; Insert: Omit<...>; Update: Partial<...>; }; department_settings: { ...; }; content_ite...' is not assignable to parameter of type 'SupabaseClient<any, "public", "public", any, any>'.
  Type '{ Tables: { departments: { Row: { id: string; name: string; slug: string; short_name: string | null; established_year: number | null; vision: string | null; mission: string | null; academic_excellence: string | null; ... 6 more ...; updated_at: string; }; Insert: Omit<...>; Update: Partial<...>; }; department_settin...' is not assignable to type '"public"'.
src/actions/student/gallery.actions.ts(68,54): error TS2345: Argument of type 'SupabaseClient<Database, "public", { Tables: { departments: { Row: { id: string; name: string; slug: string; short_name: string | null; established_year: number | null; vision: string | null; ... 8 more ...; updated_at: string; }; Insert: Omit<...>; Update: Partial<...>; }; department_settings: { ...; }; content_ite...' is not assignable to parameter of type 'SupabaseClient<any, "public", "public", any, any>'.
  Type '{ Tables: { departments: { Row: { id: string; name: string; slug: string; short_name: string | null; established_year: number | null; vision: string | null; mission: string | null; academic_excellence: string | null; ... 6 more ...; updated_at: string; }; Insert: Omit<...>; Update: Partial<...>; }; department_settin...' is not assignable to type '"public"'.
src/actions/student/gallery.actions.ts(72,29): error TS2322: Type 'null' is not assignable to type 'void'.
src/actions/student/gallery.actions.ts(82,47): error TS2345: Argument of type 'SupabaseClient<Database, "public", { Tables: { departments: { Row: { id: string; name: string; slug: string; short_name: string | null; established_year: number | null; vision: string | null; ... 8 more ...; updated_at: string; }; Insert: Omit<...>; Update: Partial<...>; }; department_settings: { ...; }; content_ite...' is not assignable to parameter of type 'SupabaseClient<any, "public", "public", any, any>'.
  Type '{ Tables: { departments: { Row: { id: string; name: string; slug: string; short_name: string | null; established_year: number | null; vision: string | null; mission: string | null; academic_excellence: string | null; ... 6 more ...; updated_at: string; }; Insert: Omit<...>; Update: Partial<...>; }; department_settin...' is not assignable to type '"public"'.
src/actions/student/gallery.actions.ts(84,54): error TS2345: Argument of type 'SupabaseClient<Database, "public", { Tables: { departments: { Row: { id: string; name: string; slug: string; short_name: string | null; established_year: number | null; vision: string | null; ... 8 more ...; updated_at: string; }; Insert: Omit<...>; Update: Partial<...>; }; department_settings: { ...; }; content_ite...' is not assignable to parameter of type 'SupabaseClient<any, "public", "public", any, any>'.
  Type '{ Tables: { departments: { Row: { id: string; name: string; slug: string; short_name: string | null; established_year: number | null; vision: string | null; mission: string | null; academic_excellence: string | null; ... 6 more ...; updated_at: string; }; Insert: Omit<...>; Update: Partial<...>; }; department_settin...' is not assignable to type '"public"'.
src/actions/student/gallery.actions.ts(86,29): error TS2322: Type '{ cover_media_id: string | null; created_at: string; created_by: string | null; deleted_at: string | null; description: string | null; entity_id: string; entity_type: "university" | ... 7 more ... | "content"; ... 6 more ...; updated_at: string; }[]' is not assignable to type 'void'.
src/actions/student/gallery.actions.ts(96,47): error TS2345: Argument of type 'SupabaseClient<Database, "public", { Tables: { departments: { Row: { id: string; name: string; slug: string; short_name: string | null; established_year: number | null; vision: string | null; ... 8 more ...; updated_at: string; }; Insert: Omit<...>; Update: Partial<...>; }; department_settings: { ...; }; content_ite...' is not assignable to parameter of type 'SupabaseClient<any, "public", "public", any, any>'.
  Type '{ Tables: { departments: { Row: { id: string; name: string; slug: string; short_name: string | null; established_year: number | null; vision: string | null; mission: string | null; academic_excellence: string | null; ... 6 more ...; updated_at: string; }; Insert: Omit<...>; Update: Partial<...>; }; department_settin...' is not assignable to type '"public"'.
src/actions/student/gallery.actions.ts(98,54): error TS2345: Argument of type 'SupabaseClient<Database, "public", { Tables: { departments: { Row: { id: string; name: string; slug: string; short_name: string | null; established_year: number | null; vision: string | null; ... 8 more ...; updated_at: string; }; Insert: Omit<...>; Update: Partial<...>; }; department_settings: { ...; }; content_ite...' is not assignable to parameter of type 'SupabaseClient<any, "public", "public", any, any>'.
  Type '{ Tables: { departments: { Row: { id: string; name: string; slug: string; short_name: string | null; established_year: number | null; vision: string | null; mission: string | null; academic_excellence: string | null; ... 6 more ...; updated_at: string; }; Insert: Omit<...>; Update: Partial<...>; }; department_settin...' is not assignable to type '"public"'.
src/actions/student/gallery.actions.ts(100,29): error TS2322: Type '{ cover_media_id: string | null; created_at: string; created_by: string | null; deleted_at: string | null; description: string | null; entity_id: string; entity_type: "university" | ... 7 more ... | "content"; ... 6 more ...; updated_at: string; }' is not assignable to type 'void'.
src/actions/student/hostel.actions.ts(15,47): error TS2345: Argument of type 'SupabaseClient<Database, "public", { Tables: { departments: { Row: { id: string; name: string; slug: string; short_name: string | null; established_year: number | null; vision: string | null; ... 8 more ...; updated_at: string; }; Insert: Omit<...>; Update: Partial<...>; }; department_settings: { ...; }; content_ite...' is not assignable to parameter of type 'SupabaseClient<any, "public", "public", any, any>'.
  Type '{ Tables: { departments: { Row: { id: string; name: string; slug: string; short_name: string | null; established_year: number | null; vision: string | null; mission: string | null; academic_excellence: string | null; ... 6 more ...; updated_at: string; }; Insert: Omit<...>; Update: Partial<...>; }; department_settin...' is not assignable to type '"public"'.
src/actions/student/hostel.actions.ts(17,45): error TS2345: Argument of type 'SupabaseClient<Database, "public", { Tables: { departments: { Row: { id: string; name: string; slug: string; short_name: string | null; established_year: number | null; vision: string | null; ... 8 more ...; updated_at: string; }; Insert: Omit<...>; Update: Partial<...>; }; department_settings: { ...; }; content_ite...' is not assignable to parameter of type 'SupabaseClient<any, "public", "public", any, any>'.
  Type '{ Tables: { departments: { Row: { id: string; name: string; slug: string; short_name: string | null; established_year: number | null; vision: string | null; mission: string | null; academic_excellence: string | null; ... 6 more ...; updated_at: string; }; Insert: Omit<...>; Update: Partial<...>; }; department_settin...' is not assignable to type '"public"'.
src/actions/student/hostel.actions.ts(29,47): error TS2345: Argument of type 'SupabaseClient<Database, "public", { Tables: { departments: { Row: { id: string; name: string; slug: string; short_name: string | null; established_year: number | null; vision: string | null; ... 8 more ...; updated_at: string; }; Insert: Omit<...>; Update: Partial<...>; }; department_settings: { ...; }; content_ite...' is not assignable to parameter of type 'SupabaseClient<any, "public", "public", any, any>'.
  Type '{ Tables: { departments: { Row: { id: string; name: string; slug: string; short_name: string | null; established_year: number | null; vision: string | null; mission: string | null; academic_excellence: string | null; ... 6 more ...; updated_at: string; }; Insert: Omit<...>; Update: Partial<...>; }; department_settin...' is not assignable to type '"public"'.
src/actions/student/hostel.actions.ts(31,45): error TS2345: Argument of type 'SupabaseClient<Database, "public", { Tables: { departments: { Row: { id: string; name: string; slug: string; short_name: string | null; established_year: number | null; vision: string | null; ... 8 more ...; updated_at: string; }; Insert: Omit<...>; Update: Partial<...>; }; department_settings: { ...; }; content_ite...' is not assignable to parameter of type 'SupabaseClient<any, "public", "public", any, any>'.
  Type '{ Tables: { departments: { Row: { id: string; name: string; slug: string; short_name: string | null; established_year: number | null; vision: string | null; mission: string | null; academic_excellence: string | null; ... 6 more ...; updated_at: string; }; Insert: Omit<...>; Update: Partial<...>; }; department_settin...' is not assignable to type '"public"'.
src/actions/student/notification.actions.ts(13,47): error TS2554: Expected 0 arguments, but got 1.
src/actions/student/notification.actions.ts(17,57): error TS2345: Argument of type 'SupabaseClient<Database, "public", { Tables: { departments: { Row: { id: string; name: string; slug: string; short_name: string | null; established_year: number | null; vision: string | null; ... 8 more ...; updated_at: string; }; Insert: Omit<...>; Update: Partial<...>; }; department_settings: { ...; }; content_ite...' is not assignable to parameter of type 'SupabaseClient<any, "public", "public", any, any>'.
  Type '{ Tables: { departments: { Row: { id: string; name: string; slug: string; short_name: string | null; established_year: number | null; vision: string | null; mission: string | null; academic_excellence: string | null; ... 6 more ...; updated_at: string; }; Insert: Omit<...>; Update: Partial<...>; }; department_settin...' is not assignable to type '"public"'.
src/actions/student/notification.actions.ts(19,29): error TS2322: Type '{ data: { created_at: string; entity_id: string | null; entity_type: "university" | "department" | "hostel" | "organization" | "profile" | "competition" | "campaign" | "gallery_album" | "content" | null; ... 7 more ...; title: string; }[]; count: number; }' is not assignable to type 'void'.
src/actions/student/notification.actions.ts(29,57): error TS2345: Argument of type 'SupabaseClient<Database, "public", { Tables: { departments: { Row: { id: string; name: string; slug: string; short_name: string | null; established_year: number | null; vision: string | null; ... 8 more ...; updated_at: string; }; Insert: Omit<...>; Update: Partial<...>; }; department_settings: { ...; }; content_ite...' is not assignable to parameter of type 'SupabaseClient<any, "public", "public", any, any>'.
  Type '{ Tables: { departments: { Row: { id: string; name: string; slug: string; short_name: string | null; established_year: number | null; vision: string | null; mission: string | null; academic_excellence: string | null; ... 6 more ...; updated_at: string; }; Insert: Omit<...>; Update: Partial<...>; }; department_settin...' is not assignable to type '"public"'.
src/actions/student/notification.actions.ts(31,29): error TS2322: Type 'null' is not assignable to type 'void'.
src/actions/student/notification.actions.ts(41,47): error TS2554: Expected 0 arguments, but got 1.
src/actions/student/notification.actions.ts(45,57): error TS2345: Argument of type 'SupabaseClient<Database, "public", { Tables: { departments: { Row: { id: string; name: string; slug: string; short_name: string | null; established_year: number | null; vision: string | null; ... 8 more ...; updated_at: string; }; Insert: Omit<...>; Update: Partial<...>; }; department_settings: { ...; }; content_ite...' is not assignable to parameter of type 'SupabaseClient<any, "public", "public", any, any>'.
  Type '{ Tables: { departments: { Row: { id: string; name: string; slug: string; short_name: string | null; established_year: number | null; vision: string | null; mission: string | null; academic_excellence: string | null; ... 6 more ...; updated_at: string; }; Insert: Omit<...>; Update: Partial<...>; }; department_settin...' is not assignable to type '"public"'.
src/actions/student/notification.actions.ts(47,29): error TS2322: Type 'null' is not assignable to type 'void'.
src/actions/student/notification.actions.ts(57,47): error TS2554: Expected 0 arguments, but got 1.
src/actions/student/notification.actions.ts(61,57): error TS2345: Argument of type 'SupabaseClient<Database, "public", { Tables: { departments: { Row: { id: string; name: string; slug: string; short_name: string | null; established_year: number | null; vision: string | null; ... 8 more ...; updated_at: string; }; Insert: Omit<...>; Update: Partial<...>; }; department_settings: { ...; }; content_ite...' is not assignable to parameter of type 'SupabaseClient<any, "public", "public", any, any>'.
  Type '{ Tables: { departments: { Row: { id: string; name: string; slug: string; short_name: string | null; established_year: number | null; vision: string | null; mission: string | null; academic_excellence: string | null; ... 6 more ...; updated_at: string; }; Insert: Omit<...>; Update: Partial<...>; }; department_settin...' is not assignable to type '"public"'.
src/actions/student/notification.actions.ts(63,29): error TS2322: Type 'number' is not assignable to type 'void'.
src/actions/student/organization.actions.ts(16,47): error TS2345: Argument of type 'SupabaseClient<Database, "public", { Tables: { departments: { Row: { id: string; name: string; slug: string; short_name: string | null; established_year: number | null; vision: string | null; ... 8 more ...; updated_at: string; }; Insert: Omit<...>; Update: Partial<...>; }; department_settings: { ...; }; content_ite...' is not assignable to parameter of type 'SupabaseClient<any, "public", "public", any, any>'.
  Type '{ Tables: { departments: { Row: { id: string; name: string; slug: string; short_name: string | null; established_year: number | null; vision: string | null; mission: string | null; academic_excellence: string | null; ... 6 more ...; updated_at: string; }; Insert: Omit<...>; Update: Partial<...>; }; department_settin...' is not assignable to type '"public"'.
src/actions/student/organization.actions.ts(18,48): error TS2345: Argument of type 'SupabaseClient<Database, "public", { Tables: { departments: { Row: { id: string; name: string; slug: string; short_name: string | null; established_year: number | null; vision: string | null; ... 8 more ...; updated_at: string; }; Insert: Omit<...>; Update: Partial<...>; }; department_settings: { ...; }; content_ite...' is not assignable to parameter of type 'SupabaseClient<any, "public", "public", any, any>'.
  Type '{ Tables: { departments: { Row: { id: string; name: string; slug: string; short_name: string | null; established_year: number | null; vision: string | null; mission: string | null; academic_excellence: string | null; ... 6 more ...; updated_at: string; }; Insert: Omit<...>; Update: Partial<...>; }; department_settin...' is not assignable to type '"public"'.
src/actions/student/organization.actions.ts(20,29): error TS2322: Type '{ can_manage_org: boolean; created_at: string; designation: string | null; end_date: string | null; id: string; org_id: string; profile_id: string; role: string; start_date: string; status: string; updated_at: string; }[]' is not assignable to type 'void'.
src/actions/student/organization.actions.ts(32,47): error TS2345: Argument of type 'SupabaseClient<Database, "public", { Tables: { departments: { Row: { id: string; name: string; slug: string; short_name: string | null; established_year: number | null; vision: string | null; ... 8 more ...; updated_at: string; }; Insert: Omit<...>; Update: Partial<...>; }; department_settings: { ...; }; content_ite...' is not assignable to parameter of type 'SupabaseClient<any, "public", "public", any, any>'.
  Type '{ Tables: { departments: { Row: { id: string; name: string; slug: string; short_name: string | null; established_year: number | null; vision: string | null; mission: string | null; academic_excellence: string | null; ... 6 more ...; updated_at: string; }; Insert: Omit<...>; Update: Partial<...>; }; department_settin...' is not assignable to type '"public"'.
src/actions/student/organization.actions.ts(34,48): error TS2345: Argument of type 'SupabaseClient<Database, "public", { Tables: { departments: { Row: { id: string; name: string; slug: string; short_name: string | null; established_year: number | null; vision: string | null; ... 8 more ...; updated_at: string; }; Insert: Omit<...>; Update: Partial<...>; }; department_settings: { ...; }; content_ite...' is not assignable to parameter of type 'SupabaseClient<any, "public", "public", any, any>'.
  Type '{ Tables: { departments: { Row: { id: string; name: string; slug: string; short_name: string | null; established_year: number | null; vision: string | null; mission: string | null; academic_excellence: string | null; ... 6 more ...; updated_at: string; }; Insert: Omit<...>; Update: Partial<...>; }; department_settin...' is not assignable to type '"public"'.
src/actions/student/organization.actions.ts(38,29): error TS2322: Type '{ can_manage_org: boolean; created_at: string; designation: string | null; end_date: string | null; id: string; org_id: string; profile_id: string; role: string; start_date: string; status: string; updated_at: string; }' is not assignable to type 'void'.
src/actions/student/organization.actions.ts(48,47): error TS2345: Argument of type 'SupabaseClient<Database, "public", { Tables: { departments: { Row: { id: string; name: string; slug: string; short_name: string | null; established_year: number | null; vision: string | null; ... 8 more ...; updated_at: string; }; Insert: Omit<...>; Update: Partial<...>; }; department_settings: { ...; }; content_ite...' is not assignable to parameter of type 'SupabaseClient<any, "public", "public", any, any>'.
  Type '{ Tables: { departments: { Row: { id: string; name: string; slug: string; short_name: string | null; established_year: number | null; vision: string | null; mission: string | null; academic_excellence: string | null; ... 6 more ...; updated_at: string; }; Insert: Omit<...>; Update: Partial<...>; }; department_settin...' is not assignable to type '"public"'.
src/actions/student/organization.actions.ts(50,48): error TS2345: Argument of type 'SupabaseClient<Database, "public", { Tables: { departments: { Row: { id: string; name: string; slug: string; short_name: string | null; established_year: number | null; vision: string | null; ... 8 more ...; updated_at: string; }; Insert: Omit<...>; Update: Partial<...>; }; department_settings: { ...; }; content_ite...' is not assignable to parameter of type 'SupabaseClient<any, "public", "public", any, any>'.
  Type '{ Tables: { departments: { Row: { id: string; name: string; slug: string; short_name: string | null; established_year: number | null; vision: string | null; mission: string | null; academic_excellence: string | null; ... 6 more ...; updated_at: string; }; Insert: Omit<...>; Update: Partial<...>; }; department_settin...' is not assignable to type '"public"'.
src/actions/student/organization.actions.ts(54,29): error TS2322: Type 'null' is not assignable to type 'void'.
src/actions/student/profile.actions.ts(15,40): error TS2345: Argument of type 'SupabaseClient<Database, "public", { Tables: { departments: { Row: { id: string; name: string; slug: string; short_name: string | null; established_year: number | null; vision: string | null; ... 8 more ...; updated_at: string; }; Insert: Omit<...>; Update: Partial<...>; }; department_settings: { ...; }; content_ite...' is not assignable to parameter of type 'SupabaseClient<any, "public", "public", any, any>'.
  Type '{ Tables: { departments: { Row: { id: string; name: string; slug: string; short_name: string | null; established_year: number | null; vision: string | null; mission: string | null; academic_excellence: string | null; ... 6 more ...; updated_at: string; }; Insert: Omit<...>; Update: Partial<...>; }; department_settin...' is not assignable to type '"public"'.
src/actions/student/profile.actions.ts(17,29): error TS2322: Type 'Profile' is not assignable to type 'void'.
src/actions/student/profile.actions.ts(26,40): error TS2345: Argument of type 'SupabaseClient<Database, "public", { Tables: { departments: { Row: { id: string; name: string; slug: string; short_name: string | null; established_year: number | null; vision: string | null; ... 8 more ...; updated_at: string; }; Insert: Omit<...>; Update: Partial<...>; }; department_settings: { ...; }; content_ite...' is not assignable to parameter of type 'SupabaseClient<any, "public", "public", any, any>'.
  Type '{ Tables: { departments: { Row: { id: string; name: string; slug: string; short_name: string | null; established_year: number | null; vision: string | null; mission: string | null; academic_excellence: string | null; ... 6 more ...; updated_at: string; }; Insert: Omit<...>; Update: Partial<...>; }; department_settin...' is not assignable to type '"public"'.
src/actions/student/profile.actions.ts(28,29): error TS2322: Type 'Partial<Profile>' is not assignable to type 'void'.
src/actions/student/profile.actions.ts(39,40): error TS2345: Argument of type 'SupabaseClient<Database, "public", { Tables: { departments: { Row: { id: string; name: string; slug: string; short_name: string | null; established_year: number | null; vision: string | null; ... 8 more ...; updated_at: string; }; Insert: Omit<...>; Update: Partial<...>; }; department_settings: { ...; }; content_ite...' is not assignable to parameter of type 'SupabaseClient<any, "public", "public", any, any>'.
  Type '{ Tables: { departments: { Row: { id: string; name: string; slug: string; short_name: string | null; established_year: number | null; vision: string | null; mission: string | null; academic_excellence: string | null; ... 6 more ...; updated_at: string; }; Insert: Omit<...>; Update: Partial<...>; }; department_settin...' is not assignable to type '"public"'.
src/actions/student/profile.actions.ts(46,29): error TS2322: Type 'Profile' is not assignable to type 'void'.
src/actions/student/profile.actions.ts(59,40): error TS2345: Argument of type 'SupabaseClient<Database, "public", { Tables: { departments: { Row: { id: string; name: string; slug: string; short_name: string | null; established_year: number | null; vision: string | null; ... 8 more ...; updated_at: string; }; Insert: Omit<...>; Update: Partial<...>; }; department_settings: { ...; }; content_ite...' is not assignable to parameter of type 'SupabaseClient<any, "public", "public", any, any>'.
  Type '{ Tables: { departments: { Row: { id: string; name: string; slug: string; short_name: string | null; established_year: number | null; vision: string | null; mission: string | null; academic_excellence: string | null; ... 6 more ...; updated_at: string; }; Insert: Omit<...>; Update: Partial<...>; }; department_settin...' is not assignable to type '"public"'.
src/actions/student/profile.actions.ts(65,29): error TS2322: Type '{ url: string; }' is not assignable to type 'void'.
src/actions/student/profile.actions.ts(78,40): error TS2345: Argument of type 'SupabaseClient<Database, "public", { Tables: { departments: { Row: { id: string; name: string; slug: string; short_name: string | null; established_year: number | null; vision: string | null; ... 8 more ...; updated_at: string; }; Insert: Omit<...>; Update: Partial<...>; }; department_settings: { ...; }; content_ite...' is not assignable to parameter of type 'SupabaseClient<any, "public", "public", any, any>'.
  Type '{ Tables: { departments: { Row: { id: string; name: string; slug: string; short_name: string | null; established_year: number | null; vision: string | null; mission: string | null; academic_excellence: string | null; ... 6 more ...; updated_at: string; }; Insert: Omit<...>; Update: Partial<...>; }; department_settin...' is not assignable to type '"public"'.
src/actions/student/profile.actions.ts(84,29): error TS2322: Type '{ url: string; }' is not assignable to type 'void'.
src/actions/student/profile.actions.ts(95,40): error TS2345: Argument of type 'SupabaseClient<Database, "public", { Tables: { departments: { Row: { id: string; name: string; slug: string; short_name: string | null; established_year: number | null; vision: string | null; ... 8 more ...; updated_at: string; }; Insert: Omit<...>; Update: Partial<...>; }; department_settings: { ...; }; content_ite...' is not assignable to parameter of type 'SupabaseClient<any, "public", "public", any, any>'.
  Type '{ Tables: { departments: { Row: { id: string; name: string; slug: string; short_name: string | null; established_year: number | null; vision: string | null; mission: string | null; academic_excellence: string | null; ... 6 more ...; updated_at: string; }; Insert: Omit<...>; Update: Partial<...>; }; department_settin...' is not assignable to type '"public"'.
src/actions/student/profile.actions.ts(101,29): error TS2322: Type 'Profile' is not assignable to type 'void'.
src/actions/student/profile.actions.ts(112,40): error TS2345: Argument of type 'SupabaseClient<Database, "public", { Tables: { departments: { Row: { id: string; name: string; slug: string; short_name: string | null; established_year: number | null; vision: string | null; ... 8 more ...; updated_at: string; }; Insert: Omit<...>; Update: Partial<...>; }; department_settings: { ...; }; content_ite...' is not assignable to parameter of type 'SupabaseClient<any, "public", "public", any, any>'.
  Type '{ Tables: { departments: { Row: { id: string; name: string; slug: string; short_name: string | null; established_year: number | null; vision: string | null; mission: string | null; academic_excellence: string | null; ... 6 more ...; updated_at: string; }; Insert: Omit<...>; Update: Partial<...>; }; department_settin...' is not assignable to type '"public"'.
src/actions/student/profile.actions.ts(118,29): error TS2322: Type 'Profile' is not assignable to type 'void'.
src/actions/student/verification.actions.ts(15,47): error TS2554: Expected 0 arguments, but got 1.
src/actions/student/verification.actions.ts(25,9): error TS2353: Object literal may only specify known properties, and 'status' does not exist in type 'never[]'.
src/actions/student/verification.actions.ts(43,47): error TS2554: Expected 0 arguments, but got 1.
src/actions/student/verification.actions.ts(59,29): error TS2322: Type '{ status: string; }' is not assignable to type 'void'.
src/actions/student/verification.actions.ts(69,47): error TS2554: Expected 0 arguments, but got 1.
src/actions/student/verification.actions.ts(83,29): error TS2322: Type 'never[]' is not assignable to type 'void'.
