.next/dev/types/validator.ts(1318,31): error TS2344: Type 'typeof import("C:/Projects/ravenshawmoments/src/app/(dashboard)/department/[slug]/layout")' does not satisfy the constraint 'LayoutConfig<"/department/[slug]">'.
  Types of property 'default' are incompatible.
    Type '({ children, params }: LayoutProps) => Promise<Element>' is not assignable to type 'ComponentType<LayoutProps<"/department/[slug]">> | ((props: LayoutProps<"/department/[slug]">) => void | Promise<void> | ReactNode | Promise<...>)'.
      Type '({ children, params }: LayoutProps) => Promise<Element>' is not assignable to type 'FunctionComponent<LayoutProps<"/department/[slug]">>'.
        Types of parameters '__0' and 'props' are incompatible.
          Type 'LayoutProps<"/department/[slug]">' is not assignable to type 'LayoutProps'.
            Types of property 'params' are incompatible.
              Property 'slug' is missing in type 'Promise<{ slug: string; }>' but required in type '{ slug: string; }'.
.next/types/validator.ts(1318,31): error TS2344: Type 'typeof import("C:/Projects/ravenshawmoments/src/app/(dashboard)/department/[slug]/layout")' does not satisfy the constraint 'LayoutConfig<"/department/[slug]">'.
  Types of property 'default' are incompatible.
    Type '({ children, params }: LayoutProps) => Promise<Element>' is not assignable to type 'ComponentType<LayoutProps<"/department/[slug]">> | ((props: LayoutProps<"/department/[slug]">) => void | Promise<void> | ReactNode | Promise<...>)'.
      Type '({ children, params }: LayoutProps) => Promise<Element>' is not assignable to type 'FunctionComponent<LayoutProps<"/department/[slug]">>'.
        Types of parameters '__0' and 'props' are incompatible.
          Type 'LayoutProps<"/department/[slug]">' is not assignable to type 'LayoutProps'.
            Types of property 'params' are incompatible.
              Property 'slug' is missing in type 'Promise<{ slug: string; }>' but required in type '{ slug: string; }'.
src/actions/department/achievement.actions.ts(21,61): error TS2322: Type 'SupabaseClient<Database, "public", { Tables: { departments: { Row: { id: string; name: string; slug: string; short_name: string | null; established_year: number | null; vision: string | null; ... 8 more ...; updated_at: string; }; Insert: Omit<...>; Update: Partial<...>; }; department_settings: { ...; }; content_ite...' is not assignable to type 'SupabaseClient<Database, "public", "public", { Tables: { academic_sessions: { Row: { created_at: string; end_date: string; id: string; is_current: boolean; name: string; start_date: string; updated_at: string; }; Insert: { ...; }; Update: { ...; }; Relationships: []; }; ... 97 more ...; verification_requests: { ...;...'.
  Type 'Database' is missing the following properties from type 'Database': __InternalSupabase, graphql_public
src/actions/department/content.actions.ts(19,53): error TS2322: Type 'SupabaseClient<Database, "public", { Tables: { departments: { Row: { id: string; name: string; slug: string; short_name: string | null; established_year: number | null; vision: string | null; ... 8 more ...; updated_at: string; }; Insert: Omit<...>; Update: Partial<...>; }; department_settings: { ...; }; content_ite...' is not assignable to type 'SupabaseClient<Database, "public", "public", { Tables: { academic_sessions: { Row: { created_at: string; end_date: string; id: string; is_current: boolean; name: string; start_date: string; updated_at: string; }; Insert: { ...; }; Update: { ...; }; Relationships: []; }; ... 97 more ...; verification_requests: { ...;...'.
  Type 'Database' is missing the following properties from type 'Database': __InternalSupabase, graphql_public
src/actions/department/dashboard.actions.ts(20,48): error TS2322: Type 'SupabaseClient<Database, "public", { Tables: { departments: { Row: { id: string; name: string; slug: string; short_name: string | null; established_year: number | null; vision: string | null; ... 8 more ...; updated_at: string; }; Insert: Omit<...>; Update: Partial<...>; }; department_settings: { ...; }; content_ite...' is not assignable to type 'SupabaseClient<Database, "public", "public", { Tables: { academic_sessions: { Row: { created_at: string; end_date: string; id: string; is_current: boolean; name: string; start_date: string; updated_at: string; }; Insert: { ...; }; Update: { ...; }; Relationships: []; }; ... 97 more ...; verification_requests: { ...;...'.
  Type 'Database' is missing the following properties from type 'Database': __InternalSupabase, graphql_public
src/actions/department/dashboard.actions.ts(21,48): error TS2322: Type 'SupabaseClient<Database, "public", { Tables: { departments: { Row: { id: string; name: string; slug: string; short_name: string | null; established_year: number | null; vision: string | null; ... 8 more ...; updated_at: string; }; Insert: Omit<...>; Update: Partial<...>; }; department_settings: { ...; }; content_ite...' is not assignable to type 'SupabaseClient<Database, "public", "public", { Tables: { academic_sessions: { Row: { created_at: string; end_date: string; id: string; is_current: boolean; name: string; start_date: string; updated_at: string; }; Insert: { ...; }; Update: { ...; }; Relationships: []; }; ... 97 more ...; verification_requests: { ...;...'.
  Type 'Database' is missing the following properties from type 'Database': __InternalSupabase, graphql_public
src/actions/department/department.actions.ts(6,24): error TS2305: Module '"../../auth/guards/require-admin"' has no exported member 'requireDepartmentPermission'.
src/actions/department/department.actions.ts(15,59): error TS2322: Type 'SupabaseClient<Database, "public", { Tables: { departments: { Row: { id: string; name: string; slug: string; short_name: string | null; established_year: number | null; vision: string | null; ... 8 more ...; updated_at: string; }; Insert: Omit<...>; Update: Partial<...>; }; department_settings: { ...; }; content_ite...' is not assignable to type 'SupabaseClient<Database, "public", "public", { Tables: { academic_sessions: { Row: { created_at: string; end_date: string; id: string; is_current: boolean; name: string; start_date: string; updated_at: string; }; Insert: { ...; }; Update: { ...; }; Relationships: []; }; ... 97 more ...; verification_requests: { ...;...'.
  Type 'Database' is missing the following properties from type 'Database': __InternalSupabase, graphql_public
src/actions/department/department.actions.ts(26,45): error TS2322: Type 'SupabaseClient<Database, "public", { Tables: { departments: { Row: { id: string; name: string; slug: string; short_name: string | null; established_year: number | null; vision: string | null; ... 8 more ...; updated_at: string; }; Insert: Omit<...>; Update: Partial<...>; }; department_settings: { ...; }; content_ite...' is not assignable to type 'SupabaseClient<Database, "public", "public", { Tables: { academic_sessions: { Row: { created_at: string; end_date: string; id: string; is_current: boolean; name: string; start_date: string; updated_at: string; }; Insert: { ...; }; Update: { ...; }; Relationships: []; }; ... 97 more ...; verification_requests: { ...;...'.
  Type 'Database' is missing the following properties from type 'Database': __InternalSupabase, graphql_public
src/actions/department/faculty.actions.ts(19,53): error TS2322: Type 'SupabaseClient<Database, "public", { Tables: { departments: { Row: { id: string; name: string; slug: string; short_name: string | null; established_year: number | null; vision: string | null; ... 8 more ...; updated_at: string; }; Insert: Omit<...>; Update: Partial<...>; }; department_settings: { ...; }; content_ite...' is not assignable to type 'SupabaseClient<Database, "public", "public", { Tables: { academic_sessions: { Row: { created_at: string; end_date: string; id: string; is_current: boolean; name: string; start_date: string; updated_at: string; }; Insert: { ...; }; Update: { ...; }; Relationships: []; }; ... 97 more ...; verification_requests: { ...;...'.
  Type 'Database' is missing the following properties from type 'Database': __InternalSupabase, graphql_public
src/actions/department/gallery.actions.ts(19,53): error TS2322: Type 'SupabaseClient<Database, "public", { Tables: { departments: { Row: { id: string; name: string; slug: string; short_name: string | null; established_year: number | null; vision: string | null; ... 8 more ...; updated_at: string; }; Insert: Omit<...>; Update: Partial<...>; }; department_settings: { ...; }; content_ite...' is not assignable to type 'SupabaseClient<Database, "public", "public", { Tables: { academic_sessions: { Row: { created_at: string; end_date: string; id: string; is_current: boolean; name: string; start_date: string; updated_at: string; }; Insert: { ...; }; Update: { ...; }; Relationships: []; }; ... 97 more ...; verification_requests: { ...;...'.
  Type 'Database' is missing the following properties from type 'Database': __InternalSupabase, graphql_public
src/actions/department/program.actions.ts(20,53): error TS2322: Type 'SupabaseClient<Database, "public", { Tables: { departments: { Row: { id: string; name: string; slug: string; short_name: string | null; established_year: number | null; vision: string | null; ... 8 more ...; updated_at: string; }; Insert: Omit<...>; Update: Partial<...>; }; department_settings: { ...; }; content_ite...' is not assignable to type 'SupabaseClient<Database, "public", "public", { Tables: { academic_sessions: { Row: { created_at: string; end_date: string; id: string; is_current: boolean; name: string; start_date: string; updated_at: string; }; Insert: { ...; }; Update: { ...; }; Relationships: []; }; ... 97 more ...; verification_requests: { ...;...'.
  Type 'Database' is missing the following properties from type 'Database': __InternalSupabase, graphql_public
src/actions/department/student.actions.ts(12,53): error TS2322: Type 'SupabaseClient<Database, "public", { Tables: { departments: { Row: { id: string; name: string; slug: string; short_name: string | null; established_year: number | null; vision: string | null; ... 8 more ...; updated_at: string; }; Insert: Omit<...>; Update: Partial<...>; }; department_settings: { ...; }; content_ite...' is not assignable to type 'SupabaseClient<Database, "public", "public", { Tables: { academic_sessions: { Row: { created_at: string; end_date: string; id: string; is_current: boolean; name: string; start_date: string; updated_at: string; }; Insert: { ...; }; Update: { ...; }; Relationships: []; }; ... 97 more ...; verification_requests: { ...;...'.
  Type 'Database' is missing the following properties from type 'Database': __InternalSupabase, graphql_public
src/actions/student/account.actions.ts(16,47): error TS2554: Expected 0 arguments, but got 1.
src/actions/student/account.actions.ts(26,9): error TS2353: Object literal may only specify known properties, and 'updatedAt' does not exist in type 'never[]'.
src/actions/student/account.actions.ts(43,47): error TS2554: Expected 0 arguments, but got 1.
src/actions/student/account.actions.ts(54,29): error TS2322: Type 'null' is not assignable to type 'void'.
src/actions/student/account.actions.ts(64,47): error TS2554: Expected 0 arguments, but got 1.
src/actions/student/account.actions.ts(69,47): error TS2345: Argument of type 'SupabaseClient<Database, "public", { Tables: { departments: { Row: { id: string; name: string; slug: string; short_name: string | null; established_year: number | null; vision: string | null; ... 8 more ...; updated_at: string; }; Insert: Omit<...>; Update: Partial<...>; }; department_settings: { ...; }; content_ite...' is not assignable to parameter of type 'SupabaseClient<any, "public", "public", any, any>'.
  Type '{ Tables: { departments: { Row: { id: string; name: string; slug: string; short_name: string | null; established_year: number | null; vision: string | null; mission: string | null; academic_excellence: string | null; ... 6 more ...; updated_at: string; }; Insert: Omit<...>; Update: Partial<...>; }; department_settin...' is not assignable to type '"public"'.
src/actions/student/account.actions.ts(79,29): error TS2322: Type '{ profile: Profile; account: User; exportedAt: string; }' is not assignable to type 'void'.
src/actions/student/achievement.actions.ts(16,47): error TS2345: Argument of type 'SupabaseClient<Database, "public", { Tables: { departments: { Row: { id: string; name: string; slug: string; short_name: string | null; established_year: number | null; vision: string | null; ... 8 more ...; updated_at: string; }; Insert: Omit<...>; Update: Partial<...>; }; department_settings: { ...; }; content_ite...' is not assignable to parameter of type 'SupabaseClient<any, "public", "public", any, any>'.
  Type '{ Tables: { departments: { Row: { id: string; name: string; slug: string; short_name: string | null; established_year: number | null; vision: string | null; mission: string | null; academic_excellence: string | null; ... 6 more ...; updated_at: string; }; Insert: Omit<...>; Update: Partial<...>; }; department_settin...' is not assignable to type '"public"'.
src/actions/student/achievement.actions.ts(19,62): error TS2345: Argument of type 'SupabaseClient<Database, "public", { Tables: { departments: { Row: { id: string; name: string; slug: string; short_name: string | null; established_year: number | null; vision: string | null; ... 8 more ...; updated_at: string; }; Insert: Omit<...>; Update: Partial<...>; }; department_settings: { ...; }; content_ite...' is not assignable to parameter of type 'SupabaseClient<any, "public", "public", any, any>'.
  Type '{ Tables: { departments: { Row: { id: string; name: string; slug: string; short_name: string | null; established_year: number | null; vision: string | null; mission: string | null; academic_excellence: string | null; ... 6 more ...; updated_at: string; }; Insert: Omit<...>; Update: Partial<...>; }; department_settin...' is not assignable to type '"public"'.
src/actions/student/achievement.actions.ts(22,29): error TS2322: Type '{ achievement_date: string | null; category_id: string; certificate_media_id: string | null; created_at: string; created_by: string | null; deleted_at: string | null; description: string | null; ... 10 more ...; updated_at: string; }[]' is not assignable to type 'void'.
src/actions/student/achievement.actions.ts(34,47): error TS2345: Argument of type 'SupabaseClient<Database, "public", { Tables: { departments: { Row: { id: string; name: string; slug: string; short_name: string | null; established_year: number | null; vision: string | null; ... 8 more ...; updated_at: string; }; Insert: Omit<...>; Update: Partial<...>; }; department_settings: { ...; }; content_ite...' is not assignable to parameter of type 'SupabaseClient<any, "public", "public", any, any>'.
  Type '{ Tables: { departments: { Row: { id: string; name: string; slug: string; short_name: string | null; established_year: number | null; vision: string | null; mission: string | null; academic_excellence: string | null; ... 6 more ...; updated_at: string; }; Insert: Omit<...>; Update: Partial<...>; }; department_settin...' is not assignable to type '"public"'.
src/actions/student/achievement.actions.ts(37,62): error TS2345: Argument of type 'SupabaseClient<Database, "public", { Tables: { departments: { Row: { id: string; name: string; slug: string; short_name: string | null; established_year: number | null; vision: string | null; ... 8 more ...; updated_at: string; }; Insert: Omit<...>; Update: Partial<...>; }; department_settings: { ...; }; content_ite...' is not assignable to parameter of type 'SupabaseClient<any, "public", "public", any, any>'.
  Type '{ Tables: { departments: { Row: { id: string; name: string; slug: string; short_name: string | null; established_year: number | null; vision: string | null; mission: string | null; academic_excellence: string | null; ... 6 more ...; updated_at: string; }; Insert: Omit<...>; Update: Partial<...>; }; department_settin...' is not assignable to type '"public"'.
src/actions/student/achievement.actions.ts(42,29): error TS2322: Type '{ achievement_date: string | null; category_id: string; certificate_media_id: string | null; created_at: string; created_by: string | null; deleted_at: string | null; description: string | null; ... 10 more ...; updated_at: string; }' is not assignable to type 'void'.
src/actions/student/achievement.actions.ts(54,47): error TS2345: Argument of type 'SupabaseClient<Database, "public", { Tables: { departments: { Row: { id: string; name: string; slug: string; short_name: string | null; established_year: number | null; vision: string | null; ... 8 more ...; updated_at: string; }; Insert: Omit<...>; Update: Partial<...>; }; department_settings: { ...; }; content_ite...' is not assignable to parameter of type 'SupabaseClient<any, "public", "public", any, any>'.
  Type '{ Tables: { departments: { Row: { id: string; name: string; slug: string; short_name: string | null; established_year: number | null; vision: string | null; mission: string | null; academic_excellence: string | null; ... 6 more ...; updated_at: string; }; Insert: Omit<...>; Update: Partial<...>; }; department_settin...' is not assignable to type '"public"'.
src/actions/student/achievement.actions.ts(57,62): error TS2345: Argument of type 'SupabaseClient<Database, "public", { Tables: { departments: { Row: { id: string; name: string; slug: string; short_name: string | null; established_year: number | null; vision: string | null; ... 8 more ...; updated_at: string; }; Insert: Omit<...>; Update: Partial<...>; }; department_settings: { ...; }; content_ite...' is not assignable to parameter of type 'SupabaseClient<any, "public", "public", any, any>'.
  Type '{ Tables: { departments: { Row: { id: string; name: string; slug: string; short_name: string | null; established_year: number | null; vision: string | null; mission: string | null; academic_excellence: string | null; ... 6 more ...; updated_at: string; }; Insert: Omit<...>; Update: Partial<...>; }; department_settin...' is not assignable to type '"public"'.
src/actions/student/achievement.actions.ts(62,29): error TS2322: Type '{ achievement_date: string | null; category_id: string; certificate_media_id: string | null; created_at: string; created_by: string | null; deleted_at: string | null; description: string | null; ... 10 more ...; updated_at: string; }' is not assignable to type 'void'.
src/actions/student/achievement.actions.ts(72,47): error TS2345: Argument of type 'SupabaseClient<Database, "public", { Tables: { departments: { Row: { id: string; name: string; slug: string; short_name: string | null; established_year: number | null; vision: string | null; ... 8 more ...; updated_at: string; }; Insert: Omit<...>; Update: Partial<...>; }; department_settings: { ...; }; content_ite...' is not assignable to parameter of type 'SupabaseClient<any, "public", "public", any, any>'.
  Type '{ Tables: { departments: { Row: { id: string; name: string; slug: string; short_name: string | null; established_year: number | null; vision: string | null; mission: string | null; academic_excellence: string | null; ... 6 more ...; updated_at: string; }; Insert: Omit<...>; Update: Partial<...>; }; department_settin...' is not assignable to type '"public"'.
src/actions/student/achievement.actions.ts(75,62): error TS2345: Argument of type 'SupabaseClient<Database, "public", { Tables: { departments: { Row: { id: string; name: string; slug: string; short_name: string | null; established_year: number | null; vision: string | null; ... 8 more ...; updated_at: string; }; Insert: Omit<...>; Update: Partial<...>; }; department_settings: { ...; }; content_ite...' is not assignable to parameter of type 'SupabaseClient<any, "public", "public", any, any>'.
  Type '{ Tables: { departments: { Row: { id: string; name: string; slug: string; short_name: string | null; established_year: number | null; vision: string | null; mission: string | null; academic_excellence: string | null; ... 6 more ...; updated_at: string; }; Insert: Omit<...>; Update: Partial<...>; }; department_settin...' is not assignable to type '"public"'.
src/actions/student/achievement.actions.ts(80,29): error TS2322: Type 'null' is not assignable to type 'void'.
src/actions/student/education.actions.ts(16,47): error TS2345: Argument of type 'SupabaseClient<Database, "public", { Tables: { departments: { Row: { id: string; name: string; slug: string; short_name: string | null; established_year: number | null; vision: string | null; ... 8 more ...; updated_at: string; }; Insert: Omit<...>; Update: Partial<...>; }; department_settings: { ...; }; content_ite...' is not assignable to parameter of type 'SupabaseClient<any, "public", "public", any, any>'.
  Type '{ Tables: { departments: { Row: { id: string; name: string; slug: string; short_name: string | null; established_year: number | null; vision: string | null; mission: string | null; academic_excellence: string | null; ... 6 more ...; updated_at: string; }; Insert: Omit<...>; Update: Partial<...>; }; department_settin...' is not assignable to type '"public"'.
src/actions/student/education.actions.ts(19,51): error TS2345: Argument of type 'SupabaseClient<Database, "public", { Tables: { departments: { Row: { id: string; name: string; slug: string; short_name: string | null; established_year: number | null; vision: string | null; ... 8 more ...; updated_at: string; }; Insert: Omit<...>; Update: Partial<...>; }; department_settings: { ...; }; content_ite...' is not assignable to parameter of type 'SupabaseClient<any, "public", "public", any, any>'.
  Type '{ Tables: { departments: { Row: { id: string; name: string; slug: string; short_name: string | null; established_year: number | null; vision: string | null; mission: string | null; academic_excellence: string | null; ... 6 more ...; updated_at: string; }; Insert: Omit<...>; Update: Partial<...>; }; department_settin...' is not assignable to type '"public"'.
src/actions/student/education.actions.ts(22,29): error TS2322: Type '{ academic_status: "completed" | "studying" | "discontinued"; admission_date: string | null; batch_id: string; created_at: string; created_by: string | null; deleted_at: string | null; ... 9 more ...; updated_by: string | null; }[]' is not assignable to type 'void'.
src/actions/student/education.actions.ts(34,47): error TS2345: Argument of type 'SupabaseClient<Database, "public", { Tables: { departments: { Row: { id: string; name: string; slug: string; short_name: string | null; established_year: number | null; vision: string | null; ... 8 more ...; updated_at: string; }; Insert: Omit<...>; Update: Partial<...>; }; department_settings: { ...; }; content_ite...' is not assignable to parameter of type 'SupabaseClient<any, "public", "public", any, any>'.
  Type '{ Tables: { departments: { Row: { id: string; name: string; slug: string; short_name: string | null; established_year: number | null; vision: string | null; mission: string | null; academic_excellence: string | null; ... 6 more ...; updated_at: string; }; Insert: Omit<...>; Update: Partial<...>; }; department_settin...' is not assignable to type '"public"'.
src/actions/student/education.actions.ts(37,51): error TS2345: Argument of type 'SupabaseClient<Database, "public", { Tables: { departments: { Row: { id: string; name: string; slug: string; short_name: string | null; established_year: number | null; vision: string | null; ... 8 more ...; updated_at: string; }; Insert: Omit<...>; Update: Partial<...>; }; department_settings: { ...; }; content_ite...' is not assignable to parameter of type 'SupabaseClient<any, "public", "public", any, any>'.
  Type '{ Tables: { departments: { Row: { id: string; name: string; slug: string; short_name: string | null; established_year: number | null; vision: string | null; mission: string | null; academic_excellence: string | null; ... 6 more ...; updated_at: string; }; Insert: Omit<...>; Update: Partial<...>; }; department_settin...' is not assignable to type '"public"'.
src/actions/student/education.actions.ts(42,29): error TS2322: Type '{ academic_status: "completed" | "studying" | "discontinued"; admission_date: string | null; batch_id: string; created_at: string; created_by: string | null; deleted_at: string | null; ... 9 more ...; updated_by: string | null; }' is not assignable to type 'void'.
src/actions/student/education.actions.ts(54,47): error TS2345: Argument of type 'SupabaseClient<Database, "public", { Tables: { departments: { Row: { id: string; name: string; slug: string; short_name: string | null; established_year: number | null; vision: string | null; ... 8 more ...; updated_at: string; }; Insert: Omit<...>; Update: Partial<...>; }; department_settings: { ...; }; content_ite...' is not assignable to parameter of type 'SupabaseClient<any, "public", "public", any, any>'.
  Type '{ Tables: { departments: { Row: { id: string; name: string; slug: string; short_name: string | null; established_year: number | null; vision: string | null; mission: string | null; academic_excellence: string | null; ... 6 more ...; updated_at: string; }; Insert: Omit<...>; Update: Partial<...>; }; department_settin...' is not assignable to type '"public"'.
src/actions/student/education.actions.ts(57,51): error TS2345: Argument of type 'SupabaseClient<Database, "public", { Tables: { departments: { Row: { id: string; name: string; slug: string; short_name: string | null; established_year: number | null; vision: string | null; ... 8 more ...; updated_at: string; }; Insert: Omit<...>; Update: Partial<...>; }; department_settings: { ...; }; content_ite...' is not assignable to parameter of type 'SupabaseClient<any, "public", "public", any, any>'.
  Type '{ Tables: { departments: { Row: { id: string; name: string; slug: string; short_name: string | null; established_year: number | null; vision: string | null; mission: string | null; academic_excellence: string | null; ... 6 more ...; updated_at: string; }; Insert: Omit<...>; Update: Partial<...>; }; department_settin...' is not assignable to type '"public"'.
src/actions/student/education.actions.ts(62,29): error TS2322: Type '{ academic_status: "completed" | "studying" | "discontinued"; admission_date: string | null; batch_id: string; created_at: string; created_by: string | null; deleted_at: string | null; ... 9 more ...; updated_by: string | null; }' is not assignable to type 'void'.
src/actions/student/education.actions.ts(72,47): error TS2345: Argument of type 'SupabaseClient<Database, "public", { Tables: { departments: { Row: { id: string; name: string; slug: string; short_name: string | null; established_year: number | null; vision: string | null; ... 8 more ...; updated_at: string; }; Insert: Omit<...>; Update: Partial<...>; }; department_settings: { ...; }; content_ite...' is not assignable to parameter of type 'SupabaseClient<any, "public", "public", any, any>'.
  Type '{ Tables: { departments: { Row: { id: string; name: string; slug: string; short_name: string | null; established_year: number | null; vision: string | null; mission: string | null; academic_excellence: string | null; ... 6 more ...; updated_at: string; }; Insert: Omit<...>; Update: Partial<...>; }; department_settin...' is not assignable to type '"public"'.
src/actions/student/education.actions.ts(75,51): error TS2345: Argument of type 'SupabaseClient<Database, "public", { Tables: { departments: { Row: { id: string; name: string; slug: string; short_name: string | null; established_year: number | null; vision: string | null; ... 8 more ...; updated_at: string; }; Insert: Omit<...>; Update: Partial<...>; }; department_settings: { ...; }; content_ite...' is not assignable to parameter of type 'SupabaseClient<any, "public", "public", any, any>'.
  Type '{ Tables: { departments: { Row: { id: string; name: string; slug: string; short_name: string | null; established_year: number | null; vision: string | null; mission: string | null; academic_excellence: string | null; ... 6 more ...; updated_at: string; }; Insert: Omit<...>; Update: Partial<...>; }; department_settin...' is not assignable to type '"public"'.
src/actions/student/education.actions.ts(80,29): error TS2322: Type 'null' is not assignable to type 'void'.
src/actions/student/gallery.actions.ts(15,47): error TS2345: Argument of type 'SupabaseClient<Database, "public", { Tables: { departments: { Row: { id: string; name: string; slug: string; short_name: string | null; established_year: number | null; vision: string | null; ... 8 more ...; updated_at: string; }; Insert: Omit<...>; Update: Partial<...>; }; department_settings: { ...; }; content_ite...' is not assignable to parameter of type 'SupabaseClient<any, "public", "public", any, any>'.
  Type '{ Tables: { departments: { Row: { id: string; name: string; slug: string; short_name: string | null; established_year: number | null; vision: string | null; mission: string | null; academic_excellence: string | null; ... 6 more ...; updated_at: string; }; Insert: Omit<...>; Update: Partial<...>; }; department_settin...' is not assignable to type '"public"'.
src/actions/student/gallery.actions.ts(18,54): error TS2345: Argument of type 'SupabaseClient<Database, "public", { Tables: { departments: { Row: { id: string; name: string; slug: string; short_name: string | null; established_year: number | null; vision: string | null; ... 8 more ...; updated_at: string; }; Insert: Omit<...>; Update: Partial<...>; }; department_settings: { ...; }; content_ite...' is not assignable to parameter of type 'SupabaseClient<any, "public", "public", any, any>'.
  Type '{ Tables: { departments: { Row: { id: string; name: string; slug: string; short_name: string | null; established_year: number | null; vision: string | null; mission: string | null; academic_excellence: string | null; ... 6 more ...; updated_at: string; }; Insert: Omit<...>; Update: Partial<...>; }; department_settin...' is not assignable to type '"public"'.
src/actions/student/gallery.actions.ts(21,29): error TS2322: Type '{ data: { caption: string | null; created_at: string; display_order: number; gallery_album_id: string; id: string; is_cover: boolean; is_featured: boolean; media_file_id: string; uploaded_by: string | null; }[]; count: number; }' is not assignable to type 'void'.
src/actions/student/gallery.actions.ts(36,47): error TS2345: Argument of type 'SupabaseClient<Database, "public", { Tables: { departments: { Row: { id: string; name: string; slug: string; short_name: string | null; established_year: number | null; vision: string | null; ... 8 more ...; updated_at: string; }; Insert: Omit<...>; Update: Partial<...>; }; department_settings: { ...; }; content_ite...' is not assignable to parameter of type 'SupabaseClient<any, "public", "public", any, any>'.
  Type '{ Tables: { departments: { Row: { id: string; name: string; slug: string; short_name: string | null; established_year: number | null; vision: string | null; mission: string | null; academic_excellence: string | null; ... 6 more ...; updated_at: string; }; Insert: Omit<...>; Update: Partial<...>; }; department_settin...' is not assignable to type '"public"'.
src/actions/student/gallery.actions.ts(39,54): error TS2345: Argument of type 'SupabaseClient<Database, "public", { Tables: { departments: { Row: { id: string; name: string; slug: string; short_name: string | null; established_year: number | null; vision: string | null; ... 8 more ...; updated_at: string; }; Insert: Omit<...>; Update: Partial<...>; }; department_settings: { ...; }; content_ite...' is not assignable to parameter of type 'SupabaseClient<any, "public", "public", any, any>'.
  Type '{ Tables: { departments: { Row: { id: string; name: string; slug: string; short_name: string | null; established_year: number | null; vision: string | null; mission: string | null; academic_excellence: string | null; ... 6 more ...; updated_at: string; }; Insert: Omit<...>; Update: Partial<...>; }; department_settin...' is not assignable to type '"public"'.
src/actions/student/gallery.actions.ts(44,29): error TS2322: Type '{ caption: string | null; created_at: string; display_order: number; gallery_album_id: string; id: string; is_cover: boolean; is_featured: boolean; media_file_id: string; uploaded_by: string | null; }' is not assignable to type 'void'.
src/actions/student/gallery.actions.ts(54,47): error TS2345: Argument of type 'SupabaseClient<Database, "public", { Tables: { departments: { Row: { id: string; name: string; slug: string; short_name: string | null; established_year: number | null; vision: string | null; ... 8 more ...; updated_at: string; }; Insert: Omit<...>; Update: Partial<...>; }; department_settings: { ...; }; content_ite...' is not assignable to parameter of type 'SupabaseClient<any, "public", "public", any, any>'.
  Type '{ Tables: { departments: { Row: { id: string; name: string; slug: string; short_name: string | null; established_year: number | null; vision: string | null; mission: string | null; academic_excellence: string | null; ... 6 more ...; updated_at: string; }; Insert: Omit<...>; Update: Partial<...>; }; department_settin...' is not assignable to type '"public"'.
src/actions/student/gallery.actions.ts(57,54): error TS2345: Argument of type 'SupabaseClient<Database, "public", { Tables: { departments: { Row: { id: string; name: string; slug: string; short_name: string | null; established_year: number | null; vision: string | null; ... 8 more ...; updated_at: string; }; Insert: Omit<...>; Update: Partial<...>; }; department_settings: { ...; }; content_ite...' is not assignable to parameter of type 'SupabaseClient<any, "public", "public", any, any>'.
  Type '{ Tables: { departments: { Row: { id: string; name: string; slug: string; short_name: string | null; established_year: number | null; vision: string | null; mission: string | null; academic_excellence: string | null; ... 6 more ...; updated_at: string; }; Insert: Omit<...>; Update: Partial<...>; }; department_settin...' is not assignable to type '"public"'.
src/actions/student/gallery.actions.ts(62,29): error TS2322: Type 'null' is not assignable to type 'void'.
src/actions/student/gallery.actions.ts(72,47): error TS2345: Argument of type 'SupabaseClient<Database, "public", { Tables: { departments: { Row: { id: string; name: string; slug: string; short_name: string | null; established_year: number | null; vision: string | null; ... 8 more ...; updated_at: string; }; Insert: Omit<...>; Update: Partial<...>; }; department_settings: { ...; }; content_ite...' is not assignable to parameter of type 'SupabaseClient<any, "public", "public", any, any>'.
  Type '{ Tables: { departments: { Row: { id: string; name: string; slug: string; short_name: string | null; established_year: number | null; vision: string | null; mission: string | null; academic_excellence: string | null; ... 6 more ...; updated_at: string; }; Insert: Omit<...>; Update: Partial<...>; }; department_settin...' is not assignable to type '"public"'.
src/actions/student/gallery.actions.ts(75,54): error TS2345: Argument of type 'SupabaseClient<Database, "public", { Tables: { departments: { Row: { id: string; name: string; slug: string; short_name: string | null; established_year: number | null; vision: string | null; ... 8 more ...; updated_at: string; }; Insert: Omit<...>; Update: Partial<...>; }; department_settings: { ...; }; content_ite...' is not assignable to parameter of type 'SupabaseClient<any, "public", "public", any, any>'.
  Type '{ Tables: { departments: { Row: { id: string; name: string; slug: string; short_name: string | null; established_year: number | null; vision: string | null; mission: string | null; academic_excellence: string | null; ... 6 more ...; updated_at: string; }; Insert: Omit<...>; Update: Partial<...>; }; department_settin...' is not assignable to type '"public"'.
src/actions/student/gallery.actions.ts(80,29): error TS2322: Type 'null' is not assignable to type 'void'.
src/actions/student/gallery.actions.ts(90,47): error TS2345: Argument of type 'SupabaseClient<Database, "public", { Tables: { departments: { Row: { id: string; name: string; slug: string; short_name: string | null; established_year: number | null; vision: string | null; ... 8 more ...; updated_at: string; }; Insert: Omit<...>; Update: Partial<...>; }; department_settings: { ...; }; content_ite...' is not assignable to parameter of type 'SupabaseClient<any, "public", "public", any, any>'.
  Type '{ Tables: { departments: { Row: { id: string; name: string; slug: string; short_name: string | null; established_year: number | null; vision: string | null; mission: string | null; academic_excellence: string | null; ... 6 more ...; updated_at: string; }; Insert: Omit<...>; Update: Partial<...>; }; department_settin...' is not assignable to type '"public"'.
src/actions/student/gallery.actions.ts(93,54): error TS2345: Argument of type 'SupabaseClient<Database, "public", { Tables: { departments: { Row: { id: string; name: string; slug: string; short_name: string | null; established_year: number | null; vision: string | null; ... 8 more ...; updated_at: string; }; Insert: Omit<...>; Update: Partial<...>; }; department_settings: { ...; }; content_ite...' is not assignable to parameter of type 'SupabaseClient<any, "public", "public", any, any>'.
  Type '{ Tables: { departments: { Row: { id: string; name: string; slug: string; short_name: string | null; established_year: number | null; vision: string | null; mission: string | null; academic_excellence: string | null; ... 6 more ...; updated_at: string; }; Insert: Omit<...>; Update: Partial<...>; }; department_settin...' is not assignable to type '"public"'.
src/actions/student/gallery.actions.ts(96,29): error TS2322: Type '{ cover_media_id: string | null; created_at: string; created_by: string | null; deleted_at: string | null; description: string | null; entity_id: string; entity_type: "university" | ... 7 more ... | "content"; ... 6 more ...; updated_at: string; }[]' is not assignable to type 'void'.
src/actions/student/gallery.actions.ts(106,47): error TS2345: Argument of type 'SupabaseClient<Database, "public", { Tables: { departments: { Row: { id: string; name: string; slug: string; short_name: string | null; established_year: number | null; vision: string | null; ... 8 more ...; updated_at: string; }; Insert: Omit<...>; Update: Partial<...>; }; department_settings: { ...; }; content_ite...' is not assignable to parameter of type 'SupabaseClient<any, "public", "public", any, any>'.
  Type '{ Tables: { departments: { Row: { id: string; name: string; slug: string; short_name: string | null; established_year: number | null; vision: string | null; mission: string | null; academic_excellence: string | null; ... 6 more ...; updated_at: string; }; Insert: Omit<...>; Update: Partial<...>; }; department_settin...' is not assignable to type '"public"'.
src/actions/student/gallery.actions.ts(109,54): error TS2345: Argument of type 'SupabaseClient<Database, "public", { Tables: { departments: { Row: { id: string; name: string; slug: string; short_name: string | null; established_year: number | null; vision: string | null; ... 8 more ...; updated_at: string; }; Insert: Omit<...>; Update: Partial<...>; }; department_settings: { ...; }; content_ite...' is not assignable to parameter of type 'SupabaseClient<any, "public", "public", any, any>'.
  Type '{ Tables: { departments: { Row: { id: string; name: string; slug: string; short_name: string | null; established_year: number | null; vision: string | null; mission: string | null; academic_excellence: string | null; ... 6 more ...; updated_at: string; }; Insert: Omit<...>; Update: Partial<...>; }; department_settin...' is not assignable to type '"public"'.
src/actions/student/gallery.actions.ts(112,29): error TS2322: Type '{ cover_media_id: string | null; created_at: string; created_by: string | null; deleted_at: string | null; description: string | null; entity_id: string; entity_type: "university" | ... 7 more ... | "content"; ... 6 more ...; updated_at: string; }' is not assignable to type 'void'.
src/actions/student/hostel.actions.ts(15,47): error TS2345: Argument of type 'SupabaseClient<Database, "public", { Tables: { departments: { Row: { id: string; name: string; slug: string; short_name: string | null; established_year: number | null; vision: string | null; ... 8 more ...; updated_at: string; }; Insert: Omit<...>; Update: Partial<...>; }; department_settings: { ...; }; content_ite...' is not assignable to parameter of type 'SupabaseClient<any, "public", "public", any, any>'.
  Type '{ Tables: { departments: { Row: { id: string; name: string; slug: string; short_name: string | null; established_year: number | null; vision: string | null; mission: string | null; academic_excellence: string | null; ... 6 more ...; updated_at: string; }; Insert: Omit<...>; Update: Partial<...>; }; department_settin...' is not assignable to type '"public"'.
src/actions/student/hostel.actions.ts(18,45): error TS2345: Argument of type 'SupabaseClient<Database, "public", { Tables: { departments: { Row: { id: string; name: string; slug: string; short_name: string | null; established_year: number | null; vision: string | null; ... 8 more ...; updated_at: string; }; Insert: Omit<...>; Update: Partial<...>; }; department_settings: { ...; }; content_ite...' is not assignable to parameter of type 'SupabaseClient<any, "public", "public", any, any>'.
  Type '{ Tables: { departments: { Row: { id: string; name: string; slug: string; short_name: string | null; established_year: number | null; vision: string | null; mission: string | null; academic_excellence: string | null; ... 6 more ...; updated_at: string; }; Insert: Omit<...>; Update: Partial<...>; }; department_settin...' is not assignable to type '"public"'.
src/actions/student/hostel.actions.ts(21,29): error TS2322: Type '{ batch_year: string; created_at: string; department_name: string | null; hostel_id: string; id: string; is_alumni: boolean; is_verified_by_bmc: boolean; joined_date: string | null; left_date: string | null; profile_id: string; room_number: string | null; updated_at: string; } | null' is not assignable to type 'void'.
  Type 'null' is not assignable to type 'void'.
src/actions/student/hostel.actions.ts(31,47): error TS2345: Argument of type 'SupabaseClient<Database, "public", { Tables: { departments: { Row: { id: string; name: string; slug: string; short_name: string | null; established_year: number | null; vision: string | null; ... 8 more ...; updated_at: string; }; Insert: Omit<...>; Update: Partial<...>; }; department_settings: { ...; }; content_ite...' is not assignable to parameter of type 'SupabaseClient<any, "public", "public", any, any>'.
  Type '{ Tables: { departments: { Row: { id: string; name: string; slug: string; short_name: string | null; established_year: number | null; vision: string | null; mission: string | null; academic_excellence: string | null; ... 6 more ...; updated_at: string; }; Insert: Omit<...>; Update: Partial<...>; }; department_settin...' is not assignable to type '"public"'.
src/actions/student/hostel.actions.ts(34,45): error TS2345: Argument of type 'SupabaseClient<Database, "public", { Tables: { departments: { Row: { id: string; name: string; slug: string; short_name: string | null; established_year: number | null; vision: string | null; ... 8 more ...; updated_at: string; }; Insert: Omit<...>; Update: Partial<...>; }; department_settings: { ...; }; content_ite...' is not assignable to parameter of type 'SupabaseClient<any, "public", "public", any, any>'.
  Type '{ Tables: { departments: { Row: { id: string; name: string; slug: string; short_name: string | null; established_year: number | null; vision: string | null; mission: string | null; academic_excellence: string | null; ... 6 more ...; updated_at: string; }; Insert: Omit<...>; Update: Partial<...>; }; department_settin...' is not assignable to type '"public"'.
src/actions/student/hostel.actions.ts(37,29): error TS2322: Type '{ batch_year: string; created_at: string; department_name: string | null; hostel_id: string; id: string; is_alumni: boolean; is_verified_by_bmc: boolean; joined_date: string | null; left_date: string | null; profile_id: string; room_number: string | null; updated_at: string; }[]' is not assignable to type 'void'.
src/actions/student/notification.actions.ts(13,47): error TS2554: Expected 0 arguments, but got 1.
src/actions/student/notification.actions.ts(18,57): error TS2345: Argument of type 'SupabaseClient<Database, "public", { Tables: { departments: { Row: { id: string; name: string; slug: string; short_name: string | null; established_year: number | null; vision: string | null; ... 8 more ...; updated_at: string; }; Insert: Omit<...>; Update: Partial<...>; }; department_settings: { ...; }; content_ite...' is not assignable to parameter of type 'SupabaseClient<any, "public", "public", any, any>'.
  Type '{ Tables: { departments: { Row: { id: string; name: string; slug: string; short_name: string | null; established_year: number | null; vision: string | null; mission: string | null; academic_excellence: string | null; ... 6 more ...; updated_at: string; }; Insert: Omit<...>; Update: Partial<...>; }; department_settin...' is not assignable to type '"public"'.
src/actions/student/notification.actions.ts(21,29): error TS2322: Type '{ data: { created_at: string; entity_id: string | null; entity_type: "university" | "department" | "hostel" | "organization" | "profile" | "competition" | "campaign" | "gallery_album" | "content" | null; ... 7 more ...; title: string; }[]; count: number; }' is not assignable to type 'void'.
src/actions/student/notification.actions.ts(32,57): error TS2345: Argument of type 'SupabaseClient<Database, "public", { Tables: { departments: { Row: { id: string; name: string; slug: string; short_name: string | null; established_year: number | null; vision: string | null; ... 8 more ...; updated_at: string; }; Insert: Omit<...>; Update: Partial<...>; }; department_settings: { ...; }; content_ite...' is not assignable to parameter of type 'SupabaseClient<any, "public", "public", any, any>'.
  Type '{ Tables: { departments: { Row: { id: string; name: string; slug: string; short_name: string | null; established_year: number | null; vision: string | null; mission: string | null; academic_excellence: string | null; ... 6 more ...; updated_at: string; }; Insert: Omit<...>; Update: Partial<...>; }; department_settin...' is not assignable to type '"public"'.
src/actions/student/notification.actions.ts(35,29): error TS2322: Type 'null' is not assignable to type 'void'.
src/actions/student/notification.actions.ts(45,47): error TS2554: Expected 0 arguments, but got 1.
src/actions/student/notification.actions.ts(50,57): error TS2345: Argument of type 'SupabaseClient<Database, "public", { Tables: { departments: { Row: { id: string; name: string; slug: string; short_name: string | null; established_year: number | null; vision: string | null; ... 8 more ...; updated_at: string; }; Insert: Omit<...>; Update: Partial<...>; }; department_settings: { ...; }; content_ite...' is not assignable to parameter of type 'SupabaseClient<any, "public", "public", any, any>'.
  Type '{ Tables: { departments: { Row: { id: string; name: string; slug: string; short_name: string | null; established_year: number | null; vision: string | null; mission: string | null; academic_excellence: string | null; ... 6 more ...; updated_at: string; }; Insert: Omit<...>; Update: Partial<...>; }; department_settin...' is not assignable to type '"public"'.
src/actions/student/notification.actions.ts(53,29): error TS2322: Type 'null' is not assignable to type 'void'.
src/actions/student/notification.actions.ts(63,47): error TS2554: Expected 0 arguments, but got 1.
src/actions/student/notification.actions.ts(68,57): error TS2345: Argument of type 'SupabaseClient<Database, "public", { Tables: { departments: { Row: { id: string; name: string; slug: string; short_name: string | null; established_year: number | null; vision: string | null; ... 8 more ...; updated_at: string; }; Insert: Omit<...>; Update: Partial<...>; }; department_settings: { ...; }; content_ite...' is not assignable to parameter of type 'SupabaseClient<any, "public", "public", any, any>'.
  Type '{ Tables: { departments: { Row: { id: string; name: string; slug: string; short_name: string | null; established_year: number | null; vision: string | null; mission: string | null; academic_excellence: string | null; ... 6 more ...; updated_at: string; }; Insert: Omit<...>; Update: Partial<...>; }; department_settin...' is not assignable to type '"public"'.
src/actions/student/notification.actions.ts(71,29): error TS2322: Type 'number' is not assignable to type 'void'.
src/actions/student/organization.actions.ts(16,47): error TS2345: Argument of type 'SupabaseClient<Database, "public", { Tables: { departments: { Row: { id: string; name: string; slug: string; short_name: string | null; established_year: number | null; vision: string | null; ... 8 more ...; updated_at: string; }; Insert: Omit<...>; Update: Partial<...>; }; department_settings: { ...; }; content_ite...' is not assignable to parameter of type 'SupabaseClient<any, "public", "public", any, any>'.
  Type '{ Tables: { departments: { Row: { id: string; name: string; slug: string; short_name: string | null; established_year: number | null; vision: string | null; mission: string | null; academic_excellence: string | null; ... 6 more ...; updated_at: string; }; Insert: Omit<...>; Update: Partial<...>; }; department_settin...' is not assignable to type '"public"'.
src/actions/student/organization.actions.ts(19,48): error TS2345: Argument of type 'SupabaseClient<Database, "public", { Tables: { departments: { Row: { id: string; name: string; slug: string; short_name: string | null; established_year: number | null; vision: string | null; ... 8 more ...; updated_at: string; }; Insert: Omit<...>; Update: Partial<...>; }; department_settings: { ...; }; content_ite...' is not assignable to parameter of type 'SupabaseClient<any, "public", "public", any, any>'.
  Type '{ Tables: { departments: { Row: { id: string; name: string; slug: string; short_name: string | null; established_year: number | null; vision: string | null; mission: string | null; academic_excellence: string | null; ... 6 more ...; updated_at: string; }; Insert: Omit<...>; Update: Partial<...>; }; department_settin...' is not assignable to type '"public"'.
src/actions/student/organization.actions.ts(22,29): error TS2322: Type '{ can_manage_org: boolean; created_at: string; designation: string | null; end_date: string | null; id: string; org_id: string; profile_id: string; role: string; start_date: string; status: string; updated_at: string; }[]' is not assignable to type 'void'.
src/actions/student/organization.actions.ts(34,47): error TS2345: Argument of type 'SupabaseClient<Database, "public", { Tables: { departments: { Row: { id: string; name: string; slug: string; short_name: string | null; established_year: number | null; vision: string | null; ... 8 more ...; updated_at: string; }; Insert: Omit<...>; Update: Partial<...>; }; department_settings: { ...; }; content_ite...' is not assignable to parameter of type 'SupabaseClient<any, "public", "public", any, any>'.
  Type '{ Tables: { departments: { Row: { id: string; name: string; slug: string; short_name: string | null; established_year: number | null; vision: string | null; mission: string | null; academic_excellence: string | null; ... 6 more ...; updated_at: string; }; Insert: Omit<...>; Update: Partial<...>; }; department_settin...' is not assignable to type '"public"'.
src/actions/student/organization.actions.ts(37,48): error TS2345: Argument of type 'SupabaseClient<Database, "public", { Tables: { departments: { Row: { id: string; name: string; slug: string; short_name: string | null; established_year: number | null; vision: string | null; ... 8 more ...; updated_at: string; }; Insert: Omit<...>; Update: Partial<...>; }; department_settings: { ...; }; content_ite...' is not assignable to parameter of type 'SupabaseClient<any, "public", "public", any, any>'.
  Type '{ Tables: { departments: { Row: { id: string; name: string; slug: string; short_name: string | null; established_year: number | null; vision: string | null; mission: string | null; academic_excellence: string | null; ... 6 more ...; updated_at: string; }; Insert: Omit<...>; Update: Partial<...>; }; department_settin...' is not assignable to type '"public"'.
src/actions/student/organization.actions.ts(42,29): error TS2322: Type '{ can_manage_org: boolean; created_at: string; designation: string | null; end_date: string | null; id: string; org_id: string; profile_id: string; role: string; start_date: string; status: string; updated_at: string; }' is not assignable to type 'void'.
src/actions/student/organization.actions.ts(52,47): error TS2345: Argument of type 'SupabaseClient<Database, "public", { Tables: { departments: { Row: { id: string; name: string; slug: string; short_name: string | null; established_year: number | null; vision: string | null; ... 8 more ...; updated_at: string; }; Insert: Omit<...>; Update: Partial<...>; }; department_settings: { ...; }; content_ite...' is not assignable to parameter of type 'SupabaseClient<any, "public", "public", any, any>'.
  Type '{ Tables: { departments: { Row: { id: string; name: string; slug: string; short_name: string | null; established_year: number | null; vision: string | null; mission: string | null; academic_excellence: string | null; ... 6 more ...; updated_at: string; }; Insert: Omit<...>; Update: Partial<...>; }; department_settin...' is not assignable to type '"public"'.
src/actions/student/organization.actions.ts(55,48): error TS2345: Argument of type 'SupabaseClient<Database, "public", { Tables: { departments: { Row: { id: string; name: string; slug: string; short_name: string | null; established_year: number | null; vision: string | null; ... 8 more ...; updated_at: string; }; Insert: Omit<...>; Update: Partial<...>; }; department_settings: { ...; }; content_ite...' is not assignable to parameter of type 'SupabaseClient<any, "public", "public", any, any>'.
  Type '{ Tables: { departments: { Row: { id: string; name: string; slug: string; short_name: string | null; established_year: number | null; vision: string | null; mission: string | null; academic_excellence: string | null; ... 6 more ...; updated_at: string; }; Insert: Omit<...>; Update: Partial<...>; }; department_settin...' is not assignable to type '"public"'.
src/actions/student/organization.actions.ts(60,29): error TS2322: Type 'null' is not assignable to type 'void'.
src/actions/student/profile.actions.ts(15,40): error TS2345: Argument of type 'SupabaseClient<Database, "public", { Tables: { departments: { Row: { id: string; name: string; slug: string; short_name: string | null; established_year: number | null; vision: string | null; ... 8 more ...; updated_at: string; }; Insert: Omit<...>; Update: Partial<...>; }; department_settings: { ...; }; content_ite...' is not assignable to parameter of type 'SupabaseClient<any, "public", "public", any, any>'.
  Type '{ Tables: { departments: { Row: { id: string; name: string; slug: string; short_name: string | null; established_year: number | null; vision: string | null; mission: string | null; academic_excellence: string | null; ... 6 more ...; updated_at: string; }; Insert: Omit<...>; Update: Partial<...>; }; department_settin...' is not assignable to type '"public"'.
src/actions/student/profile.actions.ts(17,29): error TS2322: Type 'Profile' is not assignable to type 'void'.
src/actions/student/profile.actions.ts(26,40): error TS2345: Argument of type 'SupabaseClient<Database, "public", { Tables: { departments: { Row: { id: string; name: string; slug: string; short_name: string | null; established_year: number | null; vision: string | null; ... 8 more ...; updated_at: string; }; Insert: Omit<...>; Update: Partial<...>; }; department_settings: { ...; }; content_ite...' is not assignable to parameter of type 'SupabaseClient<any, "public", "public", any, any>'.
  Type '{ Tables: { departments: { Row: { id: string; name: string; slug: string; short_name: string | null; established_year: number | null; vision: string | null; mission: string | null; academic_excellence: string | null; ... 6 more ...; updated_at: string; }; Insert: Omit<...>; Update: Partial<...>; }; department_settin...' is not assignable to type '"public"'.
src/actions/student/profile.actions.ts(28,29): error TS2322: Type 'Partial<Profile>' is not assignable to type 'void'.
src/actions/student/profile.actions.ts(39,40): error TS2345: Argument of type 'SupabaseClient<Database, "public", { Tables: { departments: { Row: { id: string; name: string; slug: string; short_name: string | null; established_year: number | null; vision: string | null; ... 8 more ...; updated_at: string; }; Insert: Omit<...>; Update: Partial<...>; }; department_settings: { ...; }; content_ite...' is not assignable to parameter of type 'SupabaseClient<any, "public", "public", any, any>'.
  Type '{ Tables: { departments: { Row: { id: string; name: string; slug: string; short_name: string | null; established_year: number | null; vision: string | null; mission: string | null; academic_excellence: string | null; ... 6 more ...; updated_at: string; }; Insert: Omit<...>; Update: Partial<...>; }; department_settin...' is not assignable to type '"public"'.
src/actions/student/profile.actions.ts(47,29): error TS2322: Type 'Profile' is not assignable to type 'void'.
src/actions/student/profile.actions.ts(60,40): error TS2345: Argument of type 'SupabaseClient<Database, "public", { Tables: { departments: { Row: { id: string; name: string; slug: string; short_name: string | null; established_year: number | null; vision: string | null; ... 8 more ...; updated_at: string; }; Insert: Omit<...>; Update: Partial<...>; }; department_settings: { ...; }; content_ite...' is not assignable to parameter of type 'SupabaseClient<any, "public", "public", any, any>'.
  Type '{ Tables: { departments: { Row: { id: string; name: string; slug: string; short_name: string | null; established_year: number | null; vision: string | null; mission: string | null; academic_excellence: string | null; ... 6 more ...; updated_at: string; }; Insert: Omit<...>; Update: Partial<...>; }; department_settin...' is not assignable to type '"public"'.
src/actions/student/profile.actions.ts(67,29): error TS2322: Type '{ url: string; }' is not assignable to type 'void'.
src/actions/student/profile.actions.ts(80,40): error TS2345: Argument of type 'SupabaseClient<Database, "public", { Tables: { departments: { Row: { id: string; name: string; slug: string; short_name: string | null; established_year: number | null; vision: string | null; ... 8 more ...; updated_at: string; }; Insert: Omit<...>; Update: Partial<...>; }; department_settings: { ...; }; content_ite...' is not assignable to parameter of type 'SupabaseClient<any, "public", "public", any, any>'.
  Type '{ Tables: { departments: { Row: { id: string; name: string; slug: string; short_name: string | null; established_year: number | null; vision: string | null; mission: string | null; academic_excellence: string | null; ... 6 more ...; updated_at: string; }; Insert: Omit<...>; Update: Partial<...>; }; department_settin...' is not assignable to type '"public"'.
src/actions/student/profile.actions.ts(87,29): error TS2322: Type '{ url: string; }' is not assignable to type 'void'.
src/actions/student/profile.actions.ts(98,40): error TS2345: Argument of type 'SupabaseClient<Database, "public", { Tables: { departments: { Row: { id: string; name: string; slug: string; short_name: string | null; established_year: number | null; vision: string | null; ... 8 more ...; updated_at: string; }; Insert: Omit<...>; Update: Partial<...>; }; department_settings: { ...; }; content_ite...' is not assignable to parameter of type 'SupabaseClient<any, "public", "public", any, any>'.
  Type '{ Tables: { departments: { Row: { id: string; name: string; slug: string; short_name: string | null; established_year: number | null; vision: string | null; mission: string | null; academic_excellence: string | null; ... 6 more ...; updated_at: string; }; Insert: Omit<...>; Update: Partial<...>; }; department_settin...' is not assignable to type '"public"'.
src/actions/student/profile.actions.ts(105,29): error TS2322: Type 'Profile' is not assignable to type 'void'.
src/actions/student/profile.actions.ts(116,40): error TS2345: Argument of type 'SupabaseClient<Database, "public", { Tables: { departments: { Row: { id: string; name: string; slug: string; short_name: string | null; established_year: number | null; vision: string | null; ... 8 more ...; updated_at: string; }; Insert: Omit<...>; Update: Partial<...>; }; department_settings: { ...; }; content_ite...' is not assignable to parameter of type 'SupabaseClient<any, "public", "public", any, any>'.
  Type '{ Tables: { departments: { Row: { id: string; name: string; slug: string; short_name: string | null; established_year: number | null; vision: string | null; mission: string | null; academic_excellence: string | null; ... 6 more ...; updated_at: string; }; Insert: Omit<...>; Update: Partial<...>; }; department_settin...' is not assignable to type '"public"'.
src/actions/student/profile.actions.ts(123,29): error TS2322: Type 'Profile' is not assignable to type 'void'.
src/actions/student/verification.actions.ts(15,47): error TS2554: Expected 0 arguments, but got 1.
src/actions/student/verification.actions.ts(25,9): error TS2353: Object literal may only specify known properties, and 'status' does not exist in type 'never[]'.
src/actions/student/verification.actions.ts(43,47): error TS2554: Expected 0 arguments, but got 1.
src/actions/student/verification.actions.ts(60,29): error TS2322: Type '{ status: string; }' is not assignable to type 'void'.
src/actions/student/verification.actions.ts(70,47): error TS2554: Expected 0 arguments, but got 1.
src/actions/student/verification.actions.ts(85,29): error TS2322: Type 'never[]' is not assignable to type 'void'.
src/app/(dashboard)/admin/competitions/[competitionId]/results/page.tsx(33,90): error TS2345: Argument of type '{ p_competition_id: string; }' is not assignable to parameter of type 'undefined'.
src/app/(dashboard)/admin/competitions/[competitionId]/results/page.tsx(64,5): error TS2345: Argument of type 'SupabaseClient<Database, "public", { Tables: { departments: { Row: { id: string; name: string; slug: string; short_name: string | null; established_year: number | null; vision: string | null; ... 8 more ...; updated_at: string; }; Insert: Omit<...>; Update: Partial<...>; }; department_settings: { ...; }; content_ite...' is not assignable to parameter of type 'SupabaseClient<any, "public", "public", any, any>'.
  Type '{ Tables: { departments: { Row: { id: string; name: string; slug: string; short_name: string | null; established_year: number | null; vision: string | null; mission: string | null; academic_excellence: string | null; ... 6 more ...; updated_at: string; }; Insert: Omit<...>; Update: Partial<...>; }; department_settin...' is not assignable to type '"public"'.
src/app/(dashboard)/admin/competitions/[competitionId]/results/page.tsx(74,5): error TS2345: Argument of type 'SupabaseClient<Database, "public", { Tables: { departments: { Row: { id: string; name: string; slug: string; short_name: string | null; established_year: number | null; vision: string | null; ... 8 more ...; updated_at: string; }; Insert: Omit<...>; Update: Partial<...>; }; department_settings: { ...; }; content_ite...' is not assignable to parameter of type 'SupabaseClient<any, "public", "public", any, any>'.
  Type '{ Tables: { departments: { Row: { id: string; name: string; slug: string; short_name: string | null; established_year: number | null; vision: string | null; mission: string | null; academic_excellence: string | null; ... 6 more ...; updated_at: string; }; Insert: Omit<...>; Update: Partial<...>; }; department_settin...' is not assignable to type '"public"'.
src/app/(dashboard)/admin/competitions/page.tsx(42,32): error TS2339: Property 'id' does not exist on type 'never'.
src/app/(dashboard)/admin/competitions/page.tsx(47,69): error TS2339: Property 'profile_type' does not exist on type 'never'.
src/app/(dashboard)/admin/competitions/page.tsx(149,28): error TS2339: Property 'id' does not exist on type 'never'.
src/app/(dashboard)/admin/competitions/page.tsx(154,28): error TS2339: Property 'title' does not exist on type 'never'.
src/app/(dashboard)/admin/competitions/page.tsx(156,79): error TS2339: Property 'slug' does not exist on type 'never'.
src/app/(dashboard)/admin/competitions/page.tsx(161,28): error TS2339: Property 'category' does not exist on type 'never'.
src/app/(dashboard)/admin/competitions/page.tsx(166,26): error TS2339: Property 'level' does not exist on type 'never'.
src/app/(dashboard)/admin/competitions/page.tsx(170,26): error TS2339: Property 'organizer_name' does not exist on type 'never'.
src/app/(dashboard)/admin/competitions/page.tsx(174,26): error TS2339: Property 'start_date' does not exist on type 'never'.
src/app/(dashboard)/admin/competitions/page.tsx(175,38): error TS2339: Property 'start_date' does not exist on type 'never'.
src/app/(dashboard)/admin/competitions/page.tsx(186,52): error TS2339: Property 'slug' does not exist on type 'never'.
src/app/(dashboard)/admin/competitions/page.tsx(195,58): error TS2339: Property 'id' does not exist on type 'never'.
src/app/(dashboard)/admin/roles/page.tsx(39,33): error TS2339: Property 'id' does not exist on type 'never'.
src/app/(dashboard)/admin/roles/page.tsx(50,34): error TS2339: Property 'profile_type' does not exist on type 'never'.
src/app/(dashboard)/admin/roles/profiles/[profileId]/page.tsx(58,73): error TS2339: Property 'id' does not exist on type 'never'.
src/app/(dashboard)/admin/roles/profiles/[profileId]/page.tsx(166,30): error TS2339: Property 'education_records' does not exist on type 'never'.
src/app/(dashboard)/admin/roles/profiles/[profileId]/page.tsx(167,33): error TS2339: Property 'hostel_memberships' does not exist on type 'never'.
src/app/(dashboard)/admin/roles/profiles/[profileId]/page.tsx(168,31): error TS2339: Property 'profile_roles' does not exist on type 'never'.
src/app/(dashboard)/admin/roles/profiles/[profileId]/page.tsx(191,26): error TS2339: Property 'profile_media_id' does not exist on type 'never'.
src/app/(dashboard)/admin/roles/profiles/[profileId]/page.tsx(200,75): error TS2339: Property 'full_name' does not exist on type 'never'.
src/app/(dashboard)/admin/roles/profiles/[profileId]/page.tsx(201,65): error TS2339: Property 'username' does not exist on type 'never'.
src/app/(dashboard)/admin/roles/profiles/[profileId]/page.tsx(204,26): error TS2339: Property 'profile_type' does not exist on type 'never'.
src/app/(dashboard)/admin/roles/profiles/[profileId]/page.tsx(211,81): error TS2339: Property 'id' does not exist on type 'never'.
src/app/(dashboard)/admin/roles/profiles/[profileId]/page.tsx(216,28): error TS2339: Property 'auth_user_id' does not exist on type 'never'.
src/app/(dashboard)/admin/roles/profiles/[profileId]/page.tsx(223,24): error TS2339: Property 'email' does not exist on type 'never'.
src/app/(dashboard)/admin/roles/profiles/[profileId]/page.tsx(226,73): error TS2339: Property 'email' does not exist on type 'never'.
src/app/(dashboard)/admin/roles/profiles/[profileId]/page.tsx(239,28): error TS2339: Property 'is_profile_claimed' does not exist on type 'never'.
src/app/(dashboard)/admin/roles/profiles/[profileId]/page.tsx(249,28): error TS2339: Property 'is_verified' does not exist on type 'never'.
src/app/(dashboard)/admin/roles/profiles/[profileId]/page.tsx(259,28): error TS2339: Property 'profile_status' does not exist on type 'never'.
src/app/(dashboard)/admin/roles/profiles/[profileId]/page.tsx(260,136): error TS2339: Property 'profile_status' does not exist on type 'never'.
src/app/(dashboard)/admin/roles/profiles/[profileId]/page.tsx(261,31): error TS2339: Property 'profile_status' does not exist on type 'never'.
src/app/(dashboard)/admin/roles/profiles/[profileId]/page.tsx(262,136): error TS2339: Property 'profile_status' does not exist on type 'never'.
src/app/(dashboard)/admin/roles/profiles/[profileId]/page.tsx(264,135): error TS2339: Property 'profile_status' does not exist on type 'never'.
src/app/(dashboard)/admin/roles/profiles/[profileId]/page.tsx(286,68): error TS2339: Property 'created_at' does not exist on type 'never'.
src/app/(dashboard)/admin/roles/profiles/[profileId]/page.tsx(290,68): error TS2339: Property 'updated_at' does not exist on type 'never'.
src/app/(dashboard)/admin/roles/profiles/[profileId]/page.tsx(298,40): error TS2339: Property 'id' does not exist on type 'never'.
src/app/(dashboard)/admin/roles/profiles/[profileId]/page.tsx(301,26): error TS2339: Property 'is_verified' does not exist on type 'never'.
src/app/(dashboard)/admin/roles/profiles/[profileId]/page.tsx(302,27): error TS2339: Property 'profile_claim_requests' does not exist on type 'never'.
src/app/(dashboard)/admin/roles/profiles/[profileId]/page.tsx(302,68): error TS2339: Property 'profile_claim_requests' does not exist on type 'never'.
src/app/(dashboard)/admin/roles/profiles/[profileId]/page.tsx(304,45): error TS2339: Property 'profile_status' does not exist on type 'never'.
src/app/(dashboard)/admin/roles/profiles/[profileId]/page.tsx(387,24): error TS2339: Property 'profile_claim_requests' does not exist on type 'never'.
src/app/(dashboard)/admin/roles/profiles/[profileId]/page.tsx(387,58): error TS2339: Property 'profile_claim_requests' does not exist on type 'never'.
src/app/(dashboard)/admin/roles/profiles/[profileId]/page.tsx(389,28): error TS2339: Property 'profile_claim_requests' does not exist on type 'never'.
src/app/(dashboard)/dashboard/profile/competitions/page.tsx(50,44): error TS1345: An expression of type 'void' cannot be tested for truthiness.
src/app/(dashboard)/dashboard/profile/education/education-client.tsx(53,5): error TS2322: Type 'Resolver<{ institution: string; degree: string; startYear: unknown; fieldOfStudy?: string | undefined; endYear?: unknown; grade?: string | undefined; description?: string | undefined; isCurrent?: boolean | undefined; }, any, { ...; }>' is not assignable to type 'Resolver<{ institution: string; degree: string; startYear: number; isCurrent: boolean; fieldOfStudy?: string | undefined; endYear?: number | undefined; grade?: string | undefined; description?: string | undefined; }, any, { ...; }>'.
  Types of parameters 'options' and 'options' are incompatible.
    Type 'ResolverOptions<{ institution: string; degree: string; startYear: number; isCurrent: boolean; fieldOfStudy?: string | undefined; endYear?: number | undefined; grade?: string | undefined; description?: string | undefined; }>' is not assignable to type 'ResolverOptions<{ institution: string; degree: string; startYear: unknown; fieldOfStudy?: string | undefined; endYear?: unknown; grade?: string | undefined; description?: string | undefined; isCurrent?: boolean | undefined; }>'.
      Type 'unknown' is not assignable to type 'number'.
src/app/(dashboard)/dashboard/profile/education/education-client.tsx(127,24): error TS2345: Argument of type '(prev: EducationEntry[]) => (void | EducationEntry)[]' is not assignable to parameter of type 'SetStateAction<EducationEntry[]>'.
  Type '(prev: EducationEntry[]) => (void | EducationEntry)[]' is not assignable to type '(prevState: EducationEntry[]) => EducationEntry[]'.
    Type '(void | EducationEntry)[]' is not assignable to type 'EducationEntry[]'.
      Type 'void | EducationEntry' is not assignable to type 'EducationEntry'.
        Type 'void' is not assignable to type 'EducationEntry'.
src/app/(dashboard)/dashboard/profile/education/education-client.tsx(187,45): error TS2345: Argument of type '(data: EducationFormData) => void' is not assignable to parameter of type 'SubmitHandler<TFieldValues>'.
  Types of parameters 'data' and 'data' are incompatible.
    Type 'TFieldValues' is not assignable to type '{ institution: string; degree: string; startYear: number; isCurrent: boolean; fieldOfStudy?: string | undefined; endYear?: number | undefined; grade?: string | undefined; description?: string | undefined; }'.
      Type 'FieldValues' is missing the following properties from type '{ institution: string; degree: string; startYear: number; isCurrent: boolean; fieldOfStudy?: string | undefined; endYear?: number | undefined; grade?: string | undefined; description?: string | undefined; }': institution, degree, startYear, isCurrent
src/app/(dashboard)/dashboard/profile/education/page.tsx(25,38): error TS1345: An expression of type 'void' cannot be tested for truthiness.
src/app/(dashboard)/dashboard/profile/hostel/page.tsx(27,51): error TS1345: An expression of type 'void' cannot be tested for truthiness.
src/app/(dashboard)/dashboard/profile/hostel/page.tsx(69,38): error TS2339: Property 'hostel_name' does not exist on type 'never'.
src/app/(dashboard)/dashboard/profile/hostel/page.tsx(72,34): error TS2339: Property 'room_number' does not exist on type 'never'.
src/app/(dashboard)/dashboard/profile/hostel/page.tsx(78,42): error TS2339: Property 'room_number' does not exist on type 'never'.
src/app/(dashboard)/dashboard/profile/hostel/page.tsx(88,40): error TS2339: Property 'start_date' does not exist on type 'never'.
src/app/(dashboard)/dashboard/profile/hostel/page.tsx(89,52): error TS2339: Property 'start_date' does not exist on type 'never'.
src/app/(dashboard)/dashboard/profile/notifications/notifications-client.tsx(65,24): error TS1345: An expression of type 'void' cannot be tested for truthiness.
src/app/(dashboard)/dashboard/profile/organizations/organizations-client.tsx(68,24): error TS2345: Argument of type '(prev: Membership[]) => (void | Membership)[]' is not assignable to parameter of type 'SetStateAction<Membership[]>'.
  Type '(prev: Membership[]) => (void | Membership)[]' is not assignable to type '(prevState: Membership[]) => Membership[]'.
    Type '(void | Membership)[]' is not assignable to type 'Membership[]'.
      Type 'void | Membership' is not assignable to type 'Membership'.
        Type 'void' is not assignable to type 'Membership'.
src/app/(dashboard)/dashboard/profile/organizations/page.tsx(23,40): error TS1345: An expression of type 'void' cannot be tested for truthiness.
src/app/(dashboard)/dashboard/profile/social/page.tsx(43,32): error TS2339: Property 'socialLinks' does not exist on type 'never'.
src/app/(dashboard)/dashboard/profile/social/page.tsx(43,56): error TS2339: Property 'social_links' does not exist on type 'never'.
src/app/(dashboard)/dashboard/profile/social/page.tsx(44,27): error TS2339: Property 'website' does not exist on type 'never'.
src/app/(dashboard)/dashboard/profile/verification/page.tsx(27,67): error TS2339: Property 'status' does not exist on type 'never'.
src/app/(dashboard)/dashboard/profile/verification/page.tsx(29,43): error TS1345: An expression of type 'void' cannot be tested for truthiness.
src/app/(dashboard)/dashboard/profile/verification/verification-client.tsx(88,20): error TS2345: Argument of type '(prev: VerificationEntry[]) => (void | VerificationEntry)[]' is not assignable to parameter of type 'SetStateAction<VerificationEntry[]>'.
  Type '(prev: VerificationEntry[]) => (void | VerificationEntry)[]' is not assignable to type '(prevState: VerificationEntry[]) => VerificationEntry[]'.
    Type '(void | VerificationEntry)[]' is not assignable to type 'VerificationEntry[]'.
      Type 'void | VerificationEntry' is not assignable to type 'VerificationEntry'.
        Type 'void' is not assignable to type 'VerificationEntry'.
src/app/(dashboard)/department/[slug]/faculty/faculty-card.tsx(16,30): error TS2554: Expected 3 arguments, but got 1.
src/app/(dashboard)/department/[slug]/faculty/faculty-form.tsx(42,5): error TS2322: Type 'Resolver<{ name: string; designation: string; profile_id?: string | undefined; qualification?: string | undefined; research_areas?: string | undefined; display_order?: unknown; }, any, { name: string; ... 4 more ...; research_areas?: string | undefined; }>' is not assignable to type 'Resolver<{ name: string; designation: string; display_order: number; profile_id?: string | undefined; qualification?: string | undefined; research_areas?: string | undefined; }, any, { name: string; ... 4 more ...; research_areas?: string | undefined; }>'.
  Types of parameters 'options' and 'options' are incompatible.
    Type 'ResolverOptions<{ name: string; designation: string; display_order: number; profile_id?: string | undefined; qualification?: string | undefined; research_areas?: string | undefined; }>' is not assignable to type 'ResolverOptions<{ name: string; designation: string; profile_id?: string | undefined; qualification?: string | undefined; research_areas?: string | undefined; display_order?: unknown; }>'.
      Type 'unknown' is not assignable to type 'number'.
src/app/(dashboard)/department/[slug]/faculty/faculty-form.tsx(56,17): error TS2554: Expected 4 arguments, but got 2.
src/app/(dashboard)/department/[slug]/faculty/faculty-form.tsx(57,17): error TS2554: Expected 3 arguments, but got 1.
src/app/(dashboard)/department/[slug]/faculty/faculty-form.tsx(97,42): error TS2345: Argument of type '(data: FacultyFormValues) => void' is not assignable to parameter of type 'SubmitHandler<TFieldValues>'.
  Types of parameters 'data' and 'data' are incompatible.
    Type 'TFieldValues' is not assignable to type '{ name: string; designation: string; display_order: number; profile_id?: string | undefined; qualification?: string | undefined; research_areas?: string | undefined; }'.
      Type 'FieldValues' is missing the following properties from type '{ name: string; designation: string; display_order: number; profile_id?: string | undefined; qualification?: string | undefined; research_areas?: string | undefined; }': name, designation, display_order
src/app/(dashboard)/department/[slug]/faculty/page.tsx(20,42): error TS2554: Expected 0 arguments, but got 1.
src/app/(dashboard)/department/[slug]/faculty/page.tsx(26,79): error TS2339: Property 'error' does not exist on type '{ success: boolean; data: never[]; }'.
src/app/(dashboard)/department/[slug]/faculty/page.tsx(35,37): error TS2339: Property 'name' does not exist on type 'never'.
src/app/(dashboard)/department/[slug]/faculty/page.tsx(38,37): error TS2339: Property 'designation' does not exist on type 'never'.
src/app/(dashboard)/department/[slug]/faculty/page.tsx(42,74): error TS2339: Property 'designation' does not exist on type 'never'.
src/app/(dashboard)/department/[slug]/gallery/album-card.tsx(15,46): error TS2554: Expected 0 arguments, but got 2.
src/app/(dashboard)/department/[slug]/gallery/album-card.tsx(19,28): error TS2339: Property 'error' does not exist on type '{ success: boolean; data: boolean; }'.
src/app/(dashboard)/department/[slug]/gallery/album-card.tsx(27,42): error TS2554: Expected 0 arguments, but got 1.
src/app/(dashboard)/department/[slug]/gallery/album-card.tsx(31,30): error TS2339: Property 'error' does not exist on type '{ success: boolean; data: boolean; }'.
src/app/(dashboard)/department/[slug]/gallery/album-form.tsx(45,28): error TS2554: Expected 3 arguments, but got 1.
src/app/(dashboard)/department/[slug]/gallery/page.tsx(15,40): error TS2554: Expected 0 arguments, but got 1.
src/app/(dashboard)/department/[slug]/gallery/page.tsx(21,77): error TS2339: Property 'error' does not exist on type '{ success: boolean; data: never[]; }'.
src/app/(dashboard)/department/[slug]/programs/page.tsx(22,44): error TS2554: Expected 0 arguments, but got 1.
src/app/(dashboard)/department/[slug]/programs/page.tsx(28,81): error TS2339: Property 'error' does not exist on type '{ success: boolean; data: never[]; }'.
src/app/(dashboard)/department/[slug]/programs/page.tsx(37,39): error TS2339: Property 'name' does not exist on type 'never'.
src/app/(dashboard)/department/[slug]/programs/page.tsx(40,39): error TS2339: Property 'status' does not exist on type 'never'.
src/app/(dashboard)/department/[slug]/programs/page.tsx(50,61): error TS2339: Property 'departmentId' does not exist on type 'never'.
src/app/(dashboard)/department/[slug]/programs/program-form.tsx(45,5): error TS2322: Type 'Resolver<{ name: string; degree_level: "Undergraduate" | "Postgraduate" | "Doctorate" | "Diploma"; duration_years: unknown; total_seats: unknown; }, any, { name: string; degree_level: "Undergraduate" | "Postgraduate" | "Doctorate" | "Diploma"; duration_years: number; total_seats: number; }>' is not assignable to type 'Resolver<{ name: string; degree_level: "Undergraduate" | "Postgraduate" | "Doctorate" | "Diploma"; duration_years: number; total_seats: number; }, any, { name: string; degree_level: "Undergraduate" | "Postgraduate" | "Doctorate" | "Diploma"; duration_years: number; total_seats: number; }>'.
  Types of parameters 'options' and 'options' are incompatible.
    Type 'ResolverOptions<{ name: string; degree_level: "Undergraduate" | "Postgraduate" | "Doctorate" | "Diploma"; duration_years: number; total_seats: number; }>' is not assignable to type 'ResolverOptions<{ name: string; degree_level: "Undergraduate" | "Postgraduate" | "Doctorate" | "Diploma"; duration_years: unknown; total_seats: unknown; }>'.
      Type 'unknown' is not assignable to type 'number'.
src/app/(dashboard)/department/[slug]/programs/program-form.tsx(57,17): error TS2554: Expected 4 arguments, but got 2.
src/app/(dashboard)/department/[slug]/programs/program-form.tsx(58,17): error TS2554: Expected 3 arguments, but got 1.
src/app/(dashboard)/department/[slug]/programs/program-form.tsx(65,28): error TS2339: Property 'error' does not exist on type '{ success: boolean; data: {}; }'.
src/app/(dashboard)/department/[slug]/programs/program-form.tsx(98,42): error TS2345: Argument of type '(data: ProgramFormValues) => void' is not assignable to parameter of type 'SubmitHandler<TFieldValues>'.
  Types of parameters 'data' and 'data' are incompatible.
    Type 'TFieldValues' is not assignable to type '{ name: string; degree_level: "Undergraduate" | "Postgraduate" | "Doctorate" | "Diploma"; duration_years: number; total_seats: number; }'.
      Type 'FieldValues' is missing the following properties from type '{ name: string; degree_level: "Undergraduate" | "Postgraduate" | "Doctorate" | "Diploma"; duration_years: number; total_seats: number; }': name, degree_level, duration_years, total_seats
src/app/(dashboard)/department/[slug]/settings/settings-client.tsx(51,5): error TS2322: Type 'Resolver<{ name: string; shortName?: string | undefined; slug?: string | undefined; establishedYear?: unknown; vision?: string | undefined; mission?: string | undefined; about?: string | undefined; history?: string | undefined; ... 7 more ...; socialLinks?: { ...; } | undefined; }, any, { ...; }>' is not assignable to type 'Resolver<{ name: string; shortName?: string | undefined; slug?: string | undefined; establishedYear?: number | undefined; vision?: string | undefined; mission?: string | undefined; about?: string | undefined; ... 8 more ...; socialLinks?: { ...; } | undefined; }, any, { ...; }>'.
  Types of parameters 'options' and 'options' are incompatible.
    Type 'ResolverOptions<{ name: string; shortName?: string | undefined; slug?: string | undefined; establishedYear?: number | undefined; vision?: string | undefined; mission?: string | undefined; about?: string | undefined; ... 8 more ...; socialLinks?: { ...; } | undefined; }>' is not assignable to type 'ResolverOptions<{ name: string; shortName?: string | undefined; slug?: string | undefined; establishedYear?: unknown; vision?: string | undefined; mission?: string | undefined; about?: string | undefined; history?: string | undefined; ... 7 more ...; socialLinks?: { ...; } | undefined; }>'.
      Types of property 'names' are incompatible.
        Type 'string[] | undefined' is not assignable to type '("name" | "slug" | "highlights" | "mission" | "vision" | "history" | "shortName" | "establishedYear" | "about" | "coreValues" | "quickFacts" | "officeInfo" | "contactEmail" | "contactPhone" | "website" | "socialLinks")[] | undefined'.
          Type 'string[]' is not assignable to type '("name" | "slug" | "highlights" | "mission" | "vision" | "history" | "shortName" | "establishedYear" | "about" | "coreValues" | "quickFacts" | "officeInfo" | "contactEmail" | "contactPhone" | "website" | "socialLinks")[]'.
            Type 'string' is not assignable to type '"name" | "slug" | "highlights" | "mission" | "vision" | "history" | "shortName" | "establishedYear" | "about" | "coreValues" | "quickFacts" | "officeInfo" | "contactEmail" | "contactPhone" | "website" | "socialLinks"'.
src/app/(dashboard)/department/[slug]/settings/settings-client.tsx(174,40): error TS2345: Argument of type '(data: SettingsFormData) => void' is not assignable to parameter of type 'SubmitHandler<TFieldValues>'.
  Types of parameters 'data' and 'data' are incompatible.
    Type 'TFieldValues' is not assignable to type '{ name: string; shortName?: string | undefined; slug?: string | undefined; establishedYear?: number | undefined; vision?: string | undefined; mission?: string | undefined; about?: string | undefined; ... 8 more ...; socialLinks?: { ...; } | undefined; }'.
      Property 'name' is missing in type 'FieldValues' but required in type '{ name: string; shortName?: string | undefined; slug?: string | undefined; establishedYear?: number | undefined; vision?: string | undefined; mission?: string | undefined; about?: string | undefined; ... 8 more ...; socialLinks?: { ...; } | undefined; }'.
src/app/(dashboard)/department/[slug]/settings/settings-client.tsx(202,41): error TS2345: Argument of type '(data: SettingsFormData) => void' is not assignable to parameter of type 'SubmitHandler<TFieldValues>'.
  Types of parameters 'data' and 'data' are incompatible.
    Type 'TFieldValues' is not assignable to type '{ name: string; shortName?: string | undefined; slug?: string | undefined; establishedYear?: number | undefined; vision?: string | undefined; mission?: string | undefined; about?: string | undefined; ... 8 more ...; socialLinks?: { ...; } | undefined; }'.
      Property 'name' is missing in type 'FieldValues' but required in type '{ name: string; shortName?: string | undefined; slug?: string | undefined; establishedYear?: number | undefined; vision?: string | undefined; mission?: string | undefined; about?: string | undefined; ... 8 more ...; socialLinks?: { ...; } | undefined; }'.
src/app/(dashboard)/department/[slug]/settings/settings-client.tsx(370,37): error TS2345: Argument of type '`socialLinks.${any}`' is not assignable to parameter of type '"name" | "slug" | "highlights" | "mission" | "vision" | "history" | "shortName" | "establishedYear" | "about" | "coreValues" | "quickFacts" | "officeInfo" | "contactEmail" | ... 7 more ... | "socialLinks.youtube"'.
src/app/(dashboard)/department/[slug]/students/page.tsx(20,44): error TS2554: Expected 0 arguments, but got 1.
src/app/(dashboard)/department/[slug]/students/page.tsx(26,81): error TS2339: Property 'error' does not exist on type '{ success: boolean; data: never[]; }'.
src/app/(dashboard)/department/[slug]/students/page.tsx(36,9): error TS2339: Property 'name' does not exist on type 'never'.
src/app/(dashboard)/department/[slug]/students/page.tsx(37,9): error TS2339: Property 'roll_no' does not exist on type 'never'.
src/app/(dashboard)/department/[slug]/students/page.tsx(41,37): error TS2339: Property 'status' does not exist on type 'never'.
src/app/(dashboard)/department/[slug]/students/student-actions-cell.tsx(35,26): error TS2554: Expected 3 arguments, but got 1.
src/app/(dashboard)/department/[slug]/students/student-actions-cell.tsx(38,26): error TS2554: Expected 3 arguments, but got 1.
src/app/(dashboard)/department/[slug]/students/student-actions-cell.tsx(41,26): error TS2554: Expected 3 arguments, but got 1.
src/app/(dashboard)/department/[slug]/students/student-actions-cell.tsx(44,26): error TS2554: Expected 3 arguments, but got 1.
src/app/(dashboard)/department/[slug]/students/student-actions-cell.tsx(51,28): error TS2339: Property 'error' does not exist on type '{ success: boolean; data: boolean; }'.
src/app/(public)/competitions/[slug]/page.tsx(102,72): error TS2345: Argument of type '{ p_competition_id: string; }' is not assignable to parameter of type 'undefined'.
src/app/actions/competition-results.ts(38,79): error TS2345: Argument of type '{ p_competition_id: string; }' is not assignable to parameter of type 'undefined'.
src/app/actions/department.ts(93,25): error TS2339: Property 'role' does not exist on type 'never'.
src/app/actions/department.ts(119,29): error TS2339: Property 'is_hod' does not exist on type 'never'.
src/app/actions/department.ts(133,26): error TS2339: Property 'permissions_grant' does not exist on type 'never'.
src/app/actions/donations.ts(79,54): error TS2339: Property 'contribution_year' does not exist on type 'never'.
src/app/actions/donations.ts(110,45): error TS2339: Property 'tier' does not exist on type 'never'.
src/app/actions/donations.ts(111,45): error TS2339: Property 'tier' does not exist on type 'never'.
src/app/actions/donations.ts(159,7): error TS2353: Object literal may only specify known properties, and 'profile_id' does not exist in type 'never[]'.
src/app/actions/donations.ts(189,7): error TS2353: Object literal may only specify known properties, and 'profile_id' does not exist in type 'never[]'.
src/app/actions/donations.ts(190,27): error TS2339: Property 'id' does not exist on type 'never'.
src/app/actions/donations.ts(230,13): error TS2345: Argument of type '{ payment_status: string; }' is not assignable to parameter of type 'never'.
src/app/actions/donations.ts(242,13): error TS2345: Argument of type '{ verified_by: string; verified_at: string; }' is not assignable to parameter of type 'never'.
src/app/actions/donations.ts(270,15): error TS2345: Argument of type '{ payment_status: string; }' is not assignable to parameter of type 'never'.
src/app/actions/donations.ts(293,15): error TS2345: Argument of type '{ visibility: string; }' is not assignable to parameter of type 'never'.
src/app/actions/hostel.ts(77,69): error TS2339: Property 'role' does not exist on type 'never'.
src/app/actions/mediaAdminAction.ts(17,104): error TS2339: Property 'role' does not exist on type 'never'.
src/app/actions/mediaAdminAction.ts(57,9): error TS2353: Object literal may only specify known properties, and 'storage_bucket' does not exist in type 'never[]'.
src/app/actions/mediaAdminAction.ts(74,80): error TS2339: Property 'id' does not exist on type 'never'.
src/app/actions/profileReview.ts(22,62): error TS2339: Property 'id' does not exist on type 'never'.
src/app/actions/profileReview.ts(28,75): error TS2345: Argument of type '{ is_verified: boolean; }' is not assignable to parameter of type 'never'.
src/app/actions/profileReview.ts(32,9): error TS2353: Object literal may only specify known properties, and 'profile_id' does not exist in type 'never[]'.
src/app/actions/profileReview.ts(34,35): error TS2339: Property 'id' does not exist on type 'never'.
src/app/actions/profileReview.ts(42,7): error TS2353: Object literal may only specify known properties, and 'actor_profile_id' does not exist in type 'never[]'.
src/app/actions/profileReview.ts(42,38): error TS2339: Property 'id' does not exist on type 'never'.
src/app/actions/profileReview.ts(65,62): error TS2339: Property 'id' does not exist on type 'never'.
src/app/actions/profileReview.ts(72,9): error TS2353: Object literal may only specify known properties, and 'profile_id' does not exist in type 'never[]'.
src/app/actions/profileReview.ts(74,35): error TS2339: Property 'id' does not exist on type 'never'.
src/app/actions/profileReview.ts(82,7): error TS2353: Object literal may only specify known properties, and 'actor_profile_id' does not exist in type 'never[]'.
src/app/actions/profileReview.ts(82,38): error TS2339: Property 'id' does not exist on type 'never'.
src/app/actions/profileReview.ts(105,62): error TS2339: Property 'id' does not exist on type 'never'.
src/app/actions/profileReview.ts(112,9): error TS2353: Object literal may only specify known properties, and 'profile_id' does not exist in type 'never[]'.
src/app/actions/profileReview.ts(113,36): error TS2339: Property 'id' does not exist on type 'never'.
src/app/actions/profileReview.ts(121,7): error TS2353: Object literal may only specify known properties, and 'actor_profile_id' does not exist in type 'never[]'.
src/app/actions/profileReview.ts(121,38): error TS2339: Property 'id' does not exist on type 'never'.
src/app/actions/profileReview.ts(144,62): error TS2339: Property 'id' does not exist on type 'never'.
src/app/actions/profileReview.ts(152,23): error TS2339: Property 'profile_status' does not exist on type 'never'.
src/app/actions/profileReview.ts(154,42): error TS2339: Property 'profile_status' does not exist on type 'never'.
src/app/actions/profileReview.ts(156,75): error TS2345: Argument of type '{ profile_status: string; previous_profile_status: any; suspended_by: any; suspended_at: string; suspension_reason: string; suspension_expires_at: string | null; }' is not assignable to parameter of type 'never'.
src/app/actions/profileReview.ts(159,38): error TS2339: Property 'id' does not exist on type 'never'.
src/app/actions/profileReview.ts(167,7): error TS2353: Object literal may only specify known properties, and 'actor_profile_id' does not exist in type 'never[]'.
src/app/actions/profileReview.ts(167,38): error TS2339: Property 'id' does not exist on type 'never'.
src/app/actions/profileReview.ts(190,62): error TS2339: Property 'id' does not exist on type 'never'.
src/app/actions/profileReview.ts(198,23): error TS2339: Property 'profile_status' does not exist on type 'never'.
src/app/actions/profileReview.ts(198,71): error TS2339: Property 'profile_status' does not exist on type 'never'.
src/app/actions/profileReview.ts(202,32): error TS2339: Property 'previous_profile_status' does not exist on type 'never'.
src/app/actions/profileReview.ts(207,75): error TS2345: Argument of type '{ profile_status: any; previous_profile_status: null; restored_by: any; restored_at: string; }' is not assignable to parameter of type 'never'.
src/app/actions/profileReview.ts(210,37): error TS2339: Property 'id' does not exist on type 'never'.
src/app/actions/profileReview.ts(216,7): error TS2353: Object literal may only specify known properties, and 'actor_profile_id' does not exist in type 'never[]'.
src/app/actions/profileReview.ts(216,38): error TS2339: Property 'id' does not exist on type 'never'.
src/app/actions/profileReview.ts(220,49): error TS2339: Property 'profile_status' does not exist on type 'never'.
src/app/actions/profileReview.ts(240,62): error TS2339: Property 'id' does not exist on type 'never'.
src/app/actions/profileReview.ts(248,23): error TS2339: Property 'profile_status' does not exist on type 'never'.
src/app/actions/profileReview.ts(250,42): error TS2339: Property 'profile_status' does not exist on type 'never'.
src/app/actions/profileReview.ts(251,75): error TS2345: Argument of type '{ profile_status: string; previous_profile_status: any; deleted_at: string; deleted_by: any; deletion_reason: string; }' is not assignable to parameter of type 'never'.
src/app/actions/profileReview.ts(255,36): error TS2339: Property 'id' does not exist on type 'never'.
src/app/actions/profileReview.ts(261,7): error TS2353: Object literal may only specify known properties, and 'actor_profile_id' does not exist in type 'never[]'.
src/app/actions/profileReview.ts(261,38): error TS2339: Property 'id' does not exist on type 'never'.
src/app/actions/profileReview.ts(284,62): error TS2339: Property 'id' does not exist on type 'never'.
src/app/actions/roleManagement.ts(62,35): error TS2339: Property 'id' does not exist on type 'never'.
src/app/actions/roleManagement.ts(77,21): error TS2339: Property 'id' does not exist on type 'never'.
src/app/actions/roleManagement.ts(78,27): error TS2339: Property 'full_name' does not exist on type 'never'.
src/app/actions/roleManagement.ts(79,27): error TS2339: Property 'username' does not exist on type 'never'.
src/app/actions/roleManagement.ts(80,24): error TS2339: Property 'email' does not exist on type 'never'.
src/app/actions/roleManagement.ts(81,30): error TS2339: Property 'profile_type' does not exist on type 'never'.
src/app/actions/roleManagement.ts(126,32): error TS2339: Property 'id' does not exist on type 'never'.
src/app/actions/roleManagement.ts(150,9): error TS2353: Object literal may only specify known properties, and 'profile_id' does not exist in type 'never[]'.
src/app/actions/roleManagement.ts(151,28): error TS2339: Property 'id' does not exist on type 'never'.
src/app/actions/roleManagement.ts(163,7): error TS2353: Object literal may only specify known properties, and 'actor_profile_id' does not exist in type 'never[]'.
src/app/actions/roleManagement.ts(218,32): error TS2339: Property 'id' does not exist on type 'never'.
src/app/actions/roleManagement.ts(241,15): error TS2345: Argument of type '{ is_active: boolean; }' is not assignable to parameter of type 'never'.
src/app/actions/roleManagement.ts(242,36): error TS2339: Property 'id' does not exist on type 'never'.
src/app/actions/roleManagement.ts(255,7): error TS2353: Object literal may only specify known properties, and 'actor_profile_id' does not exist in type 'never[]'.
src/app/actions/userManagement.ts(263,45): error TS2339: Property 'id' does not exist on type 'never'.
src/app/actions/userManagement.ts(264,45): error TS2339: Property 'profile_id' does not exist on type 'never'.
src/app/actions/userManagement.ts(739,47): error TS2339: Property 'id' does not exist on type 'never'.
src/app/actions/userManagement.ts(740,47): error TS2339: Property 'profile_id' does not exist on type 'never'.
src/app/api/departments/[slug]/achievements/route.ts(11,61): error TS2322: Type 'SupabaseClient<Database, "public", { Tables: { departments: { Row: { id: string; name: string; slug: string; short_name: string | null; established_year: number | null; vision: string | null; ... 8 more ...; updated_at: string; }; Insert: Omit<...>; Update: Partial<...>; }; department_settings: { ...; }; content_ite...' is not assignable to type 'SupabaseClient<Database, "public", "public", { Tables: { academic_sessions: { Row: { created_at: string; end_date: string; id: string; is_current: boolean; name: string; start_date: string; updated_at: string; }; Insert: { ...; }; Update: { ...; }; Relationships: []; }; ... 97 more ...; verification_requests: { ...;...'.
  Type 'Database' is missing the following properties from type 'Database': __InternalSupabase, graphql_public
src/app/api/departments/[slug]/content/route.ts(11,53): error TS2322: Type 'SupabaseClient<Database, "public", { Tables: { departments: { Row: { id: string; name: string; slug: string; short_name: string | null; established_year: number | null; vision: string | null; ... 8 more ...; updated_at: string; }; Insert: Omit<...>; Update: Partial<...>; }; department_settings: { ...; }; content_ite...' is not assignable to type 'SupabaseClient<Database, "public", "public", { Tables: { academic_sessions: { Row: { created_at: string; end_date: string; id: string; is_current: boolean; name: string; start_date: string; updated_at: string; }; Insert: { ...; }; Update: { ...; }; Relationships: []; }; ... 97 more ...; verification_requests: { ...;...'.
  Type 'Database' is missing the following properties from type 'Database': __InternalSupabase, graphql_public
src/app/api/departments/[slug]/dashboard/route.ts(19,48): error TS2322: Type 'SupabaseClient<Database, "public", { Tables: { departments: { Row: { id: string; name: string; slug: string; short_name: string | null; established_year: number | null; vision: string | null; ... 8 more ...; updated_at: string; }; Insert: Omit<...>; Update: Partial<...>; }; department_settings: { ...; }; content_ite...' is not assignable to type 'SupabaseClient<Database, "public", "public", { Tables: { academic_sessions: { Row: { created_at: string; end_date: string; id: string; is_current: boolean; name: string; start_date: string; updated_at: string; }; Insert: { ...; }; Update: { ...; }; Relationships: []; }; ... 97 more ...; verification_requests: { ...;...'.
  Type 'Database' is missing the following properties from type 'Database': __InternalSupabase, graphql_public
src/app/api/departments/[slug]/dashboard/route.ts(20,48): error TS2322: Type 'SupabaseClient<Database, "public", { Tables: { departments: { Row: { id: string; name: string; slug: string; short_name: string | null; established_year: number | null; vision: string | null; ... 8 more ...; updated_at: string; }; Insert: Omit<...>; Update: Partial<...>; }; department_settings: { ...; }; content_ite...' is not assignable to type 'SupabaseClient<Database, "public", "public", { Tables: { academic_sessions: { Row: { created_at: string; end_date: string; id: string; is_current: boolean; name: string; start_date: string; updated_at: string; }; Insert: { ...; }; Update: { ...; }; Relationships: []; }; ... 97 more ...; verification_requests: { ...;...'.
  Type 'Database' is missing the following properties from type 'Database': __InternalSupabase, graphql_public
src/app/api/departments/[slug]/faculty/route.ts(11,53): error TS2322: Type 'SupabaseClient<Database, "public", { Tables: { departments: { Row: { id: string; name: string; slug: string; short_name: string | null; established_year: number | null; vision: string | null; ... 8 more ...; updated_at: string; }; Insert: Omit<...>; Update: Partial<...>; }; department_settings: { ...; }; content_ite...' is not assignable to type 'SupabaseClient<Database, "public", "public", { Tables: { academic_sessions: { Row: { created_at: string; end_date: string; id: string; is_current: boolean; name: string; start_date: string; updated_at: string; }; Insert: { ...; }; Update: { ...; }; Relationships: []; }; ... 97 more ...; verification_requests: { ...;...'.
  Type 'Database' is missing the following properties from type 'Database': __InternalSupabase, graphql_public
src/app/api/departments/[slug]/gallery/route.ts(11,53): error TS2322: Type 'SupabaseClient<Database, "public", { Tables: { departments: { Row: { id: string; name: string; slug: string; short_name: string | null; established_year: number | null; vision: string | null; ... 8 more ...; updated_at: string; }; Insert: Omit<...>; Update: Partial<...>; }; department_settings: { ...; }; content_ite...' is not assignable to type 'SupabaseClient<Database, "public", "public", { Tables: { academic_sessions: { Row: { created_at: string; end_date: string; id: string; is_current: boolean; name: string; start_date: string; updated_at: string; }; Insert: { ...; }; Update: { ...; }; Relationships: []; }; ... 97 more ...; verification_requests: { ...;...'.
  Type 'Database' is missing the following properties from type 'Database': __InternalSupabase, graphql_public
src/app/api/departments/[slug]/programs/route.ts(11,53): error TS2322: Type 'SupabaseClient<Database, "public", { Tables: { departments: { Row: { id: string; name: string; slug: string; short_name: string | null; established_year: number | null; vision: string | null; ... 8 more ...; updated_at: string; }; Insert: Omit<...>; Update: Partial<...>; }; department_settings: { ...; }; content_ite...' is not assignable to type 'SupabaseClient<Database, "public", "public", { Tables: { academic_sessions: { Row: { created_at: string; end_date: string; id: string; is_current: boolean; name: string; start_date: string; updated_at: string; }; Insert: { ...; }; Update: { ...; }; Relationships: []; }; ... 97 more ...; verification_requests: { ...;...'.
  Type 'Database' is missing the following properties from type 'Database': __InternalSupabase, graphql_public
src/app/api/departments/[slug]/route.ts(12,59): error TS2322: Type 'SupabaseClient<Database, "public", { Tables: { departments: { Row: { id: string; name: string; slug: string; short_name: string | null; established_year: number | null; vision: string | null; ... 8 more ...; updated_at: string; }; Insert: Omit<...>; Update: Partial<...>; }; department_settings: { ...; }; content_ite...' is not assignable to type 'SupabaseClient<Database, "public", "public", { Tables: { academic_sessions: { Row: { created_at: string; end_date: string; id: string; is_current: boolean; name: string; start_date: string; updated_at: string; }; Insert: { ...; }; Update: { ...; }; Relationships: []; }; ... 97 more ...; verification_requests: { ...;...'.
  Type 'Database' is missing the following properties from type 'Database': __InternalSupabase, graphql_public
src/app/api/departments/[slug]/students/route.ts(11,53): error TS2322: Type 'SupabaseClient<Database, "public", { Tables: { departments: { Row: { id: string; name: string; slug: string; short_name: string | null; established_year: number | null; vision: string | null; ... 8 more ...; updated_at: string; }; Insert: Omit<...>; Update: Partial<...>; }; department_settings: { ...; }; content_ite...' is not assignable to type 'SupabaseClient<Database, "public", "public", { Tables: { academic_sessions: { Row: { created_at: string; end_date: string; id: string; is_current: boolean; name: string; start_date: string; updated_at: string; }; Insert: { ...; }; Update: { ...; }; Relationships: []; }; ... 97 more ...; verification_requests: { ...;...'.
  Type 'Database' is missing the following properties from type 'Database': __InternalSupabase, graphql_public
src/app/api/departments/route.ts(11,59): error TS2322: Type 'SupabaseClient<Database, "public", { Tables: { departments: { Row: { id: string; name: string; slug: string; short_name: string | null; established_year: number | null; vision: string | null; ... 8 more ...; updated_at: string; }; Insert: Omit<...>; Update: Partial<...>; }; department_settings: { ...; }; content_ite...' is not assignable to type 'SupabaseClient<Database, "public", "public", { Tables: { academic_sessions: { Row: { created_at: string; end_date: string; id: string; is_current: boolean; name: string; start_date: string; updated_at: string; }; Insert: { ...; }; Update: { ...; }; Relationships: []; }; ... 97 more ...; verification_requests: { ...;...'.
  Type 'Database' is missing the following properties from type 'Database': __InternalSupabase, graphql_public
src/app/api/departments/route.ts(31,45): error TS2322: Type 'SupabaseClient<Database, "public", { Tables: { departments: { Row: { id: string; name: string; slug: string; short_name: string | null; established_year: number | null; vision: string | null; ... 8 more ...; updated_at: string; }; Insert: Omit<...>; Update: Partial<...>; }; department_settings: { ...; }; content_ite...' is not assignable to type 'SupabaseClient<Database, "public", "public", { Tables: { academic_sessions: { Row: { created_at: string; end_date: string; id: string; is_current: boolean; name: string; start_date: string; updated_at: string; }; Insert: { ...; }; Update: { ...; }; Relationships: []; }; ... 97 more ...; verification_requests: { ...;...'.
  Type 'Database' is missing the following properties from type 'Database': __InternalSupabase, graphql_public
src/app/api/payments/payu/initiate/route.ts(106,29): error TS2339: Property 'id' does not exist on type 'never'.
src/app/api/payments/payu/success/route.ts(152,31): error TS2339: Property 'id' does not exist on type 'never'.
src/app/api/payments/payu/success/route.ts(160,11): error TS2353: Object literal may only specify known properties, and 'profile_id' does not exist in type 'never[]'.
src/app/api/payments/payu/success/route.ts(182,11): error TS2353: Object literal may only specify known properties, and 'payment_id' does not exist in type 'never[]'.
src/app/api/payments/payu/success/route.ts(182,31): error TS2339: Property 'id' does not exist on type 'never'.
src/app/api/payments/payu/success/route.ts(201,11): error TS2353: Object literal may only specify known properties, and 'profile_id' does not exist in type 'never[]'.
src/app/api/payments/payu/success/route.ts(202,31): error TS2339: Property 'id' does not exist on type 'never'.
src/app/api/webhooks/route.ts(17,33): error TS2339: Property 'WEBHOOK_SECRET' does not exist on type '{ NEXT_PUBLIC_APP_URL: string; NEXT_PUBLIC_SUPABASE_URL: string; NEXT_PUBLIC_SUPABASE_ANON_KEY: string; SUPABASE_SERVICE_ROLE_KEY: string; CLOUDFLARE_R2_ACCOUNT_ID: string; CLOUDFLARE_R2_ACCESS_KEY_ID: string; CLOUDFLARE_R2_SECRET_ACCESS_KEY: string; CLOUDFLARE_R2_BUCKET: string; NODE_ENV: "development" | ... 1 more...'.
src/auth/rbac.service.ts(9,7): error TS2345: Argument of type '{ p_dept_id: string; p_permission_code: string; }' is not assignable to parameter of type 'undefined'.
src/components/department/data-table.tsx(13,8): error TS2307: Cannot find module '@tanstack/react-table' or its corresponding type declarations.
src/components/department/data-table.tsx(22,8): error TS2307: Cannot find module '@/components/ui/table' or its corresponding type declarations.
src/components/department/data-table.tsx(77,41): error TS7006: Parameter 'updater' implicitly has an 'any' type.
src/components/department/data-table.tsx(99,73): error TS7006: Parameter 'row' implicitly has an 'any' type.
src/components/department/data-table.tsx(150,94): error TS7006: Parameter 'r' implicitly has an 'any' type.
src/components/department/data-table.tsx(170,34): error TS2322: Type '{ children: Element; asChild: true; }' is not assignable to type 'IntrinsicAttributes & Props<unknown>'.
  Property 'asChild' does not exist on type 'IntrinsicAttributes & Props<unknown>'.
src/components/department/data-table.tsx(178,26): error TS7006: Parameter 'column' implicitly has an 'any' type.
src/components/department/data-table.tsx(179,23): error TS7006: Parameter 'column' implicitly has an 'any' type.
src/components/department/data-table.tsx(198,43): error TS7006: Parameter 'headerGroup' implicitly has an 'any' type.
src/components/department/data-table.tsx(200,43): error TS7006: Parameter 'header' implicitly has an 'any' type.
src/components/department/data-table.tsx(225,45): error TS7006: Parameter 'row' implicitly has an 'any' type.
src/components/department/data-table.tsx(231,47): error TS7006: Parameter 'cell' implicitly has an 'any' type.
src/components/department/filter-bar.tsx(56,67): error TS2345: Argument of type 'string | null' is not assignable to parameter of type 'string'.
  Type 'null' is not assignable to type 'string'.
src/components/student/notification-bell.tsx(79,21): error TS2741: Property 'timestamp' is missing in type 'NotificationData' but required in type 'Notification'.
src/components/student/photo-upload-modal.tsx(77,42): error TS2339: Property 'url' does not exist on type 'never'.
src/components/student/photo-upload-modal.tsx(78,36): error TS2339: Property 'url' does not exist on type 'never'.
src/components/student/photo-upload-modal.tsx(84,28): error TS2339: Property 'error' does not exist on type 'ActionResult'.
  Property 'error' does not exist on type '{ success: true; data: void; }'.
src/features/competition/services/competitionAdminService.ts(32,101): error TS2339: Property 'role' does not exist on type 'never'.
src/features/competition/services/competitionAdminService.ts(37,18): error TS2339: Property 'id' does not exist on type 'never'.
src/features/competition/services/competitionAdminService.ts(90,16): error TS2322: Type '{ title: string; slug: string; category_id: string; competition_status: string; is_public: boolean; created_by: string; }' is not assignable to type 'never'.
src/features/competition/services/competitionAdminService.ts(101,28): error TS2339: Property 'id' does not exist on type 'never'.
src/features/competition/services/competitionAdminService.ts(171,79): error TS2345: Argument of type '{ p_competition_id: string; p_payload: Record<string, any>; }' is not assignable to parameter of type 'undefined'.
src/features/competition/services/competitionCategoryPortalService.ts(103,24): error TS2339: Property 'registration_open_at' does not exist on type 'never'.
src/features/competition/services/competitionCategoryPortalService.ts(103,58): error TS2339: Property 'registration_open_at' does not exist on type 'never'.
src/features/competition/services/competitionCategoryPortalService.ts(104,25): error TS2339: Property 'registration_close_at' does not exist on type 'never'.
src/features/competition/services/competitionCategoryPortalService.ts(104,60): error TS2339: Property 'registration_close_at' does not exist on type 'never'.
src/features/competition/services/competitionCategoryPortalService.ts(111,33): error TS2339: Property 'registration_open_at' does not exist on type 'never'.
src/features/competition/services/competitionCategoryPortalService.ts(111,78): error TS2339: Property 'registration_open_at' does not exist on type 'never'.
src/features/competition/services/competitionCategoryPortalService.ts(112,34): error TS2339: Property 'registration_close_at' does not exist on type 'never'.
src/features/competition/services/competitionCategoryPortalService.ts(112,80): error TS2339: Property 'registration_close_at' does not exist on type 'never'.
src/features/competition/services/competitionCategoryPortalService.ts(124,43): error TS2339: Property 'registration_fee' does not exist on type 'never'.
src/features/competition/services/competitionCategoryPortalService.ts(124,88): error TS2339: Property 'registration_fee' does not exist on type 'never'.
src/features/competition/services/competitionCategoryPortalService.ts(129,24): error TS2339: Property 'id' does not exist on type 'never'.
src/features/competition/services/competitionCategoryPortalService.ts(130,26): error TS2339: Property 'slug' does not exist on type 'never'.
src/features/competition/services/competitionCategoryPortalService.ts(131,27): error TS2339: Property 'title' does not exist on type 'never'.
src/features/competition/services/competitionCategoryPortalService.ts(132,38): error TS2339: Property 'description' does not exist on type 'never'.
src/features/competition/services/competitionCategoryPortalService.ts(133,27): error TS2339: Property 'competition_level' does not exist on type 'never'.
src/features/competition/services/competitionCategoryPortalService.ts(135,40): error TS2339: Property 'registration_open_at' does not exist on type 'never'.
src/features/competition/services/competitionCategoryPortalService.ts(136,41): error TS2339: Property 'registration_close_at' does not exist on type 'never'.
src/features/competition/services/competitionCategoryPortalService.ts(137,37): error TS2339: Property 'competition_date' does not exist on type 'never'.
src/features/competition/services/competitionCategoryPortalService.ts(138,33): error TS2339: Property 'venue' does not exist on type 'never'.
src/features/competition/services/competitionCategoryPortalService.ts(139,40): error TS2339: Property 'eligibility_rules' does not exist on type 'never'.
src/features/competition/services/competitionCategoryPortalService.ts(142,32): error TS2339: Property 'cover_image_url' does not exist on type 'never'.
src/features/competition/services/competitionCategoryPortalService.ts(210,58): error TS2345: Argument of type 'SupabaseClient<Database, "public", { Tables: { departments: { Row: { id: string; name: string; slug: string; short_name: string | null; established_year: number | null; vision: string | null; ... 8 more ...; updated_at: string; }; Insert: Omit<...>; Update: Partial<...>; }; department_settings: { ...; }; content_ite...' is not assignable to parameter of type 'SupabaseClient<any, "public", "public", any, any>'.
  Type '{ Tables: { departments: { Row: { id: string; name: string; slug: string; short_name: string | null; established_year: number | null; vision: string | null; mission: string | null; academic_excellence: string | null; ... 6 more ...; updated_at: string; }; Insert: Omit<...>; Update: Partial<...>; }; department_settin...' is not assignable to type '"public"'.
src/features/competition/services/competitionCategoryPortalService.ts(220,58): error TS2345: Argument of type 'SupabaseClient<Database, "public", { Tables: { departments: { Row: { id: string; name: string; slug: string; short_name: string | null; established_year: number | null; vision: string | null; ... 8 more ...; updated_at: string; }; Insert: Omit<...>; Update: Partial<...>; }; department_settings: { ...; }; content_ite...' is not assignable to parameter of type 'SupabaseClient<any, "public", "public", any, any>'.
  Type '{ Tables: { departments: { Row: { id: string; name: string; slug: string; short_name: string | null; established_year: number | null; vision: string | null; mission: string | null; academic_excellence: string | null; ... 6 more ...; updated_at: string; }; Insert: Omit<...>; Update: Partial<...>; }; department_settin...' is not assignable to type '"public"'.
src/features/competition/services/competitionCategoryPortalService.ts(251,79): error TS2345: Argument of type '{ p_limit: number; p_offset: number; p_category_id: string; }' is not assignable to parameter of type 'undefined'.
src/features/competition/services/competitionCategoryPortalService.ts(261,17): error TS2339: Property 'map' does not exist on type 'never'.
src/features/competition/services/competitionCategoryPortalService.ts(280,58): error TS2345: Argument of type 'SupabaseClient<Database, "public", { Tables: { departments: { Row: { id: string; name: string; slug: string; short_name: string | null; established_year: number | null; vision: string | null; ... 8 more ...; updated_at: string; }; Insert: Omit<...>; Update: Partial<...>; }; department_settings: { ...; }; content_ite...' is not assignable to parameter of type 'SupabaseClient<any, "public", "public", any, any>'.
  Type '{ Tables: { departments: { Row: { id: string; name: string; slug: string; short_name: string | null; established_year: number | null; vision: string | null; mission: string | null; academic_excellence: string | null; ... 6 more ...; updated_at: string; }; Insert: Omit<...>; Update: Partial<...>; }; department_settin...' is not assignable to type '"public"'.
src/features/competition/services/competitionResultService.ts(47,87): error TS2345: Argument of type 'SupabaseClient<Database, "public", { Tables: { departments: { Row: { id: string; name: string; slug: string; short_name: string | null; established_year: number | null; vision: string | null; ... 8 more ...; updated_at: string; }; Insert: Omit<...>; Update: Partial<...>; }; department_settings: { ...; }; content_ite...' is not assignable to parameter of type 'SupabaseClient<any, "public", "public", any, any>'.
  Type '{ Tables: { departments: { Row: { id: string; name: string; slug: string; short_name: string | null; established_year: number | null; vision: string | null; mission: string | null; academic_excellence: string | null; ... 6 more ...; updated_at: string; }; Insert: Omit<...>; Update: Partial<...>; }; department_settin...' is not assignable to type '"public"'.
src/features/competition/services/competitionResultService.ts(59,7): error TS2345: Argument of type 'SupabaseClient<Database, "public", { Tables: { departments: { Row: { id: string; name: string; slug: string; short_name: string | null; established_year: number | null; vision: string | null; ... 8 more ...; updated_at: string; }; Insert: Omit<...>; Update: Partial<...>; }; department_settings: { ...; }; content_ite...' is not assignable to parameter of type 'SupabaseClient<any, "public", "public", any, any>'.
  Type '{ Tables: { departments: { Row: { id: string; name: string; slug: string; short_name: string | null; established_year: number | null; vision: string | null; mission: string | null; academic_excellence: string | null; ... 6 more ...; updated_at: string; }; Insert: Omit<...>; Update: Partial<...>; }; department_settin...' is not assignable to type '"public"'.
src/features/competition/services/competitionResultService.ts(96,87): error TS2345: Argument of type 'SupabaseClient<Database, "public", { Tables: { departments: { Row: { id: string; name: string; slug: string; short_name: string | null; established_year: number | null; vision: string | null; ... 8 more ...; updated_at: string; }; Insert: Omit<...>; Update: Partial<...>; }; department_settings: { ...; }; content_ite...' is not assignable to parameter of type 'SupabaseClient<any, "public", "public", any, any>'.
  Type '{ Tables: { departments: { Row: { id: string; name: string; slug: string; short_name: string | null; established_year: number | null; vision: string | null; mission: string | null; academic_excellence: string | null; ... 6 more ...; updated_at: string; }; Insert: Omit<...>; Update: Partial<...>; }; department_settin...' is not assignable to type '"public"'.
src/features/competition/services/competitionResultService.ts(105,7): error TS2345: Argument of type 'SupabaseClient<Database, "public", { Tables: { departments: { Row: { id: string; name: string; slug: string; short_name: string | null; established_year: number | null; vision: string | null; ... 8 more ...; updated_at: string; }; Insert: Omit<...>; Update: Partial<...>; }; department_settings: { ...; }; content_ite...' is not assignable to parameter of type 'SupabaseClient<any, "public", "public", any, any>'.
  Type '{ Tables: { departments: { Row: { id: string; name: string; slug: string; short_name: string | null; established_year: number | null; vision: string | null; mission: string | null; academic_excellence: string | null; ... 6 more ...; updated_at: string; }; Insert: Omit<...>; Update: Partial<...>; }; department_settin...' is not assignable to type '"public"'.
src/features/competition/services/competitionResultService.ts(130,7): error TS2345: Argument of type 'SupabaseClient<Database, "public", { Tables: { departments: { Row: { id: string; name: string; slug: string; short_name: string | null; established_year: number | null; vision: string | null; ... 8 more ...; updated_at: string; }; Insert: Omit<...>; Update: Partial<...>; }; department_settings: { ...; }; content_ite...' is not assignable to parameter of type 'SupabaseClient<any, "public", "public", any, any>'.
  Type '{ Tables: { departments: { Row: { id: string; name: string; slug: string; short_name: string | null; established_year: number | null; vision: string | null; mission: string | null; academic_excellence: string | null; ... 6 more ...; updated_at: string; }; Insert: Omit<...>; Update: Partial<...>; }; department_settin...' is not assignable to type '"public"'.
src/features/competition/services/competitionResultService.ts(141,91): error TS2345: Argument of type 'SupabaseClient<Database, "public", { Tables: { departments: { Row: { id: string; name: string; slug: string; short_name: string | null; established_year: number | null; vision: string | null; ... 8 more ...; updated_at: string; }; Insert: Omit<...>; Update: Partial<...>; }; department_settings: { ...; }; content_ite...' is not assignable to parameter of type 'SupabaseClient<any, "public", "public", any, any>'.
  Type '{ Tables: { departments: { Row: { id: string; name: string; slug: string; short_name: string | null; established_year: number | null; vision: string | null; mission: string | null; academic_excellence: string | null; ... 6 more ...; updated_at: string; }; Insert: Omit<...>; Update: Partial<...>; }; department_settin...' is not assignable to type '"public"'.
src/features/competition/services/competitionResultService.ts(149,87): error TS2345: Argument of type 'SupabaseClient<Database, "public", { Tables: { departments: { Row: { id: string; name: string; slug: string; short_name: string | null; established_year: number | null; vision: string | null; ... 8 more ...; updated_at: string; }; Insert: Omit<...>; Update: Partial<...>; }; department_settings: { ...; }; content_ite...' is not assignable to parameter of type 'SupabaseClient<any, "public", "public", any, any>'.
  Type '{ Tables: { departments: { Row: { id: string; name: string; slug: string; short_name: string | null; established_year: number | null; vision: string | null; mission: string | null; academic_excellence: string | null; ... 6 more ...; updated_at: string; }; Insert: Omit<...>; Update: Partial<...>; }; department_settin...' is not assignable to type '"public"'.
src/features/competition/services/competitionResultService.ts(157,86): error TS2345: Argument of type 'SupabaseClient<Database, "public", { Tables: { departments: { Row: { id: string; name: string; slug: string; short_name: string | null; established_year: number | null; vision: string | null; ... 8 more ...; updated_at: string; }; Insert: Omit<...>; Update: Partial<...>; }; department_settings: { ...; }; content_ite...' is not assignable to parameter of type 'SupabaseClient<any, "public", "public", any, any>'.
  Type '{ Tables: { departments: { Row: { id: string; name: string; slug: string; short_name: string | null; established_year: number | null; vision: string | null; mission: string | null; academic_excellence: string | null; ... 6 more ...; updated_at: string; }; Insert: Omit<...>; Update: Partial<...>; }; department_settin...' is not assignable to type '"public"'.
src/features/competition/services/competitionResultService.ts(198,7): error TS2345: Argument of type 'SupabaseClient<Database, "public", { Tables: { departments: { Row: { id: string; name: string; slug: string; short_name: string | null; established_year: number | null; vision: string | null; ... 8 more ...; updated_at: string; }; Insert: Omit<...>; Update: Partial<...>; }; department_settings: { ...; }; content_ite...' is not assignable to parameter of type 'SupabaseClient<any, "public", "public", any, any>'.
  Type '{ Tables: { departments: { Row: { id: string; name: string; slug: string; short_name: string | null; established_year: number | null; vision: string | null; mission: string | null; academic_excellence: string | null; ... 6 more ...; updated_at: string; }; Insert: Omit<...>; Update: Partial<...>; }; department_settin...' is not assignable to type '"public"'.
src/features/competition/services/competitionResultService.ts(209,92): error TS2345: Argument of type 'SupabaseClient<Database, "public", { Tables: { departments: { Row: { id: string; name: string; slug: string; short_name: string | null; established_year: number | null; vision: string | null; ... 8 more ...; updated_at: string; }; Insert: Omit<...>; Update: Partial<...>; }; department_settings: { ...; }; content_ite...' is not assignable to parameter of type 'SupabaseClient<any, "public", "public", any, any>'.
  Type '{ Tables: { departments: { Row: { id: string; name: string; slug: string; short_name: string | null; established_year: number | null; vision: string | null; mission: string | null; academic_excellence: string | null; ... 6 more ...; updated_at: string; }; Insert: Omit<...>; Update: Partial<...>; }; department_settin...' is not assignable to type '"public"'.
src/features/competition/services/competitionResultService.ts(217,7): error TS2345: Argument of type 'SupabaseClient<Database, "public", { Tables: { departments: { Row: { id: string; name: string; slug: string; short_name: string | null; established_year: number | null; vision: string | null; ... 8 more ...; updated_at: string; }; Insert: Omit<...>; Update: Partial<...>; }; department_settings: { ...; }; content_ite...' is not assignable to parameter of type 'SupabaseClient<any, "public", "public", any, any>'.
  Type '{ Tables: { departments: { Row: { id: string; name: string; slug: string; short_name: string | null; established_year: number | null; vision: string | null; mission: string | null; academic_excellence: string | null; ... 6 more ...; updated_at: string; }; Insert: Omit<...>; Update: Partial<...>; }; department_settin...' is not assignable to type '"public"'.
src/features/competition/services/competitionResultService.ts(227,92): error TS2345: Argument of type 'SupabaseClient<Database, "public", { Tables: { departments: { Row: { id: string; name: string; slug: string; short_name: string | null; established_year: number | null; vision: string | null; ... 8 more ...; updated_at: string; }; Insert: Omit<...>; Update: Partial<...>; }; department_settings: { ...; }; content_ite...' is not assignable to parameter of type 'SupabaseClient<any, "public", "public", any, any>'.
  Type '{ Tables: { departments: { Row: { id: string; name: string; slug: string; short_name: string | null; established_year: number | null; vision: string | null; mission: string | null; academic_excellence: string | null; ... 6 more ...; updated_at: string; }; Insert: Omit<...>; Update: Partial<...>; }; department_settin...' is not assignable to type '"public"'.
src/features/competition/services/competitionResultService.ts(232,88): error TS2345: Argument of type 'SupabaseClient<Database, "public", { Tables: { departments: { Row: { id: string; name: string; slug: string; short_name: string | null; established_year: number | null; vision: string | null; ... 8 more ...; updated_at: string; }; Insert: Omit<...>; Update: Partial<...>; }; department_settings: { ...; }; content_ite...' is not assignable to parameter of type 'SupabaseClient<any, "public", "public", any, any>'.
  Type '{ Tables: { departments: { Row: { id: string; name: string; slug: string; short_name: string | null; established_year: number | null; vision: string | null; mission: string | null; academic_excellence: string | null; ... 6 more ...; updated_at: string; }; Insert: Omit<...>; Update: Partial<...>; }; department_settin...' is not assignable to type '"public"'.
src/features/competition/services/competitionResultService.ts(240,87): error TS2345: Argument of type 'SupabaseClient<Database, "public", { Tables: { departments: { Row: { id: string; name: string; slug: string; short_name: string | null; established_year: number | null; vision: string | null; ... 8 more ...; updated_at: string; }; Insert: Omit<...>; Update: Partial<...>; }; department_settings: { ...; }; content_ite...' is not assignable to parameter of type 'SupabaseClient<any, "public", "public", any, any>'.
  Type '{ Tables: { departments: { Row: { id: string; name: string; slug: string; short_name: string | null; established_year: number | null; vision: string | null; mission: string | null; academic_excellence: string | null; ... 6 more ...; updated_at: string; }; Insert: Omit<...>; Update: Partial<...>; }; department_settin...' is not assignable to type '"public"'.
src/features/competition/services/competitionResultService.ts(258,7): error TS2345: Argument of type 'SupabaseClient<Database, "public", { Tables: { departments: { Row: { id: string; name: string; slug: string; short_name: string | null; established_year: number | null; vision: string | null; ... 8 more ...; updated_at: string; }; Insert: Omit<...>; Update: Partial<...>; }; department_settings: { ...; }; content_ite...' is not assignable to parameter of type 'SupabaseClient<any, "public", "public", any, any>'.
  Type '{ Tables: { departments: { Row: { id: string; name: string; slug: string; short_name: string | null; established_year: number | null; vision: string | null; mission: string | null; academic_excellence: string | null; ... 6 more ...; updated_at: string; }; Insert: Omit<...>; Update: Partial<...>; }; department_settin...' is not assignable to type '"public"'.
src/features/competition/services/competitionResultService.ts(300,7): error TS2345: Argument of type 'SupabaseClient<Database, "public", { Tables: { departments: { Row: { id: string; name: string; slug: string; short_name: string | null; established_year: number | null; vision: string | null; ... 8 more ...; updated_at: string; }; Insert: Omit<...>; Update: Partial<...>; }; department_settings: { ...; }; content_ite...' is not assignable to parameter of type 'SupabaseClient<any, "public", "public", any, any>'.
  Type '{ Tables: { departments: { Row: { id: string; name: string; slug: string; short_name: string | null; established_year: number | null; vision: string | null; mission: string | null; academic_excellence: string | null; ... 6 more ...; updated_at: string; }; Insert: Omit<...>; Update: Partial<...>; }; department_settin...' is not assignable to type '"public"'.
src/features/competition/services/competitionResultService.ts(332,7): error TS2345: Argument of type 'SupabaseClient<Database, "public", { Tables: { departments: { Row: { id: string; name: string; slug: string; short_name: string | null; established_year: number | null; vision: string | null; ... 8 more ...; updated_at: string; }; Insert: Omit<...>; Update: Partial<...>; }; department_settings: { ...; }; content_ite...' is not assignable to parameter of type 'SupabaseClient<any, "public", "public", any, any>'.
  Type '{ Tables: { departments: { Row: { id: string; name: string; slug: string; short_name: string | null; established_year: number | null; vision: string | null; mission: string | null; academic_excellence: string | null; ... 6 more ...; updated_at: string; }; Insert: Omit<...>; Update: Partial<...>; }; department_settin...' is not assignable to type '"public"'.
src/features/department/services/index.ts(75,46): error TS2345: Argument of type 'SupabaseClient<Database, "public", { Tables: { departments: { Row: { id: string; name: string; slug: string; short_name: string | null; established_year: number | null; vision: string | null; ... 8 more ...; updated_at: string; }; Insert: Omit<...>; Update: Partial<...>; }; department_settings: { ...; }; content_ite...' is not assignable to parameter of type 'SupabaseClient<any, "public", "public", any, any>'.
  Type '{ Tables: { departments: { Row: { id: string; name: string; slug: string; short_name: string | null; established_year: number | null; vision: string | null; mission: string | null; academic_excellence: string | null; ... 6 more ...; updated_at: string; }; Insert: Omit<...>; Update: Partial<...>; }; department_settin...' is not assignable to type '"public"'.
src/features/department/services/index.ts(76,40): error TS2345: Argument of type 'SupabaseClient<Database, "public", { Tables: { departments: { Row: { id: string; name: string; slug: string; short_name: string | null; established_year: number | null; vision: string | null; ... 8 more ...; updated_at: string; }; Insert: Omit<...>; Update: Partial<...>; }; department_settings: { ...; }; content_ite...' is not assignable to parameter of type 'SupabaseClient<any, "public", "public", any, any>'.
  Type '{ Tables: { departments: { Row: { id: string; name: string; slug: string; short_name: string | null; established_year: number | null; vision: string | null; mission: string | null; academic_excellence: string | null; ... 6 more ...; updated_at: string; }; Insert: Omit<...>; Update: Partial<...>; }; department_settin...' is not assignable to type '"public"'.
src/features/department/services/index.ts(77,50): error TS2345: Argument of type 'SupabaseClient<Database, "public", { Tables: { departments: { Row: { id: string; name: string; slug: string; short_name: string | null; established_year: number | null; vision: string | null; ... 8 more ...; updated_at: string; }; Insert: Omit<...>; Update: Partial<...>; }; department_settings: { ...; }; content_ite...' is not assignable to parameter of type 'SupabaseClient<any, "public", "public", any, any>'.
  Type '{ Tables: { departments: { Row: { id: string; name: string; slug: string; short_name: string | null; established_year: number | null; vision: string | null; mission: string | null; academic_excellence: string | null; ... 6 more ...; updated_at: string; }; Insert: Omit<...>; Update: Partial<...>; }; department_settin...' is not assignable to type '"public"'.
src/features/department/services/index.ts(78,50): error TS2345: Argument of type 'SupabaseClient<Database, "public", { Tables: { departments: { Row: { id: string; name: string; slug: string; short_name: string | null; established_year: number | null; vision: string | null; ... 8 more ...; updated_at: string; }; Insert: Omit<...>; Update: Partial<...>; }; department_settings: { ...; }; content_ite...' is not assignable to parameter of type 'SupabaseClient<any, "public", "public", any, any>'.
  Type '{ Tables: { departments: { Row: { id: string; name: string; slug: string; short_name: string | null; established_year: number | null; vision: string | null; mission: string | null; academic_excellence: string | null; ... 6 more ...; updated_at: string; }; Insert: Omit<...>; Update: Partial<...>; }; department_settin...' is not assignable to type '"public"'.
src/features/department/services/index.ts(79,48): error TS2345: Argument of type 'SupabaseClient<Database, "public", { Tables: { departments: { Row: { id: string; name: string; slug: string; short_name: string | null; established_year: number | null; vision: string | null; ... 8 more ...; updated_at: string; }; Insert: Omit<...>; Update: Partial<...>; }; department_settings: { ...; }; content_ite...' is not assignable to parameter of type 'SupabaseClient<any, "public", "public", any, any>'.
  Type '{ Tables: { departments: { Row: { id: string; name: string; slug: string; short_name: string | null; established_year: number | null; vision: string | null; mission: string | null; academic_excellence: string | null; ... 6 more ...; updated_at: string; }; Insert: Omit<...>; Update: Partial<...>; }; department_settin...' is not assignable to type '"public"'.
src/features/department/services/index.ts(80,46): error TS2345: Argument of type 'SupabaseClient<Database, "public", { Tables: { departments: { Row: { id: string; name: string; slug: string; short_name: string | null; established_year: number | null; vision: string | null; ... 8 more ...; updated_at: string; }; Insert: Omit<...>; Update: Partial<...>; }; department_settings: { ...; }; content_ite...' is not assignable to parameter of type 'SupabaseClient<any, "public", "public", any, any>'.
  Type '{ Tables: { departments: { Row: { id: string; name: string; slug: string; short_name: string | null; established_year: number | null; vision: string | null; mission: string | null; academic_excellence: string | null; ... 6 more ...; updated_at: string; }; Insert: Omit<...>; Update: Partial<...>; }; department_settin...' is not assignable to type '"public"'.
src/features/department/services/index.ts(81,58): error TS2345: Argument of type 'SupabaseClient<Database, "public", { Tables: { departments: { Row: { id: string; name: string; slug: string; short_name: string | null; established_year: number | null; vision: string | null; ... 8 more ...; updated_at: string; }; Insert: Omit<...>; Update: Partial<...>; }; department_settings: { ...; }; content_ite...' is not assignable to parameter of type 'SupabaseClient<any, "public", "public", any, any>'.
  Type '{ Tables: { departments: { Row: { id: string; name: string; slug: string; short_name: string | null; established_year: number | null; vision: string | null; mission: string | null; academic_excellence: string | null; ... 6 more ...; updated_at: string; }; Insert: Omit<...>; Update: Partial<...>; }; department_settin...' is not assignable to type '"public"'.
src/features/hostel/services/index.ts(58,39): error TS2345: Argument of type 'SupabaseClient<Database, "public", { Tables: { departments: { Row: { id: string; name: string; slug: string; short_name: string | null; established_year: number | null; vision: string | null; ... 8 more ...; updated_at: string; }; Insert: Omit<...>; Update: Partial<...>; }; department_settings: { ...; }; content_ite...' is not assignable to parameter of type 'SupabaseClient<any, "public", "public", any, any>'.
  Type '{ Tables: { departments: { Row: { id: string; name: string; slug: string; short_name: string | null; established_year: number | null; vision: string | null; mission: string | null; academic_excellence: string | null; ... 6 more ...; updated_at: string; }; Insert: Omit<...>; Update: Partial<...>; }; department_settin...' is not assignable to type '"public"'.
src/features/hostel/services/index.ts(78,39): error TS2345: Argument of type 'SupabaseClient<Database, "public", { Tables: { departments: { Row: { id: string; name: string; slug: string; short_name: string | null; established_year: number | null; vision: string | null; ... 8 more ...; updated_at: string; }; Insert: Omit<...>; Update: Partial<...>; }; department_settings: { ...; }; content_ite...' is not assignable to parameter of type 'SupabaseClient<any, "public", "public", any, any>'.
  Type '{ Tables: { departments: { Row: { id: string; name: string; slug: string; short_name: string | null; established_year: number | null; vision: string | null; mission: string | null; academic_excellence: string | null; ... 6 more ...; updated_at: string; }; Insert: Omit<...>; Update: Partial<...>; }; department_settin...' is not assignable to type '"public"'.
src/features/hostel/services/index.ts(87,39): error TS2345: Argument of type 'SupabaseClient<Database, "public", { Tables: { departments: { Row: { id: string; name: string; slug: string; short_name: string | null; established_year: number | null; vision: string | null; ... 8 more ...; updated_at: string; }; Insert: Omit<...>; Update: Partial<...>; }; department_settings: { ...; }; content_ite...' is not assignable to parameter of type 'SupabaseClient<any, "public", "public", any, any>'.
  Type '{ Tables: { departments: { Row: { id: string; name: string; slug: string; short_name: string | null; established_year: number | null; vision: string | null; mission: string | null; academic_excellence: string | null; ... 6 more ...; updated_at: string; }; Insert: Omit<...>; Update: Partial<...>; }; department_settin...' is not assignable to type '"public"'.
src/features/hostel/services/index.ts(113,39): error TS2345: Argument of type 'SupabaseClient<Database, "public", { Tables: { departments: { Row: { id: string; name: string; slug: string; short_name: string | null; established_year: number | null; vision: string | null; ... 8 more ...; updated_at: string; }; Insert: Omit<...>; Update: Partial<...>; }; department_settings: { ...; }; content_ite...' is not assignable to parameter of type 'SupabaseClient<any, "public", "public", any, any>'.
  Type '{ Tables: { departments: { Row: { id: string; name: string; slug: string; short_name: string | null; established_year: number | null; vision: string | null; mission: string | null; academic_excellence: string | null; ... 6 more ...; updated_at: string; }; Insert: Omit<...>; Update: Partial<...>; }; department_settin...' is not assignable to type '"public"'.
src/features/hostel/services/index.ts(135,45): error TS2345: Argument of type 'SupabaseClient<Database, "public", { Tables: { departments: { Row: { id: string; name: string; slug: string; short_name: string | null; established_year: number | null; vision: string | null; ... 8 more ...; updated_at: string; }; Insert: Omit<...>; Update: Partial<...>; }; department_settings: { ...; }; content_ite...' is not assignable to parameter of type 'SupabaseClient<any, "public", "public", any, any>'.
  Type '{ Tables: { departments: { Row: { id: string; name: string; slug: string; short_name: string | null; established_year: number | null; vision: string | null; mission: string | null; academic_excellence: string | null; ... 6 more ...; updated_at: string; }; Insert: Omit<...>; Update: Partial<...>; }; department_settin...' is not assignable to type '"public"'.
src/features/hostel/services/index.ts(136,51): error TS2345: Argument of type 'SupabaseClient<Database, "public", { Tables: { departments: { Row: { id: string; name: string; slug: string; short_name: string | null; established_year: number | null; vision: string | null; ... 8 more ...; updated_at: string; }; Insert: Omit<...>; Update: Partial<...>; }; department_settings: { ...; }; content_ite...' is not assignable to parameter of type 'SupabaseClient<any, "public", "public", any, any>'.
  Type '{ Tables: { departments: { Row: { id: string; name: string; slug: string; short_name: string | null; established_year: number | null; vision: string | null; mission: string | null; academic_excellence: string | null; ... 6 more ...; updated_at: string; }; Insert: Omit<...>; Update: Partial<...>; }; department_settin...' is not assignable to type '"public"'.
src/features/hostel/services/index.ts(169,45): error TS2345: Argument of type 'SupabaseClient<Database, "public", { Tables: { departments: { Row: { id: string; name: string; slug: string; short_name: string | null; established_year: number | null; vision: string | null; ... 8 more ...; updated_at: string; }; Insert: Omit<...>; Update: Partial<...>; }; department_settings: { ...; }; content_ite...' is not assignable to parameter of type 'SupabaseClient<any, "public", "public", any, any>'.
  Type '{ Tables: { departments: { Row: { id: string; name: string; slug: string; short_name: string | null; established_year: number | null; vision: string | null; mission: string | null; academic_excellence: string | null; ... 6 more ...; updated_at: string; }; Insert: Omit<...>; Update: Partial<...>; }; department_settin...' is not assignable to type '"public"'.
src/features/hostel/services/index.ts(170,45): error TS2345: Argument of type 'SupabaseClient<Database, "public", { Tables: { departments: { Row: { id: string; name: string; slug: string; short_name: string | null; established_year: number | null; vision: string | null; ... 8 more ...; updated_at: string; }; Insert: Omit<...>; Update: Partial<...>; }; department_settings: { ...; }; content_ite...' is not assignable to parameter of type 'SupabaseClient<any, "public", "public", any, any>'.
  Type '{ Tables: { departments: { Row: { id: string; name: string; slug: string; short_name: string | null; established_year: number | null; vision: string | null; mission: string | null; academic_excellence: string | null; ... 6 more ...; updated_at: string; }; Insert: Omit<...>; Update: Partial<...>; }; department_settin...' is not assignable to type '"public"'.
src/features/hostel/services/index.ts(216,45): error TS2345: Argument of type 'SupabaseClient<Database, "public", { Tables: { departments: { Row: { id: string; name: string; slug: string; short_name: string | null; established_year: number | null; vision: string | null; ... 8 more ...; updated_at: string; }; Insert: Omit<...>; Update: Partial<...>; }; department_settings: { ...; }; content_ite...' is not assignable to parameter of type 'SupabaseClient<any, "public", "public", any, any>'.
  Type '{ Tables: { departments: { Row: { id: string; name: string; slug: string; short_name: string | null; established_year: number | null; vision: string | null; mission: string | null; academic_excellence: string | null; ... 6 more ...; updated_at: string; }; Insert: Omit<...>; Update: Partial<...>; }; department_settin...' is not assignable to type '"public"'.
src/features/hostel/services/index.ts(217,55): error TS2345: Argument of type 'SupabaseClient<Database, "public", { Tables: { departments: { Row: { id: string; name: string; slug: string; short_name: string | null; established_year: number | null; vision: string | null; ... 8 more ...; updated_at: string; }; Insert: Omit<...>; Update: Partial<...>; }; department_settings: { ...; }; content_ite...' is not assignable to parameter of type 'SupabaseClient<any, "public", "public", any, any>'.
  Type '{ Tables: { departments: { Row: { id: string; name: string; slug: string; short_name: string | null; established_year: number | null; vision: string | null; mission: string | null; academic_excellence: string | null; ... 6 more ...; updated_at: string; }; Insert: Omit<...>; Update: Partial<...>; }; department_settin...' is not assignable to type '"public"'.
src/features/hostel/services/index.ts(256,47): error TS2345: Argument of type 'SupabaseClient<Database, "public", { Tables: { departments: { Row: { id: string; name: string; slug: string; short_name: string | null; established_year: number | null; vision: string | null; ... 8 more ...; updated_at: string; }; Insert: Omit<...>; Update: Partial<...>; }; department_settings: { ...; }; content_ite...' is not assignable to parameter of type 'SupabaseClient<any, "public", "public", any, any>'.
  Type '{ Tables: { departments: { Row: { id: string; name: string; slug: string; short_name: string | null; established_year: number | null; vision: string | null; mission: string | null; academic_excellence: string | null; ... 6 more ...; updated_at: string; }; Insert: Omit<...>; Update: Partial<...>; }; department_settin...' is not assignable to type '"public"'.
src/features/organization/services/index.ts(54,45): error TS2345: Argument of type 'SupabaseClient<Database, "public", { Tables: { departments: { Row: { id: string; name: string; slug: string; short_name: string | null; established_year: number | null; vision: string | null; ... 8 more ...; updated_at: string; }; Insert: Omit<...>; Update: Partial<...>; }; department_settings: { ...; }; content_ite...' is not assignable to parameter of type 'SupabaseClient<any, "public", "public", any, any>'.
  Type '{ Tables: { departments: { Row: { id: string; name: string; slug: string; short_name: string | null; established_year: number | null; vision: string | null; mission: string | null; academic_excellence: string | null; ... 6 more ...; updated_at: string; }; Insert: Omit<...>; Update: Partial<...>; }; department_settin...' is not assignable to type '"public"'.
src/features/organization/services/index.ts(67,45): error TS2345: Argument of type 'SupabaseClient<Database, "public", { Tables: { departments: { Row: { id: string; name: string; slug: string; short_name: string | null; established_year: number | null; vision: string | null; ... 8 more ...; updated_at: string; }; Insert: Omit<...>; Update: Partial<...>; }; department_settings: { ...; }; content_ite...' is not assignable to parameter of type 'SupabaseClient<any, "public", "public", any, any>'.
  Type '{ Tables: { departments: { Row: { id: string; name: string; slug: string; short_name: string | null; established_year: number | null; vision: string | null; mission: string | null; academic_excellence: string | null; ... 6 more ...; updated_at: string; }; Insert: Omit<...>; Update: Partial<...>; }; department_settin...' is not assignable to type '"public"'.
src/features/organization/services/index.ts(73,45): error TS2345: Argument of type 'SupabaseClient<Database, "public", { Tables: { departments: { Row: { id: string; name: string; slug: string; short_name: string | null; established_year: number | null; vision: string | null; ... 8 more ...; updated_at: string; }; Insert: Omit<...>; Update: Partial<...>; }; department_settings: { ...; }; content_ite...' is not assignable to parameter of type 'SupabaseClient<any, "public", "public", any, any>'.
  Type '{ Tables: { departments: { Row: { id: string; name: string; slug: string; short_name: string | null; established_year: number | null; vision: string | null; mission: string | null; academic_excellence: string | null; ... 6 more ...; updated_at: string; }; Insert: Omit<...>; Update: Partial<...>; }; department_settin...' is not assignable to type '"public"'.
src/features/organization/services/index.ts(88,45): error TS2345: Argument of type 'SupabaseClient<Database, "public", { Tables: { departments: { Row: { id: string; name: string; slug: string; short_name: string | null; established_year: number | null; vision: string | null; ... 8 more ...; updated_at: string; }; Insert: Omit<...>; Update: Partial<...>; }; department_settings: { ...; }; content_ite...' is not assignable to parameter of type 'SupabaseClient<any, "public", "public", any, any>'.
  Type '{ Tables: { departments: { Row: { id: string; name: string; slug: string; short_name: string | null; established_year: number | null; vision: string | null; mission: string | null; academic_excellence: string | null; ... 6 more ...; updated_at: string; }; Insert: Omit<...>; Update: Partial<...>; }; department_settin...' is not assignable to type '"public"'.
src/features/organization/services/index.ts(106,51): error TS2345: Argument of type 'SupabaseClient<Database, "public", { Tables: { departments: { Row: { id: string; name: string; slug: string; short_name: string | null; established_year: number | null; vision: string | null; ... 8 more ...; updated_at: string; }; Insert: Omit<...>; Update: Partial<...>; }; department_settings: { ...; }; content_ite...' is not assignable to parameter of type 'SupabaseClient<any, "public", "public", any, any>'.
  Type '{ Tables: { departments: { Row: { id: string; name: string; slug: string; short_name: string | null; established_year: number | null; vision: string | null; mission: string | null; academic_excellence: string | null; ... 6 more ...; updated_at: string; }; Insert: Omit<...>; Update: Partial<...>; }; department_settin...' is not assignable to type '"public"'.
src/features/organization/services/index.ts(123,51): error TS2345: Argument of type 'SupabaseClient<Database, "public", { Tables: { departments: { Row: { id: string; name: string; slug: string; short_name: string | null; established_year: number | null; vision: string | null; ... 8 more ...; updated_at: string; }; Insert: Omit<...>; Update: Partial<...>; }; department_settings: { ...; }; content_ite...' is not assignable to parameter of type 'SupabaseClient<any, "public", "public", any, any>'.
  Type '{ Tables: { departments: { Row: { id: string; name: string; slug: string; short_name: string | null; established_year: number | null; vision: string | null; mission: string | null; academic_excellence: string | null; ... 6 more ...; updated_at: string; }; Insert: Omit<...>; Update: Partial<...>; }; department_settin...' is not assignable to type '"public"'.
src/features/organization/services/index.ts(135,51): error TS2345: Argument of type 'SupabaseClient<Database, "public", { Tables: { departments: { Row: { id: string; name: string; slug: string; short_name: string | null; established_year: number | null; vision: string | null; ... 8 more ...; updated_at: string; }; Insert: Omit<...>; Update: Partial<...>; }; department_settings: { ...; }; content_ite...' is not assignable to parameter of type 'SupabaseClient<any, "public", "public", any, any>'.
  Type '{ Tables: { departments: { Row: { id: string; name: string; slug: string; short_name: string | null; established_year: number | null; vision: string | null; mission: string | null; academic_excellence: string | null; ... 6 more ...; updated_at: string; }; Insert: Omit<...>; Update: Partial<...>; }; department_settin...' is not assignable to type '"public"'.
src/features/organization/services/index.ts(164,51): error TS2345: Argument of type 'SupabaseClient<Database, "public", { Tables: { departments: { Row: { id: string; name: string; slug: string; short_name: string | null; established_year: number | null; vision: string | null; ... 8 more ...; updated_at: string; }; Insert: Omit<...>; Update: Partial<...>; }; department_settings: { ...; }; content_ite...' is not assignable to parameter of type 'SupabaseClient<any, "public", "public", any, any>'.
  Type '{ Tables: { departments: { Row: { id: string; name: string; slug: string; short_name: string | null; established_year: number | null; vision: string | null; mission: string | null; academic_excellence: string | null; ... 6 more ...; updated_at: string; }; Insert: Omit<...>; Update: Partial<...>; }; department_settin...' is not assignable to type '"public"'.
src/features/organization/services/index.ts(176,52): error TS2345: Argument of type 'SupabaseClient<Database, "public", { Tables: { departments: { Row: { id: string; name: string; slug: string; short_name: string | null; established_year: number | null; vision: string | null; ... 8 more ...; updated_at: string; }; Insert: Omit<...>; Update: Partial<...>; }; department_settings: { ...; }; content_ite...' is not assignable to parameter of type 'SupabaseClient<any, "public", "public", any, any>'.
  Type '{ Tables: { departments: { Row: { id: string; name: string; slug: string; short_name: string | null; established_year: number | null; vision: string | null; mission: string | null; academic_excellence: string | null; ... 6 more ...; updated_at: string; }; Insert: Omit<...>; Update: Partial<...>; }; department_settin...' is not assignable to type '"public"'.
src/features/organization/services/index.ts(191,52): error TS2345: Argument of type 'SupabaseClient<Database, "public", { Tables: { departments: { Row: { id: string; name: string; slug: string; short_name: string | null; established_year: number | null; vision: string | null; ... 8 more ...; updated_at: string; }; Insert: Omit<...>; Update: Partial<...>; }; department_settings: { ...; }; content_ite...' is not assignable to parameter of type 'SupabaseClient<any, "public", "public", any, any>'.
  Type '{ Tables: { departments: { Row: { id: string; name: string; slug: string; short_name: string | null; established_year: number | null; vision: string | null; mission: string | null; academic_excellence: string | null; ... 6 more ...; updated_at: string; }; Insert: Omit<...>; Update: Partial<...>; }; department_settin...' is not assignable to type '"public"'.
src/features/profile/services/profile-certificate.service.ts(17,40): error TS2345: Argument of type 'SupabaseClient<Database, "public", { Tables: { departments: { Row: { id: string; name: string; slug: string; short_name: string | null; established_year: number | null; vision: string | null; ... 8 more ...; updated_at: string; }; Insert: Omit<...>; Update: Partial<...>; }; department_settings: { ...; }; content_ite...' is not assignable to parameter of type 'SupabaseClient<any, "public", "public", any, any>'.
  Type '{ Tables: { departments: { Row: { id: string; name: string; slug: string; short_name: string | null; established_year: number | null; vision: string | null; mission: string | null; academic_excellence: string | null; ... 6 more ...; updated_at: string; }; Insert: Omit<...>; Update: Partial<...>; }; department_settin...' is not assignable to type '"public"'.
src/features/profile/services/profile-certificate.service.ts(72,40): error TS2345: Argument of type 'SupabaseClient<Database, "public", { Tables: { departments: { Row: { id: string; name: string; slug: string; short_name: string | null; established_year: number | null; vision: string | null; ... 8 more ...; updated_at: string; }; Insert: Omit<...>; Update: Partial<...>; }; department_settings: { ...; }; content_ite...' is not assignable to parameter of type 'SupabaseClient<any, "public", "public", any, any>'.
  Type '{ Tables: { departments: { Row: { id: string; name: string; slug: string; short_name: string | null; established_year: number | null; vision: string | null; mission: string | null; academic_excellence: string | null; ... 6 more ...; updated_at: string; }; Insert: Omit<...>; Update: Partial<...>; }; department_settin...' is not assignable to type '"public"'.
src/features/profile/services/profile-claim.service.ts(21,40): error TS2345: Argument of type 'SupabaseClient<Database, "public", { Tables: { departments: { Row: { id: string; name: string; slug: string; short_name: string | null; established_year: number | null; vision: string | null; ... 8 more ...; updated_at: string; }; Insert: Omit<...>; Update: Partial<...>; }; department_settings: { ...; }; content_ite...' is not assignable to parameter of type 'SupabaseClient<any, "public", "public", any, any>'.
  Type '{ Tables: { departments: { Row: { id: string; name: string; slug: string; short_name: string | null; established_year: number | null; vision: string | null; mission: string | null; academic_excellence: string | null; ... 6 more ...; updated_at: string; }; Insert: Omit<...>; Update: Partial<...>; }; department_settin...' is not assignable to type '"public"'.
src/features/profile/services/profile-claim.service.ts(50,40): error TS2345: Argument of type 'SupabaseClient<Database, "public", { Tables: { departments: { Row: { id: string; name: string; slug: string; short_name: string | null; established_year: number | null; vision: string | null; ... 8 more ...; updated_at: string; }; Insert: Omit<...>; Update: Partial<...>; }; department_settings: { ...; }; content_ite...' is not assignable to parameter of type 'SupabaseClient<any, "public", "public", any, any>'.
  Type '{ Tables: { departments: { Row: { id: string; name: string; slug: string; short_name: string | null; established_year: number | null; vision: string | null; mission: string | null; academic_excellence: string | null; ... 6 more ...; updated_at: string; }; Insert: Omit<...>; Update: Partial<...>; }; department_settin...' is not assignable to type '"public"'.
src/features/profile/services/profile-claim.service.ts(57,60): error TS2345: Argument of type 'SupabaseClient<Database, "public", { Tables: { departments: { Row: { id: string; name: string; slug: string; short_name: string | null; established_year: number | null; vision: string | null; ... 8 more ...; updated_at: string; }; Insert: Omit<...>; Update: Partial<...>; }; department_settings: { ...; }; content_ite...' is not assignable to parameter of type 'SupabaseClient<any, "public", "public", any, any>'.
  Type '{ Tables: { departments: { Row: { id: string; name: string; slug: string; short_name: string | null; established_year: number | null; vision: string | null; mission: string | null; academic_excellence: string | null; ... 6 more ...; updated_at: string; }; Insert: Omit<...>; Update: Partial<...>; }; department_settin...' is not assignable to type '"public"'.
src/features/profile/services/profile-gallery.service.ts(23,40): error TS2345: Argument of type 'SupabaseClient<Database, "public", { Tables: { departments: { Row: { id: string; name: string; slug: string; short_name: string | null; established_year: number | null; vision: string | null; ... 8 more ...; updated_at: string; }; Insert: Omit<...>; Update: Partial<...>; }; department_settings: { ...; }; content_ite...' is not assignable to parameter of type 'SupabaseClient<any, "public", "public", any, any>'.
  Type '{ Tables: { departments: { Row: { id: string; name: string; slug: string; short_name: string | null; established_year: number | null; vision: string | null; mission: string | null; academic_excellence: string | null; ... 6 more ...; updated_at: string; }; Insert: Omit<...>; Update: Partial<...>; }; department_settin...' is not assignable to type '"public"'.
src/features/profile/services/profile-gallery.service.ts(35,37): error TS2345: Argument of type 'SupabaseClient<Database, "public", { Tables: { departments: { Row: { id: string; name: string; slug: string; short_name: string | null; established_year: number | null; vision: string | null; ... 8 more ...; updated_at: string; }; Insert: Omit<...>; Update: Partial<...>; }; department_settings: { ...; }; content_ite...' is not assignable to parameter of type 'SupabaseClient<any, "public", "public", any, any>'.
  Type '{ Tables: { departments: { Row: { id: string; name: string; slug: string; short_name: string | null; established_year: number | null; vision: string | null; mission: string | null; academic_excellence: string | null; ... 6 more ...; updated_at: string; }; Insert: Omit<...>; Update: Partial<...>; }; department_settin...' is not assignable to type '"public"'.
src/features/profile/services/profile-gallery.service.ts(43,40): error TS2345: Argument of type 'SupabaseClient<Database, "public", { Tables: { departments: { Row: { id: string; name: string; slug: string; short_name: string | null; established_year: number | null; vision: string | null; ... 8 more ...; updated_at: string; }; Insert: Omit<...>; Update: Partial<...>; }; department_settings: { ...; }; content_ite...' is not assignable to parameter of type 'SupabaseClient<any, "public", "public", any, any>'.
  Type '{ Tables: { departments: { Row: { id: string; name: string; slug: string; short_name: string | null; established_year: number | null; vision: string | null; mission: string | null; academic_excellence: string | null; ... 6 more ...; updated_at: string; }; Insert: Omit<...>; Update: Partial<...>; }; department_settin...' is not assignable to type '"public"'.
src/features/profile/services/profile-gallery.service.ts(63,31): error TS2345: Argument of type 'SupabaseClient<Database, "public", { Tables: { departments: { Row: { id: string; name: string; slug: string; short_name: string | null; established_year: number | null; vision: string | null; ... 8 more ...; updated_at: string; }; Insert: Omit<...>; Update: Partial<...>; }; department_settings: { ...; }; content_ite...' is not assignable to parameter of type 'SupabaseClient<any, "public", "public", any, any>'.
  Type '{ Tables: { departments: { Row: { id: string; name: string; slug: string; short_name: string | null; established_year: number | null; vision: string | null; mission: string | null; academic_excellence: string | null; ... 6 more ...; updated_at: string; }; Insert: Omit<...>; Update: Partial<...>; }; department_settin...' is not assignable to type '"public"'.
src/features/profile/services/profile-privacy.service.ts(19,40): error TS2345: Argument of type 'SupabaseClient<Database, "public", { Tables: { departments: { Row: { id: string; name: string; slug: string; short_name: string | null; established_year: number | null; vision: string | null; ... 8 more ...; updated_at: string; }; Insert: Omit<...>; Update: Partial<...>; }; department_settings: { ...; }; content_ite...' is not assignable to parameter of type 'SupabaseClient<any, "public", "public", any, any>'.
  Type '{ Tables: { departments: { Row: { id: string; name: string; slug: string; short_name: string | null; established_year: number | null; vision: string | null; mission: string | null; academic_excellence: string | null; ... 6 more ...; updated_at: string; }; Insert: Omit<...>; Update: Partial<...>; }; department_settin...' is not assignable to type '"public"'.
src/features/profile/services/profile.service.ts(59,40): error TS2345: Argument of type 'SupabaseClient<Database, "public", { Tables: { departments: { Row: { id: string; name: string; slug: string; short_name: string | null; established_year: number | null; vision: string | null; ... 8 more ...; updated_at: string; }; Insert: Omit<...>; Update: Partial<...>; }; department_settings: { ...; }; content_ite...' is not assignable to parameter of type 'SupabaseClient<any, "public", "public", any, any>'.
  Type '{ Tables: { departments: { Row: { id: string; name: string; slug: string; short_name: string | null; established_year: number | null; vision: string | null; mission: string | null; academic_excellence: string | null; ... 6 more ...; updated_at: string; }; Insert: Omit<...>; Update: Partial<...>; }; department_settin...' is not assignable to type '"public"'.
src/features/profile/services/profile.service.ts(91,40): error TS2345: Argument of type 'SupabaseClient<Database, "public", { Tables: { departments: { Row: { id: string; name: string; slug: string; short_name: string | null; established_year: number | null; vision: string | null; ... 8 more ...; updated_at: string; }; Insert: Omit<...>; Update: Partial<...>; }; department_settings: { ...; }; content_ite...' is not assignable to parameter of type 'SupabaseClient<any, "public", "public", any, any>'.
  Type '{ Tables: { departments: { Row: { id: string; name: string; slug: string; short_name: string | null; established_year: number | null; vision: string | null; mission: string | null; academic_excellence: string | null; ... 6 more ...; updated_at: string; }; Insert: Omit<...>; Update: Partial<...>; }; department_settin...' is not assignable to type '"public"'.
src/features/profile/services/profile.service.ts(114,40): error TS2345: Argument of type 'SupabaseClient<Database, "public", { Tables: { departments: { Row: { id: string; name: string; slug: string; short_name: string | null; established_year: number | null; vision: string | null; ... 8 more ...; updated_at: string; }; Insert: Omit<...>; Update: Partial<...>; }; department_settings: { ...; }; content_ite...' is not assignable to parameter of type 'SupabaseClient<any, "public", "public", any, any>'.
  Type '{ Tables: { departments: { Row: { id: string; name: string; slug: string; short_name: string | null; established_year: number | null; vision: string | null; mission: string | null; academic_excellence: string | null; ... 6 more ...; updated_at: string; }; Insert: Omit<...>; Update: Partial<...>; }; department_settin...' is not assignable to type '"public"'.
src/features/profile/services/profile.service.ts(146,40): error TS2345: Argument of type 'SupabaseClient<Database, "public", { Tables: { departments: { Row: { id: string; name: string; slug: string; short_name: string | null; established_year: number | null; vision: string | null; ... 8 more ...; updated_at: string; }; Insert: Omit<...>; Update: Partial<...>; }; department_settings: { ...; }; content_ite...' is not assignable to parameter of type 'SupabaseClient<any, "public", "public", any, any>'.
  Type '{ Tables: { departments: { Row: { id: string; name: string; slug: string; short_name: string | null; established_year: number | null; vision: string | null; mission: string | null; academic_excellence: string | null; ... 6 more ...; updated_at: string; }; Insert: Omit<...>; Update: Partial<...>; }; department_settin...' is not assignable to type '"public"'.
src/features/profile/services/profile.service.ts(246,40): error TS2345: Argument of type 'SupabaseClient<Database, "public", { Tables: { departments: { Row: { id: string; name: string; slug: string; short_name: string | null; established_year: number | null; vision: string | null; ... 8 more ...; updated_at: string; }; Insert: Omit<...>; Update: Partial<...>; }; department_settings: { ...; }; content_ite...' is not assignable to parameter of type 'SupabaseClient<any, "public", "public", any, any>'.
  Type '{ Tables: { departments: { Row: { id: string; name: string; slug: string; short_name: string | null; established_year: number | null; vision: string | null; mission: string | null; academic_excellence: string | null; ... 6 more ...; updated_at: string; }; Insert: Omit<...>; Update: Partial<...>; }; department_settin...' is not assignable to type '"public"'.
src/features/shared/services/content.service.ts(10,42): error TS2345: Argument of type 'SupabaseClient<Database, "public", { Tables: { departments: { Row: { id: string; name: string; slug: string; short_name: string | null; established_year: number | null; vision: string | null; ... 8 more ...; updated_at: string; }; Insert: Omit<...>; Update: Partial<...>; }; department_settings: { ...; }; content_ite...' is not assignable to parameter of type 'SupabaseClient<any, "public", "public", any, any>'.
  Type '{ Tables: { departments: { Row: { id: string; name: string; slug: string; short_name: string | null; established_year: number | null; vision: string | null; mission: string | null; academic_excellence: string | null; ... 6 more ...; updated_at: string; }; Insert: Omit<...>; Update: Partial<...>; }; department_settin...' is not assignable to type '"public"'.
src/features/shared/services/content.service.ts(21,42): error TS2345: Argument of type 'SupabaseClient<Database, "public", { Tables: { departments: { Row: { id: string; name: string; slug: string; short_name: string | null; established_year: number | null; vision: string | null; ... 8 more ...; updated_at: string; }; Insert: Omit<...>; Update: Partial<...>; }; department_settings: { ...; }; content_ite...' is not assignable to parameter of type 'SupabaseClient<any, "public", "public", any, any>'.
  Type '{ Tables: { departments: { Row: { id: string; name: string; slug: string; short_name: string | null; established_year: number | null; vision: string | null; mission: string | null; academic_excellence: string | null; ... 6 more ...; updated_at: string; }; Insert: Omit<...>; Update: Partial<...>; }; department_settin...' is not assignable to type '"public"'.
src/features/shared/services/content.service.ts(32,42): error TS2345: Argument of type 'SupabaseClient<Database, "public", { Tables: { departments: { Row: { id: string; name: string; slug: string; short_name: string | null; established_year: number | null; vision: string | null; ... 8 more ...; updated_at: string; }; Insert: Omit<...>; Update: Partial<...>; }; department_settings: { ...; }; content_ite...' is not assignable to parameter of type 'SupabaseClient<any, "public", "public", any, any>'.
  Type '{ Tables: { departments: { Row: { id: string; name: string; slug: string; short_name: string | null; established_year: number | null; vision: string | null; mission: string | null; academic_excellence: string | null; ... 6 more ...; updated_at: string; }; Insert: Omit<...>; Update: Partial<...>; }; department_settin...' is not assignable to type '"public"'.
src/features/shared/services/content.service.ts(43,42): error TS2345: Argument of type 'SupabaseClient<Database, "public", { Tables: { departments: { Row: { id: string; name: string; slug: string; short_name: string | null; established_year: number | null; vision: string | null; ... 8 more ...; updated_at: string; }; Insert: Omit<...>; Update: Partial<...>; }; department_settings: { ...; }; content_ite...' is not assignable to parameter of type 'SupabaseClient<any, "public", "public", any, any>'.
  Type '{ Tables: { departments: { Row: { id: string; name: string; slug: string; short_name: string | null; established_year: number | null; vision: string | null; mission: string | null; academic_excellence: string | null; ... 6 more ...; updated_at: string; }; Insert: Omit<...>; Update: Partial<...>; }; department_settin...' is not assignable to type '"public"'.
src/hooks/department/use-autosave.ts(15,22): error TS2554: Expected 1 arguments, but got 0.
src/hooks/department/use-table-state.ts(8,8): error TS2307: Cannot find module '@tanstack/react-table' or its corresponding type declarations.
src/hooks/student/use-notifications.ts(32,35): error TS2339: Property 'data' does not exist on type 'never'.
src/hooks/student/use-notifications.ts(48,24): error TS1345: An expression of type 'void' cannot be tested for truthiness.
src/hooks/student/use-verification-status.ts(23,49): error TS2339: Property 'status' does not exist on type 'never'.
src/lib/authorization.ts(64,31): error TS2339: Property 'id' does not exist on type 'never'.
src/lib/authorization.ts(70,50): error TS2339: Property 'profile_type' does not exist on type 'never'.
src/lib/authorization.ts(71,58): error TS2339: Property 'profile_type' does not exist on type 'never'.
src/lib/authorization.ts(76,24): error TS2339: Property 'id' does not exist on type 'never'.
src/lib/authorization/profile-review.ts(84,22): error TS2339: Property 'id' does not exist on type 'never'.
src/lib/authorization/profile-review.ts(92,38): error TS2339: Property 'id' does not exist on type 'never'.
src/lib/authorization/profile-review.ts(97,76): error TS2339: Property 'profile_type' does not exist on type 'never'.
src/lib/authorization/profile-review.ts(98,81): error TS2339: Property 'profile_type' does not exist on type 'never'.
src/lib/authorization/profile-review.ts(177,30): error TS2339: Property 'department_id' does not exist on type 'never'.
src/lib/authorization/profile-review.ts(182,40): error TS2339: Property 'department_id' does not exist on type 'never'.
src/lib/permissions.ts(14,5): error TS2345: Argument of type '{ p_dept_id: string; p_permission_code: string; }' is not assignable to parameter of type 'undefined'.
src/lib/supabase/middleware.ts(19,16): error TS7006: Parameter 'cookiesToSet' implicitly has an 'any' type.
src/lib/supabase/middleware.ts(20,35): error TS7031: Binding element 'name' implicitly has an 'any' type.
src/lib/supabase/middleware.ts(20,41): error TS7031: Binding element 'value' implicitly has an 'any' type.
src/lib/supabase/middleware.ts(20,48): error TS7031: Binding element 'options' implicitly has an 'any' type.
src/lib/supabase/middleware.ts(26,35): error TS7031: Binding element 'name' implicitly has an 'any' type.
src/lib/supabase/middleware.ts(26,41): error TS7031: Binding element 'value' implicitly has an 'any' type.
src/lib/supabase/middleware.ts(26,48): error TS7031: Binding element 'options' implicitly has an 'any' type.
src/lib/supabase/server.ts(17,16): error TS7006: Parameter 'cookiesToSet' implicitly has an 'any' type.
src/lib/supabase/server.ts(19,37): error TS7031: Binding element 'name' implicitly has an 'any' type.
src/lib/supabase/server.ts(19,43): error TS7031: Binding element 'value' implicitly has an 'any' type.
src/lib/supabase/server.ts(19,50): error TS7031: Binding element 'options' implicitly has an 'any' type.
src/repositories/base.repository.ts(20,35): error TS2589: Type instantiation is excessively deep and possibly infinite.
src/repositories/base.repository.ts(37,42): error TS2589: Type instantiation is excessively deep and possibly infinite.
src/repositories/base.repository.ts(47,35): error TS2352: Conversion of type 'ResultOne[]' to type 'T[]' may be a mistake because neither type sufficiently overlaps with the other. If this was intentional, convert the expression to 'unknown' first.
  Type 'ResultOne' is not comparable to type 'T'.
    'T' could be instantiated with an arbitrary type which could be unrelated to 'ResultOne'.
src/repositories/base.repository.ts(51,44): error TS2589: Type instantiation is excessively deep and possibly infinite.
src/repositories/base.repository.ts(61,12): error TS2352: Conversion of type 'NewResultOne' to type 'T' may be a mistake because neither type sufficiently overlaps with the other. If this was intentional, convert the expression to 'unknown' first.
  'T' could be instantiated with an arbitrary type which could be unrelated to 'NewResultOne'.
src/repositories/base.repository.ts(65,44): error TS2589: Type instantiation is excessively deep and possibly infinite.
src/repositories/department/department.repository.ts(9,13): error TS2416: Property 'tableName' in type 'DepartmentRepository' is not assignable to the same property in base type 'BaseRepository<{ id: string; name: string; slug: string; short_name: string | null; established_year: number | null; vision: string | null; mission: string | null; academic_excellence: string | null; ... 6 more ...; updated_at: string; }>'.
  Type '"departments" | "content_items" | "department_settings"' is not assignable to type '"academic_sessions" | "achievement_categories" | "achievement_documents" | "achievements" | "media_files" | "profiles" | "achievement_recipients" | "admin_announcements" | ... 90 more ... | "verification_requests"'.
    Type '"department_settings"' is not assignable to type '"academic_sessions" | "achievement_categories" | "achievement_documents" | "achievements" | "media_files" | "profiles" | "achievement_recipients" | "admin_announcements" | ... 90 more ... | "verification_requests"'.
src/repositories/department/department.repository.ts(13,12): error TS2345: Argument of type '"get_department_public_page"' is not assignable to parameter of type '"calculate_competition_rankings" | "finalize_and_publish_competition_results" | "get_category_winners_archive" | "get_competition_leaderboard" | "get_competition_winners_gallery" | ... 12 more ... | "validate_finite_numeric"'.
src/repositories/department/department.repository.ts(37,12): error TS2352: Conversion of type '(SelectQueryError<"Invalid Relationships cannot infer result type"> | SelectQueryError<"Invalid RelationName cannot infer result type">)[]' to type '{ id: string; name: string; slug: string; short_name: string | null; established_year: number | null; vision: string | null; mission: string | null; academic_excellence: string | null; ... 6 more ...; students_count: number; }[]' may be a mistake because neither type sufficiently overlaps with the other. If this was intentional, convert the expression to 'unknown' first.
  Type 'SelectQueryError<"Invalid Relationships cannot infer result type"> | SelectQueryError<"Invalid RelationName cannot infer result type">' is not comparable to type '{ id: string; name: string; slug: string; short_name: string | null; established_year: number | null; vision: string | null; mission: string | null; academic_excellence: string | null; ... 6 more ...; students_count: number; }'.
    Type '{ error: true; } & String' is missing the following properties from type '{ id: string; name: string; slug: string; short_name: string | null; established_year: number | null; vision: string | null; mission: string | null; academic_excellence: string | null; ... 6 more ...; students_count: number; }': id, name, slug, short_name, and 11 more.
src/services/department/achievement.service.ts(49,71): error TS2353: Object literal may only specify known properties, and 'status' does not exist in type 'Partial<{ achievement_date: string | null; category_id: string; certificate_media_id: string | null; created_at: string; created_by: string | null; deleted_at: string | null; description: string | null; ... 10 more ...; updated_at: string; }>'.
src/services/department/program.service.ts(38,63): error TS2322: Type 'string' is not assignable to type 'boolean | undefined'.
src/services/student/profile.service.ts(33,5): error TS2739: Type '{ auth_user_id: string | null; batch_year: string | null; bio: string | null; cover_media_id: string | null; created_at: string; created_by: string | null; date_of_birth: string | null; ... 20 more ...; username: string | null; }' is missing the following properties from type 'Profile': authUserId, firstName, lastName, createdAt, updatedAt
src/services/student/profile.service.ts(81,5): error TS2739: Type '{ auth_user_id: string | null; batch_year: string | null; bio: string | null; cover_media_id: string | null; created_at: string; created_by: string | null; date_of_birth: string | null; ... 20 more ...; username: string | null; }' is missing the following properties from type 'Profile': authUserId, firstName, lastName, createdAt, updatedAt
src/services/student/profile.service.ts(85,5): error TS2739: Type '{ auth_user_id: string | null; batch_year: string | null; bio: string | null; cover_media_id: string | null; created_at: string; created_by: string | null; date_of_birth: string | null; ... 20 more ...; username: string | null; }' is missing the following properties from type 'Profile': authUserId, firstName, lastName, createdAt, updatedAt
src/services/student/profile.service.ts(85,55): error TS2353: Object literal may only specify known properties, and 'socialLinks' does not exist in type 'Partial<{ auth_user_id: string | null; batch_year: string | null; bio: string | null; cover_media_id: string | null; created_at: string; created_by: string | null; date_of_birth: string | null; ... 20 more ...; username: string | null; }>'.
